Component: ARM Compiler 5.06 update 5 (build 528) Tool: armlink [4d35e2]

==============================================================================

Section Cross References

    startup_stm32f103xb.o(STACK) refers (Special) to heapauxi.o(.text) for __use_two_region_memory
    startup_stm32f103xb.o(HEAP) refers (Special) to heapauxi.o(.text) for __use_two_region_memory
    startup_stm32f103xb.o(RESET) refers (Special) to heapauxi.o(.text) for __use_two_region_memory
    startup_stm32f103xb.o(RESET) refers to startup_stm32f103xb.o(STACK) for __initial_sp
    startup_stm32f103xb.o(RESET) refers to startup_stm32f103xb.o(.text) for Reset_Handler
    startup_stm32f103xb.o(RESET) refers to stm32f1xx_it.o(i.NMI_Handler) for NMI_Handler
    startup_stm32f103xb.o(RESET) refers to stm32f1xx_it.o(i.HardFault_Handler) for HardFault_Handler
    startup_stm32f103xb.o(RESET) refers to stm32f1xx_it.o(i.MemManage_Handler) for MemManage_Handler
    startup_stm32f103xb.o(RESET) refers to stm32f1xx_it.o(i.BusFault_Handler) for BusFault_Handler
    startup_stm32f103xb.o(RESET) refers to stm32f1xx_it.o(i.UsageFault_Handler) for UsageFault_Handler
    startup_stm32f103xb.o(RESET) refers to port.o(.emb_text) for SVC_Handler
    startup_stm32f103xb.o(RESET) refers to stm32f1xx_it.o(i.DebugMon_Handler) for DebugMon_Handler
    startup_stm32f103xb.o(RESET) refers to cmsis_os2.o(i.SysTick_Handler) for SysTick_Handler
    startup_stm32f103xb.o(RESET) refers to stm32f1xx_it.o(i.DMA1_Channel1_IRQHandler) for DMA1_Channel1_IRQHandler
    startup_stm32f103xb.o(RESET) refers to stm32f1xx_it.o(i.DMA1_Channel4_IRQHandler) for DMA1_Channel4_IRQHandler
    startup_stm32f103xb.o(RESET) refers to stm32f1xx_it.o(i.DMA1_Channel5_IRQHandler) for DMA1_Channel5_IRQHandler
    startup_stm32f103xb.o(RESET) refers to stm32f1xx_it.o(i.ADC1_2_IRQHandler) for ADC1_2_IRQHandler
    startup_stm32f103xb.o(RESET) refers to stm32f1xx_it.o(i.TIM1_UP_IRQHandler) for TIM1_UP_IRQHandler
    startup_stm32f103xb.o(RESET) refers to stm32f1xx_it.o(i.TIM4_IRQHandler) for TIM4_IRQHandler
    startup_stm32f103xb.o(RESET) refers to stm32f1xx_it.o(i.USART1_IRQHandler) for USART1_IRQHandler
    startup_stm32f103xb.o(.text) refers (Special) to heapauxi.o(.text) for __use_two_region_memory
    startup_stm32f103xb.o(.text) refers to system_stm32f1xx.o(i.SystemInit) for SystemInit
    startup_stm32f103xb.o(.text) refers to __main.o(!!!main) for __main
    startup_stm32f103xb.o(.text) refers to startup_stm32f103xb.o(HEAP) for Heap_Mem
    startup_stm32f103xb.o(.text) refers to startup_stm32f103xb.o(STACK) for Stack_Mem
    main.o(i.SystemClock_Config) refers to rt_memclr_w.o(.text) for __aeabi_memclr4
    main.o(i.SystemClock_Config) refers to stm32f1xx_hal_rcc.o(i.HAL_RCC_OscConfig) for HAL_RCC_OscConfig
    main.o(i.SystemClock_Config) refers to stm32f1xx_hal_rcc.o(i.HAL_RCC_ClockConfig) for HAL_RCC_ClockConfig
    main.o(i.SystemClock_Config) refers to stm32f1xx_hal_rcc_ex.o(i.HAL_RCCEx_PeriphCLKConfig) for HAL_RCCEx_PeriphCLKConfig
    main.o(i.main) refers to stm32f1xx_hal.o(i.HAL_Init) for HAL_Init
    main.o(i.main) refers to main.o(i.SystemClock_Config) for SystemClock_Config
    main.o(i.main) refers to gpio.o(i.MX_GPIO_Init) for MX_GPIO_Init
    main.o(i.main) refers to dma.o(i.MX_DMA_Init) for MX_DMA_Init
    main.o(i.main) refers to i2c.o(i.MX_I2C1_Init) for MX_I2C1_Init
    main.o(i.main) refers to tim.o(i.MX_TIM2_Init) for MX_TIM2_Init
    main.o(i.main) refers to tim.o(i.MX_TIM3_Init) for MX_TIM3_Init
    main.o(i.main) refers to usart.o(i.MX_USART1_UART_Init) for MX_USART1_UART_Init
    main.o(i.main) refers to tim.o(i.MX_TIM1_Init) for MX_TIM1_Init
    main.o(i.main) refers to adc.o(i.MX_ADC1_Init) for MX_ADC1_Init
    main.o(i.main) refers to cmsis_os2.o(i.osKernelInitialize) for osKernelInitialize
    main.o(i.main) refers to freertos.o(i.MX_FREERTOS_Init) for MX_FREERTOS_Init
    main.o(i.main) refers to cmsis_os2.o(i.osKernelStart) for osKernelStart
    gpio.o(i.MX_GPIO_Init) refers to stm32f1xx_hal_gpio.o(i.HAL_GPIO_WritePin) for HAL_GPIO_WritePin
    gpio.o(i.MX_GPIO_Init) refers to stm32f1xx_hal_gpio.o(i.HAL_GPIO_Init) for HAL_GPIO_Init
    freertos.o(i.Attitude_ud) refers to pid.o(i.PID) for PID
    freertos.o(i.Attitude_ud) refers to pid.o(i.denormalize_PWM) for denormalize_PWM
    freertos.o(i.Attitude_ud) refers to ffix.o(x$fpl$ffix) for __aeabi_f2iz
    freertos.o(i.Attitude_ud) refers to motor.o(i.PWM_SET) for PWM_SET
    freertos.o(i.Attitude_ud) refers to data.o(.data) for flag_Attitude
    freertos.o(i.Attitude_ud) refers to freertos.o(.data) for .data
    freertos.o(i.HAL_TIM_PeriodElapsedCallback) refers to stm32f1xx_hal.o(i.HAL_IncTick) for HAL_IncTick
    freertos.o(i.HAL_TIM_PeriodElapsedCallback) refers to encoder.o(i.Get_Cur_Spead) for Get_Cur_Spead
    freertos.o(i.HAL_TIM_PeriodElapsedCallback) refers to dflt_clz.o(x$fpl$dflt) for __aeabi_i2d
[...]
    _scanf_string                            0x08000471   Thumb Code   224  _scanf_str.o(.text)
    __aeabi_memcpy                           0x08000551   Thumb Code     0  rt_memcpy_v6.o(.text)
    __rt_memcpy                              0x08000551   Thumb Code   138  rt_memcpy_v6.o(.text)
    _memcpy_lastbytes                        0x080005b7   Thumb Code     0  rt_memcpy_v6.o(.text)
    __aeabi_memcpy4                          0x080005db   Thumb Code     0  rt_memcpy_w.o(.text)
    __aeabi_memcpy8                          0x080005db   Thumb Code     0  rt_memcpy_w.o(.text)
    __rt_memcpy_w                            0x080005db   Thumb Code   100  rt_memcpy_w.o(.text)
    _memcpy_lastbytes_aligned                0x08000623   Thumb Code     0  rt_memcpy_w.o(.text)
    __aeabi_memset                           0x0800063f   Thumb Code    16  aeabi_memset.o(.text)
    __aeabi_memclr4                          0x0800064f   Thumb Code     0  rt_memclr_w.o(.text)
    __aeabi_memclr8                          0x0800064f   Thumb Code     0  rt_memclr_w.o(.text)
    __rt_memclr_w                            0x0800064f   Thumb Code    78  rt_memclr_w.o(.text)
    _memset_w                                0x08000653   Thumb Code     0  rt_memclr_w.o(.text)
    strcmp                                   0x0800069d   Thumb Code   128  strcmpv7m.o(.text)
    __use_two_region_memory                  0x0800071d   Thumb Code     2  heapauxi.o(.text)
    __rt_heap_escrow$2region                 0x0800071f   Thumb Code     2  heapauxi.o(.text)
    __rt_heap_expand$2region                 0x08000721   Thumb Code     2  heapauxi.o(.text)
    __lib_sel_fp_printf                      0x08000723   Thumb Code     2  _printf_fp_dec.o(.text)
    _printf_fp_dec_real                      0x080008d5   Thumb Code   620  _printf_fp_dec.o(.text)
    _printf_char_common                      0x08000b4b   Thumb Code    32  _printf_char_common.o(.text)
    _sputc                                   0x08000b71   Thumb Code    10  _sputc.o(.text)
    _scanf_really_real                       0x08000dc9   Thumb Code   684  scanf_fp.o(.text)
    __vfscanf_char                           0x08001081   Thumb Code    24  scanf_char.o(.text)
    _sgetc                                   0x080010a1   Thumb Code    30  _sgetc.o(.text)
    _sbackspace                              0x080010bf   Thumb Code    34  _sgetc.o(.text)
    __aeabi_memclr                           0x080010e1   Thumb Code     0  rt_memclr.o(.text)
    __rt_memclr                              0x080010e1   Thumb Code    68  rt_memclr.o(.text)
    _memset                                  0x080010e5   Thumb Code     0  rt_memclr.o(.text)
    __rt_locale                              0x08001125   Thumb Code     8  rt_locale_intlibspace.o(.text)
    __aeabi_errno_addr                       0x0800112d   Thumb Code     8  rt_errno_addr_intlibspace.o(.text)
    __errno$intlibspace                      0x0800112d   Thumb Code     0  rt_errno_addr_intlibspace.o(.text)
    __rt_errno_addr$intlibspace              0x0800112d   Thumb Code     0  rt_errno_addr_intlibspace.o(.text)
    _ll_udiv10                               0x08001135   Thumb Code   138  lludiv10.o(.text)
    isspace                                  0x080011bf   Thumb Code    18  isspace.o(.text)
    _printf_fp_infnan                        0x080011d1   Thumb Code   112  _printf_fp_infnan.o(.text)
    __vfscanf                                0x08001251   Thumb Code   878  _scanf.o(.text)
    _btod_etento                             0x080015c5   Thumb Code   224  bigflt0.o(.text)
    __user_libspace                          0x080016a9   Thumb Code     8  libspace.o(.text)
    __user_perproc_libspace                  0x080016a9   Thumb Code     0  libspace.o(.text)
    __user_perthread_libspace                0x080016a9   Thumb Code     0  libspace.o(.text)
    __user_setup_stackheap                   0x080016b1   Thumb Code    74  sys_stackheap_outer.o(.text)
    __rt_ctype_table                         0x080016fd   Thumb Code    16  rt_ctype_table.o(.text)
    __read_errno                             0x0800170d   Thumb Code    10  _rserrno.o(.text)
    __set_errno                              0x08001717   Thumb Code    12  _rserrno.o(.text)
    _scanf_really_hex_real                   0x08001725   Thumb Code   786  scanf_hexfp.o(.text)
    _scanf_really_infnan                     0x08001a45   Thumb Code   292  scanf_infnan.o(.text)
    exit                                     0x08001b79   Thumb Code    18  exit.o(.text)
    __aeabi_llsl                             0x08001b8b   Thumb Code     0  llshl.o(.text)
    _ll_shift_l                              0x08001b8b   Thumb Code    38  llshl.o(.text)
    _chval                                   0x08001bb1   Thumb Code    28  _chval.o(.text)
    _sys_exit                                0x08001bcd   Thumb Code     8  sys_exit.o(.text)
    __I$use$semihosting                      0x08001bd9   Thumb Code     0  use_no_semi.o(.text)
    __use_no_semihosting_swi                 0x08001bd9   Thumb Code     2  use_no_semi.o(.text)
    __semihosting_library_function           0x08001bdb   Thumb Code     0  indicate_semi.o(.text)
    _btod_d2e                                0x08001bdb   Thumb Code    62  btod.o(CL$$btod_d2e)
    _d2e_denorm_low                          0x08001c19   Thumb Code    70  btod.o(CL$$btod_d2e_denorm_low)
    _d2e_norm_op1                            0x08001c5f   Thumb Code    96  btod.o(CL$$btod_d2e_norm_op1)
    __btod_div_common                        0x08001cbf   Thumb Code   696  btod.o(CL$$btod_div_common)
    _e2d                                     0x08001ff9   Thumb Code   122  btod.o(CL$$btod_e2d)
    _e2e                                     0x0800207d   Thumb Code   220  btod.o(CL$$btod_e2e)
    _btod_ediv                               0x08002159   Thumb Code    42  btod.o(CL$$btod_ediv)
    _btod_edivd                              0x08002183   Thumb Code    42  btod.o(CL$$btod_edivd)
    _btod_emul                               0x080021ad   Thumb Code    42  btod.o(CL$$btod_emul)
    _btod_emuld                              0x080021d7   Thumb Code    42  btod.o(CL$$btod_emuld)
    __btod_mult_common                       0x08002201   Thumb Code   580  btod.o(CL$$btod_mult_common)
    ADC1_2_IRQHandler                        0x08002445   Thumb Code     6  stm32f1xx_it.o(i.ADC1_2_IRQHandler)
    ADC_ConversionStop_Disable               0x08002451   Thumb Code    86  stm32f1xx_hal_adc.o(i.ADC_ConversionStop_Disable)
    ADC_DMAConvCplt                          0x080024a7   Thumb Code    78  stm32f1xx_hal_adc.o(i.ADC_DMAConvCplt)
    ADC_DMAError                             0x080024f5   Thumb Code    26  stm32f1xx_hal_adc.o(i.ADC_DMAError)
    ADC_DMAHalfConvCplt                      0x0800250f   Thumb Code    10  stm32f1xx_hal_adc.o(i.ADC_DMAHalfConvCplt)
    ADC_Enable                               0x08002519   Thumb Code   114  stm32f1xx_hal_adc.o(i.ADC_Enable)
    Attitude_ud                              0x08002595   Thumb Code    36  freertos.o(i.Attitude_ud)
    BusFault_Handler                         0x080025c1   Thumb Code     2  stm32f1xx_it.o(i.BusFault_Handler)
    DMA1_Channel1_IRQHandler                 0x080025c5   Thumb Code     6  stm32f1xx_it.o(i.DMA1_Channel1_IRQHandler)
    DMA1_Channel4_IRQHandler                 0x080025d1   Thumb Code     6  stm32f1xx_it.o(i.DMA1_Channel4_IRQHandler)
    DMA1_Channel5_IRQHandler                 0x080025dd   Thumb Code     6  stm32f1xx_it.o(i.DMA1_Channel5_IRQHandler)
    DebugMon_Handler                         0x08002613   Thumb Code     2  stm32f1xx_it.o(i.DebugMon_Handler)
    Error_Handler                            0x08002615   Thumb Code     4  main.o(i.Error_Handler)
    Get_Attitude                             0x08002619   Thumb Code    70  attitude.o(i.Get_Attitude)
    Get_Cur_Spead                            0x08002671   Thumb Code    14  encoder.o(i.Get_Cur_Spead)
    HAL_ADCEx_InjectedConvCpltCallback       0x08002685   Thumb Code     2  stm32f1xx_hal_adc_ex.o(i.HAL_ADCEx_InjectedConvCpltCallback)
    HAL_ADC_ConfigChannel                    0x08002689   Thumb Code   240  stm32f1xx_hal_adc.o(i.HAL_ADC_ConfigChannel)
    HAL_ADC_ConvCpltCallback                 0x08002785   Thumb Code     2  stm32f1xx_hal_adc.o(i.HAL_ADC_ConvCpltCallback)
    HAL_ADC_ConvHalfCpltCallback             0x08002787   Thumb Code     2  stm32f1xx_hal_adc.o(i.HAL_ADC_ConvHalfCpltCallback)
    HAL_ADC_ErrorCallback                    0x08002789   Thumb Code     2  stm32f1xx_hal_adc.o(i.HAL_ADC_ErrorCallback)
    HAL_ADC_IRQHandler                       0x0800278b   Thumb Code   220  stm32f1xx_hal_adc.o(i.HAL_ADC_IRQHandler)
    HAL_ADC_Init                             0x08002869   Thumb Code   272  stm32f1xx_hal_adc.o(i.HAL_ADC_Init)
    HAL_ADC_LevelOutOfWindowCallback         0x08002985   Thumb Code     2  stm32f1xx_hal_adc.o(i.HAL_ADC_LevelOutOfWindowCallback)
    HAL_ADC_MspInit                          0x08002989   Thumb Code   138  adc.o(i.HAL_ADC_MspInit)
    HAL_ADC_Start                            0x08002a29   Thumb Code   184  stm32f1xx_hal_adc.o(i.HAL_ADC_Start)
    HAL_ADC_Start_DMA                        0x08002ae9   Thumb Code   246  stm32f1xx_hal_adc.o(i.HAL_ADC_Start_DMA)
    HAL_DMA_Abort                            0x08002bf5   Thumb Code    70  stm32f1xx_hal_dma.o(i.HAL_DMA_Abort)
    HAL_DMA_Abort_IT                         0x08002c3d   Thumb Code   148  stm32f1xx_hal_dma.o(i.HAL_DMA_Abort_IT)
    HAL_DMA_IRQHandler                       0x08002cd5   Thumb Code   316  stm32f1xx_hal_dma.o(i.HAL_DMA_IRQHandler)
    HAL_DMA_Init                             0x08002e29   Thumb Code    84  stm32f1xx_hal_dma.o(i.HAL_DMA_Init)
    HAL_DMA_Start_IT                         0x08002e85   Thumb Code   112  stm32f1xx_hal_dma.o(i.HAL_DMA_Start_IT)
    HAL_Delay                                0x08002ef5   Thumb Code    32  stm32f1xx_hal.o(i.HAL_Delay)
    HAL_GPIO_Init                            0x08002f19   Thumb Code   446  stm32f1xx_hal_gpio.o(i.HAL_GPIO_Init)
    HAL_GPIO_WritePin                        0x080030f9   Thumb Code    10  stm32f1xx_hal_gpio.o(i.HAL_GPIO_WritePin)
    HAL_GetTick                              0x08003105   Thumb Code     6  stm32f1xx_hal.o(i.HAL_GetTick)
    HAL_I2C_Init                             0x08003111   Thumb Code   376  stm32f1xx_hal_i2c.o(i.HAL_I2C_Init)
    HAL_I2C_Mem_Write                        0x08003299   Thumb Code   294  stm32f1xx_hal_i2c.o(i.HAL_I2C_Mem_Write)
    HAL_I2C_MspInit                          0x080033c9   Thumb Code    96  i2c.o(i.HAL_I2C_MspInit)
    HAL_IncTick                              0x08003439   Thumb Code    12  stm32f1xx_hal.o(i.HAL_IncTick)
    HAL_Init                                 0x08003449   Thumb Code    32  stm32f1xx_hal.o(i.HAL_Init)
    HAL_InitTick                             0x0800346d   Thumb Code   132  stm32f1xx_hal_timebase_tim.o(i.HAL_InitTick)
    HAL_MspInit                              0x08003505   Thumb Code    62  stm32f1xx_hal_msp.o(i.HAL_MspInit)
    HAL_NVIC_EnableIRQ                       0x0800354d   Thumb Code    26  stm32f1xx_hal_cortex.o(i.HAL_NVIC_EnableIRQ)
    HAL_NVIC_SetPriority                     0x08003569   Thumb Code    60  stm32f1xx_hal_cortex.o(i.HAL_NVIC_SetPriority)
    HAL_NVIC_SetPriorityGrouping             0x080035a9   Thumb Code    26  stm32f1xx_hal_cortex.o(i.HAL_NVIC_SetPriorityGrouping)
    HAL_RCCEx_PeriphCLKConfig                0x080035cd   Thumb Code   224  stm32f1xx_hal_rcc_ex.o(i.HAL_RCCEx_PeriphCLKConfig)
    HAL_RCC_ClockConfig                      0x080036b9   Thumb Code   280  stm32f1xx_hal_rcc.o(i.HAL_RCC_ClockConfig)
    HAL_RCC_GetClockConfig                   0x080037e5   Thumb Code    54  stm32f1xx_hal_rcc.o(i.HAL_RCC_GetClockConfig)
    HAL_RCC_GetPCLK1Freq                     0x08003825   Thumb Code    20  stm32f1xx_hal_rcc.o(i.HAL_RCC_GetPCLK1Freq)
    HAL_RCC_GetPCLK2Freq                     0x08003845   Thumb Code    20  stm32f1xx_hal_rcc.o(i.HAL_RCC_GetPCLK2Freq)
    HAL_RCC_GetSysClockFreq                  0x08003865   Thumb Code    58  stm32f1xx_hal_rcc.o(i.HAL_RCC_GetSysClockFreq)
    HAL_RCC_OscConfig                        0x080038b1   Thumb Code   778  stm32f1xx_hal_rcc.o(i.HAL_RCC_OscConfig)
    HAL_TIMEx_BreakCallback                  0x08003bd1   Thumb Code     2  stm32f1xx_hal_tim_ex.o(i.HAL_TIMEx_BreakCallback)
    HAL_TIMEx_CommutCallback                 0x08003bd3   Thumb Code     2  stm32f1xx_hal_tim_ex.o(i.HAL_TIMEx_CommutCallback)
    HAL_TIMEx_MasterConfigSynchronization    0x08003bd5   Thumb Code    92  stm32f1xx_hal_tim_ex.o(i.HAL_TIMEx_MasterConfigSynchronization)
    HAL_TIM_Base_Init                        0x08003c3d   Thumb Code    90  stm32f1xx_hal_tim.o(i.HAL_TIM_Base_Init)
    HAL_TIM_Base_MspInit                     0x08003c99   Thumb Code    50  tim.o(i.HAL_TIM_Base_MspInit)
    HAL_TIM_Base_Start_IT                    0x08003cd5   Thumb Code    76  stm32f1xx_hal_tim.o(i.HAL_TIM_Base_Start_IT)
    HAL_TIM_ConfigClockSource                0x08003d2d   Thumb Code   220  stm32f1xx_hal_tim.o(i.HAL_TIM_ConfigClockSource)
    HAL_TIM_Encoder_Init                     0x08003e09   Thumb Code   164  stm32f1xx_hal_tim.o(i.HAL_TIM_Encoder_Init)
    HAL_TIM_Encoder_MspInit                  0x08003ead   Thumb Code    72  tim.o(i.HAL_TIM_Encoder_MspInit)
    HAL_TIM_Encoder_Start                    0x08003f01   Thumb Code   142  stm32f1xx_hal_tim.o(i.HAL_TIM_Encoder_Start)
    HAL_TIM_IC_CaptureCallback               0x08003f8f   Thumb Code     2  stm32f1xx_hal_tim.o(i.HAL_TIM_IC_CaptureCallback)
    HAL_TIM_IRQHandler                       0x08003f91   Thumb Code   304  stm32f1xx_hal_tim.o(i.HAL_TIM_IRQHandler)
    HAL_TIM_MspPostInit                      0x080040c1   Thumb Code    62  tim.o(i.HAL_TIM_MspPostInit)
    HAL_TIM_OC_DelayElapsedCallback          0x08004109   Thumb Code     2  stm32f1xx_hal_tim.o(i.HAL_TIM_OC_DelayElapsedCallback)
    HAL_TIM_PWM_ConfigChannel                0x0800410b   Thumb Code   204  stm32f1xx_hal_tim.o(i.HAL_TIM_PWM_ConfigChannel)
    HAL_TIM_PWM_Init                         0x080041d7   Thumb Code    90  stm32f1xx_hal_tim.o(i.HAL_TIM_PWM_Init)
    HAL_TIM_PWM_MspInit                      0x08004231   Thumb Code    30  tim.o(i.HAL_TIM_PWM_MspInit)
    HAL_TIM_PWM_PulseFinishedCallback        0x08004255   Thumb Code     2  stm32f1xx_hal_tim.o(i.HAL_TIM_PWM_PulseFinishedCallback)
    HAL_TIM_PWM_Start                        0x08004259   Thumb Code   144  stm32f1xx_hal_tim.o(i.HAL_TIM_PWM_Start)
    HAL_TIM_PeriodElapsedCallback            0x080042f5   Thumb Code   204  freertos.o(i.HAL_TIM_PeriodElapsedCallback)
    HAL_TIM_TriggerCallback                  0x080043f9   Thumb Code     2  stm32f1xx_hal_tim.o(i.HAL_TIM_TriggerCallback)
    HAL_UARTEx_ReceiveToIdle_DMA             0x080043fb   Thumb Code    74  stm32f1xx_hal_uart.o(i.HAL_UARTEx_ReceiveToIdle_DMA)
    HAL_UARTEx_RxEventCallback               0x08004445   Thumb Code    32  freertos.o(i.HAL_UARTEx_RxEventCallback)
    HAL_UART_ErrorCallback                   0x08004471   Thumb Code     2  stm32f1xx_hal_uart.o(i.HAL_UART_ErrorCallback)
    HAL_UART_IRQHandler                      0x08004475   Thumb Code   616  stm32f1xx_hal_uart.o(i.HAL_UART_IRQHandler)
    HAL_UART_Init                            0x080046e1   Thumb Code   100  stm32f1xx_hal_uart.o(i.HAL_UART_Init)
    HAL_UART_MspInit                         0x08004745   Thumb Code   198  usart.o(i.HAL_UART_MspInit)
    HAL_UART_RxCpltCallback                  0x08004821   Thumb Code     2  stm32f1xx_hal_uart.o(i.HAL_UART_RxCpltCallback)
    HAL_UART_RxHalfCpltCallback              0x08004823   Thumb Code     2  stm32f1xx_hal_uart.o(i.HAL_UART_RxHalfCpltCallback)
    HAL_UART_Transmit_DMA                    0x08004825   Thumb Code   106  stm32f1xx_hal_uart.o(i.HAL_UART_Transmit_DMA)
    HAL_UART_TxCpltCallback                  0x0800489d   Thumb Code     2  stm32f1xx_hal_uart.o(i.HAL_UART_TxCpltCallback)
    HAL_UART_TxHalfCpltCallback              0x0800489f   Thumb Code     2  stm32f1xx_hal_uart.o(i.HAL_UART_TxHalfCpltCallback)
    HardFault_Handler                        0x080048a1   Thumb Code     2  stm32f1xx_it.o(i.HardFault_Handler)
    MX_ADC1_Init                             0x08004b75   Thumb Code    72  adc.o(i.MX_ADC1_Init)
    MX_DMA_Init                              0x08004bc5   Thumb Code    72  dma.o(i.MX_DMA_Init)
    MX_FREERTOS_Init                         0x08004c11   Thumb Code   194  freertos.o(i.MX_FREERTOS_Init)
    MX_GPIO_Init                             0x08004d0d   Thumb Code   120  gpio.o(i.MX_GPIO_Init)
    MX_I2C1_Init                             0x08004d8d   Thumb Code    50  i2c.o(i.MX_I2C1_Init)
    MX_TIM1_Init                             0x08004dcd   Thumb Code    96  tim.o(i.MX_TIM1_Init)
    MX_TIM2_Init                             0x08004e35   Thumb Code   104  tim.o(i.MX_TIM2_Init)
    MX_TIM3_Init                             0x08004ea1   Thumb Code   102  tim.o(i.MX_TIM3_Init)
    MX_USART1_UART_Init                      0x08004f11   Thumb Code    48  usart.o(i.MX_USART1_UART_Init)
    MemManage_Handler                        0x08004f49   Thumb Code     2  stm32f1xx_it.o(i.MemManage_Handler)
    NMI_Handler                              0x08004f4b   Thumb Code     2  stm32f1xx_it.o(i.NMI_Handler)
    OLED                                     0x08004f4d   Thumb Code   156  freertos.o(i.OLED)
    OLED_CLS                                 0x08005041   Thumb Code     6  screen.o(i.OLED_CLS)
    OLED_Fill                                0x08005049   Thumb Code    56  screen.o(i.OLED_Fill)
    OLED_Init                                0x08005081   Thumb Code   180  screen.o(i.OLED_Init)
    OLED_ON                                  0x08005135   Thumb Code    24  screen.o(i.OLED_ON)
    OLED_SetPos                              0x0800514d   Thumb Code    38  screen.o(i.OLED_SetPos)
    OLED_ShowChar                            0x08005175   Thumb Code    72  screen.o(i.OLED_ShowChar)
    OLED_ShowString                          0x080051c1   Thumb Code    44  screen.o(i.OLED_ShowString)
    PID                                      0x080051ed   Thumb Code   222  pid.o(i.PID)
    PWM_SET                                  0x080052ed   Thumb Code    54  motor.o(i.PWM_SET)
    Position_ud                              0x0800532d   Thumb Code    36  freertos.o(i.Position_ud)
    StartDefaultTask                         0x0800535d   Thumb Code     8  freertos.o(i.StartDefaultTask)
    SysTick_Handler                          0x08005365   Thumb Code    26  cmsis_os2.o(i.SysTick_Handler)
    SystemClock_Config                       0x0800537f   Thumb Code   120  main.o(i.SystemClock_Config)
    SystemInit                               0x080053f7   Thumb Code     2  system_stm32f1xx.o(i.SystemInit)
    TIM1_UP_IRQHandler                       0x080053f9   Thumb Code     6  stm32f1xx_it.o(i.TIM1_UP_IRQHandler)
    TIM4_IRQHandler                          0x08005405   Thumb Code     6  stm32f1xx_it.o(i.TIM4_IRQHandler)
    TIM_Base_SetConfig                       0x08005411   Thumb Code   108  stm32f1xx_hal_tim.o(i.TIM_Base_SetConfig)
    TIM_CCxChannelCmd                        0x08005489   Thumb Code    26  stm32f1xx_hal_tim.o(i.TIM_CCxChannelCmd)
    TIM_ETR_SetConfig                        0x080054a3   Thumb Code    20  stm32f1xx_hal_tim.o(i.TIM_ETR_SetConfig)
    TIM_OC2_SetConfig                        0x08005519   Thumb Code    84  stm32f1xx_hal_tim.o(i.TIM_OC2_SetConfig)
    UART_Start_Receive_DMA                   0x08005981   Thumb Code   130  stm32f1xx_hal_uart.o(i.UART_Start_Receive_DMA)
    USART1_IRQHandler                        0x08005a11   Thumb Code     6  stm32f1xx_it.o(i.USART1_IRQHandler)
    UsageFault_Handler                       0x08005a1d   Thumb Code     2  stm32f1xx_it.o(i.UsageFault_Handler)
    WriteCmd                                 0x08005a21   Thumb Code    32  screen.o(i.WriteCmd)
    WriteDat                                 0x08005a45   Thumb Code    30  screen.o(i.WriteDat)
    __ARM_fpclassify                         0x08005a69   Thumb Code    40  fpclassify.o(i.__ARM_fpclassify)
    __mathlib_dbl_overflow                   0x08005ab1   Thumb Code    14  dunder.o(i.__mathlib_dbl_overflow)
    __mathlib_dbl_underflow                  0x08005ac1   Thumb Code    10  dunder.o(i.__mathlib_dbl_underflow)
    __mathlib_narrow                         0x08005ad1   Thumb Code    16  narrow.o(i.__mathlib_narrow)
    __mathlib_tofloat                        0x08005ae1   Thumb Code   184  narrow.o(i.__mathlib_tofloat)
    __support_ldexp                          0x08005b9d   Thumb Code    22  ldexp.o(i.__support_ldexp)
    _is_digit                                0x08005bb3   Thumb Code    14  __printf_wp.o(i._is_digit)
    command_process                          0x08005bc1   Thumb Code    42  freertos.o(i.command_process)
    denormalize_Attitude                     0x08005c05   Thumb Code     6  pid.o(i.denormalize_Attitude)
    denormalize_PWM                          0x08005c11   Thumb Code     6  pid.o(i.denormalize_PWM)
    direct                                   0x08005c1d   Thumb Code    56  motor.o(i.direct)
    frexp                                    0x08005c5d   Thumb Code    80  frexp.o(i.frexp)
    ldexp                                    0x08005cb5   Thumb Code   116  ldexp.o(i.ldexp)
    main                                     0x08005d29   Thumb Code    54  main.o(i.main)
    normalize_Attitude                       0x08005d61   Thumb Code     6  attitude.o(i.normalize_Attitude)
    normalize_Position                       0x08005d6d   Thumb Code    22  pid.o(i.normalize_Position)
    osDelay                                  0x08005d8d   Thumb Code    26  cmsis_os2.o(i.osDelay)
    osKernelInitialize                       0x08005da9   Thumb Code    32  cmsis_os2.o(i.osKernelInitialize)
    osKernelStart                            0x08005dcd   Thumb Code    48  cmsis_os2.o(i.osKernelStart)
    osThreadNew                              0x08005e05   Thumb Code   138  cmsis_os2.o(i.osThreadNew)
    pvPortMalloc                             0x08006625   Thumb Code   216  heap_4.o(i.pvPortMalloc)
    pxPortInitialiseStack                    0x08006701   Thumb Code    32  port.o(i.pxPortInitialiseStack)
    uxListRemove                             0x08006725   Thumb Code    38  list.o(i.uxListRemove)
    vApplicationGetIdleTaskMemory            0x0800674d   Thumb Code    16  cmsis_os2.o(i.vApplicationGetIdleTaskMemory)
    vApplicationGetTimerTaskMemory           0x08006761   Thumb Code    18  cmsis_os2.o(i.vApplicationGetTimerTaskMemory)
    vListInitialise                          0x08006779   Thumb Code    22  list.o(i.vListInitialise)
    vListInitialiseItem                      0x0800678f   Thumb Code     6  list.o(i.vListInitialiseItem)
    vListInsert                              0x08006795   Thumb Code    48  list.o(i.vListInsert)
    vListInsertEnd                           0x080067c5   Thumb Code    24  list.o(i.vListInsertEnd)
    vPortEnterCritical                       0x080067dd   Thumb Code    54  port.o(i.vPortEnterCritical)
    vPortExitCritical                        0x0800681d   Thumb Code    34  port.o(i.vPortExitCritical)
    vPortFree                                0x08006845   Thumb Code    94  heap_4.o(i.vPortFree)
    vPortSetupTimerInterrupt                 0x080068a9   Thumb Code    32  port.o(i.vPortSetupTimerInterrupt)
    vPortValidateInterruptPriority           0x080068cd   Thumb Code    74  port.o(i.vPortValidateInterruptPriority)
    vQueueAddToRegistry                      0x08006921   Thumb Code    34  queue.o(i.vQueueAddToRegistry)
    vQueueWaitForMessageRestricted           0x08006949   Thumb Code    68  queue.o(i.vQueueWaitForMessageRestricted)
    vTaskDelay                               0x0800698d   Thumb Code    66  tasks.o(i.vTaskDelay)
    vTaskInternalSetTimeOutState             0x080069d9   Thumb Code    12  tasks.o(i.vTaskInternalSetTimeOutState)
    vTaskMissedYield                         0x080069e9   Thumb Code     8  tasks.o(i.vTaskMissedYield)
    vTaskPlaceOnEventList                    0x080069f5   Thumb Code    44  tasks.o(i.vTaskPlaceOnEventList)
    vTaskPlaceOnEventListRestricted          0x08006a25   Thumb Code    52  tasks.o(i.vTaskPlaceOnEventListRestricted)
    vTaskStartScheduler                      0x08006a5d   Thumb Code   118  tasks.o(i.vTaskStartScheduler)
    vTaskSuspendAll                          0x08006ae5   Thumb Code    10  tasks.o(i.vTaskSuspendAll)
    vTaskSwitchContext                       0x08006af5   Thumb Code    90  tasks.o(i.vTaskSwitchContext)
    xPortStartScheduler                      0x08006b59   Thumb Code   154  port.o(i.xPortStartScheduler)
    xPortSysTickHandler                      0x08006c01   Thumb Code    38  port.o(i.xPortSysTickHandler)
    xQueueGenericCreateStatic                0x08006c2d   Thumb Code   102  queue.o(i.xQueueGenericCreateStatic)
    xQueueGenericReset                       0x08006c95   Thumb Code   132  queue.o(i.xQueueGenericReset)
    xQueueGenericSend                        0x08006d1d   Thumb Code   346  queue.o(i.xQueueGenericSend)
    xQueueGenericSendFromISR                 0x08006e7d   Thumb Code   190  queue.o(i.xQueueGenericSendFromISR)
    xQueueReceive                            0x08006f3d   Thumb Code   308  queue.o(i.xQueueReceive)
    xTaskCheckForTimeOut                     0x08007075   Thumb Code   112  tasks.o(i.xTaskCheckForTimeOut)
    xTaskCreate                              0x080070e9   Thumb Code    90  tasks.o(i.xTaskCreate)
    xTaskCreateStatic                        0x08007143   Thumb Code    86  tasks.o(i.xTaskCreateStatic)
    xTaskGetSchedulerState                   0x08007199   Thumb Code    22  tasks.o(i.xTaskGetSchedulerState)
    xTaskGetTickCount                        0x080071b5   Thumb Code     6  tasks.o(i.xTaskGetTickCount)
    xTaskIncrementTick                       0x080071c1   Thumb Code   192  tasks.o(i.xTaskIncrementTick)
    xTaskPriorityDisinherit                  0x08007289   Thumb Code   118  tasks.o(i.xTaskPriorityDisinherit)
    xTaskRemoveFromEventList                 0x08007309   Thumb Code    98  tasks.o(i.xTaskRemoveFromEventList)
    xTaskResumeAll                           0x08007379   Thumb Code   182  tasks.o(i.xTaskResumeAll)
    xTimerCreateTimerTask                    0x0800743d   Thumb Code    78  timers.o(i.xTimerCreateTimerTask)
    xTimerGenericCommand                     0x0800749d   Thumb Code    98  timers.o(i.xTimerGenericCommand)
    _get_lc_numeric                          0x08007505   Thumb Code    44  lc_numeric_c.o(locale$$code)
    _get_lc_ctype                            0x08007531   Thumb Code    44  lc_ctype_c.o(locale$$code)
    __aeabi_d2f                              0x0800755d   Thumb Code     0  d2f.o(x$fpl$d2f)
    _d2f                                     0x0800755d   Thumb Code    98  d2f.o(x$fpl$d2f)
    __aeabi_dadd                             0x080075c1   Thumb Code     0  daddsub_clz.o(x$fpl$dadd)
    _dadd                                    0x080075c1   Thumb Code   332  daddsub_clz.o(x$fpl$dadd)
    __fpl_dcheck_NaN1                        0x08007711   Thumb Code    10  dcheck1.o(x$fpl$dcheck1)
    __fpl_dcmp_Inf                           0x08007721   Thumb Code    24  dcmpi.o(x$fpl$dcmpinf)
    __aeabi_ddiv                             0x08007739   Thumb Code     0  ddiv.o(x$fpl$ddiv)
    _ddiv                                    0x08007739   Thumb Code   552  ddiv.o(x$fpl$ddiv)
    __aeabi_cdcmpeq                          0x080079e9   Thumb Code     0  deqf.o(x$fpl$deqf)
    _dcmpeq                                  0x080079e9   Thumb Code   120  deqf.o(x$fpl$deqf)
    __aeabi_i2d                              0x08007a61   Thumb Code     0  dflt_clz.o(x$fpl$dflt)
    _dflt                                    0x08007a61   Thumb Code    46  dflt_clz.o(x$fpl$dflt)
    __aeabi_cdcmple                          0x08007a91   Thumb Code     0  dleqf.o(x$fpl$dleqf)
    _dcmple                                  0x08007a91   Thumb Code   120  dleqf.o(x$fpl$dleqf)
    __fpl_dcmple_InfNaN                      0x08007af3   Thumb Code     0  dleqf.o(x$fpl$dleqf)
    __aeabi_dmul                             0x08007b09   Thumb Code     0  dmul.o(x$fpl$dmul)
    _dmul                                    0x08007b09   Thumb Code   332  dmul.o(x$fpl$dmul)
    __fpl_dnaninf                            0x08007c5d   Thumb Code   156  dnaninf.o(x$fpl$dnaninf)
    __fpl_dretinf                            0x08007cf9   Thumb Code    12  dretinf.o(x$fpl$dretinf)
    __aeabi_cdrcmple                         0x08007d05   Thumb Code     0  drleqf.o(x$fpl$drleqf)
    _drcmple                                 0x08007d05   Thumb Code   108  drleqf.o(x$fpl$drleqf)
    __aeabi_dsub                             0x08007d71   Thumb Code     0  daddsub_clz.o(x$fpl$dsub)
    _dsub                                    0x08007d71   Thumb Code   464  daddsub_clz.o(x$fpl$dsub)
    __aeabi_f2d                              0x08007f45   Thumb Code     0  f2d.o(x$fpl$f2d)
    _f2d                                     0x08007f45   Thumb Code    86  f2d.o(x$fpl$f2d)
    __aeabi_fadd                             0x08007f9d   Thumb Code     0  faddsub_clz.o(x$fpl$fadd)
    _fadd                                    0x08007f9d   Thumb Code   196  faddsub_clz.o(x$fpl$fadd)
    __aeabi_fdiv                             0x08008061   Thumb Code     0  fdiv.o(x$fpl$fdiv)
    _fdiv                                    0x08008061   Thumb Code   384  fdiv.o(x$fpl$fdiv)
    __aeabi_f2iz                             0x080081e5   Thumb Code     0  ffix.o(x$fpl$ffix)
    _ffix                                    0x080081e5   Thumb Code    54  ffix.o(x$fpl$ffix)
    __aeabi_ui2f                             0x0800821d   Thumb Code     0  fflt_clz.o(x$fpl$ffltu)
    _ffltu                                   0x0800821d   Thumb Code    38  fflt_clz.o(x$fpl$ffltu)
    __aeabi_fmul                             0x08008245   Thumb Code     0  fmul.o(x$fpl$fmul)
    _fmul                                    0x08008245   Thumb Code   258  fmul.o(x$fpl$fmul)
    __fpl_fnaninf                            0x08008347   Thumb Code   140  fnaninf.o(x$fpl$fnaninf)
    __fpl_fretinf                            0x080083d3   Thumb Code    10  fretinf.o(x$fpl$fretinf)
    __aeabi_fsub                             0x080083dd   Thumb Code     0  faddsub_clz.o(x$fpl$fsub)
    _fsub                                    0x080083dd   Thumb Code   234  faddsub_clz.o(x$fpl$fsub)
    __ieee_status                            0x080084c7   Thumb Code     6  istatus.o(x$fpl$ieeestatus)
    _printf_fp_dec                           0x080084cd   Thumb Code     4  printf1.o(x$fpl$printf1)
    __fpl_return_NaN                         0x080084d1   Thumb Code   100  retnan.o(x$fpl$retnan)
    __ARM_scalbn                             0x08008535   Thumb Code    92  scalbn.o(x$fpl$scalbn)
    _scanf_real                              0x08008591   Thumb Code     4  scanf1.o(x$fpl$scanf1)
    _scanf_hex_real                          0x08008595   Thumb Code     4  scanf2.o(x$fpl$scanf2)
    _scanf_infnan                            0x08008599   Thumb Code     4  scanf2.o(x$fpl$scanf2)
    __fpl_cmpreturn                          0x0800859d   Thumb Code    48  trapv.o(x$fpl$trapveneer)
    __I$use$fp                               0x080085cc   Number         0  usenofp.o(x$fpl$usenofp)
    defaultTask_attributes                   0x080085cc   Data          36  freertos.o(.constdata)
    AHBPrescTable                            0x0800866e   Data          16  system_stm32f1xx.o(.constdata)
    APBPrescTable                            0x0800867e   Data           8  system_stm32f1xx.o(.constdata)
    Font8x16                                 0x08008686   Data        1520  fonts.o(.constdata)
    Region$$Table$$Base                      0x08008d48   Number         0  anon$$obj.o(Region$$Table)
    Region$$Table$$Limit                     0x08008d68   Number         0  anon$$obj.o(Region$$Table)
    __aeabi_HUGE_VAL                         0x08008d68   Data           0  fpconst.o(c$$dinf)
    __aeabi_HUGE_VALL                        0x08008d68   Data           0  fpconst.o(c$$dinf)
    __aeabi_INFINITY                         0x08008d68   Data           0  fpconst.o(c$$dinf)
    __dInf                                   0x08008d68   Data           0  fpconst.o(c$$dinf)
    __huge_val                               0x08008d68   Data           0  fpconst.o(c$$dinf)
    __dbl_max                                0x08008d70   Data           0  fpconst.o(c$$dmax)
    __ctype                                  0x08008da1   Data           0  lc_ctype_c.o(locale$$data)
    OLEDHandle                               0x20000008   Data           4  freertos.o(.data)
    Attitude_udHandle                        0x2000000c   Data           4  freertos.o(.data)
    Position_udHandle                        0x20000010   Data           4  freertos.o(.data)
    defaultTaskHandle                        0x20000014   Data           4  freertos.o(.data)
    Attitude                                 0x20000018   Data          48  freertos.o(.data)
    uwTickFreq                               0x20000048   Data           1  stm32f1xx_hal.o(.data)
    uwTickPrio                               0x2000004c   Data           4  stm32f1xx_hal.o(.data)
    uwTick                                   0x20000050   Data           4  stm32f1xx_hal.o(.data)
    SystemCoreClock                          0x20000054   Data           4  system_stm32f1xx.o(.data)
    pxCurrentTCB                             0x20000058   Data           4  tasks.o(.data)
    adc_buffer                               0x200000d8   Data           2  data.o(.data)
    flag_Attitude                            0x200000da   Data           1  data.o(.data)
    flag                                     0x200000db   Data           1  data.o(.data)
    Spead                                    0x200000e4   Data          48  freertos.o(.bss)
    Location                                 0x20000114   Data          48  freertos.o(.bss)
    hadc1                                    0x20000144   Data          48  adc.o(.bss)
    hdma_adc1                                0x20000174   Data          68  adc.o(.bss)
    hi2c1                                    0x200001b8   Data          84  i2c.o(.bss)
    htim1                                    0x2000020c   Data          72  tim.o(.bss)
    htim2                                    0x20000254   Data          72  tim.o(.bss)
    htim3                                    0x2000029c   Data          72  tim.o(.bss)
    huart1                                   0x200002e4   Data          72  usart.o(.bss)
    hdma_usart1_rx                           0x2000032c   Data          68  usart.o(.bss)
    hdma_usart1_tx                           0x20000370   Data          68  usart.o(.bss)
    htim4                                    0x200003b4   Data          72  stm32f1xx_hal_timebase_tim.o(.bss)
    xQueueRegistry                           0x200003fc   Data          64  queue.o(.bss)
    buff                                     0x20001cd0   Data          20  data.o(.bss)
    package                                  0x20001ce4   Data          12  data.o(.bss)
    __libspace_start                         0x20001cf0   Data          96  libspace.o(.bss)
    __temporary_stack_top$libspace           0x20001d50   Data           0  libspace.o(.bss)



==============================================================================

Memory Map of the image

  Image Entry point : 0x080000ed

  Load Region LR_IROM1 (Base: 0x08000000, Size: 0x00008f88, Max: 0x00010000, ABSOLUTE)

    Execution Region ER_IROM1 (Exec base: 0x08000000, Load base: 0x08000000, Size: 0x00008ea4, Max: 0x00010000, ABSOLUTE)

    Exec Addr    Load Addr    Size         Type   Attr      Idx    E Section Name        Object

    0x08000000   0x08000000   0x000000ec   Data   RO            3    RESET               startup_stm32f103xb.o
    0x080000ec   0x080000ec   0x00000008   Code   RO         5868  * !!!main             c_w.l(__main.o)
    0x080000f4   0x080000f4   0x00000034   Code   RO         6227    !!!scatter          c_w.l(__scatter.o)
    0x08000128   0x08000128   0x0000001a   Code   RO         6229    !!handler_copy      c_w.l(__scatter_copy.o)
    0x08000142   0x08000142   0x00000002   PAD
    0x08000144   0x08000144   0x0000001c   Code   RO         6231    !!handler_zi        c_w.l(__scatter_zi.o)
    0x08000160   0x08000160   0x00000000   Code   RO         5849    .ARM.Collect$$_printf_percent$$00000000  c_w.l(_printf_percent.o)
    0x08000160   0x08000160   0x00000006   Code   RO         5848    .ARM.Collect$$_printf_percent$$00000003  c_w.l(_printf_f.o)
    0x08000166   0x08000166   0x00000004   Code   RO         5925    .ARM.Collect$$_printf_percent$$00000017  c_w.l(_printf_percent_end.o)
    0x0800016a   0x0800016a   0x00000002   Code   RO         6046    .ARM.Collect$$libinit$$00000000  c_w.l(libinit.o)
    0x0800016c   0x0800016c   0x00000000   Code   RO         6048    .ARM.Collect$$libinit$$00000002  c_w.l(libinit2.o)
    0x0800016c   0x0800016c   0x00000000   Code   RO         6050    .ARM.Collect$$libinit$$00000004  c_w.l(libinit2.o)
    0x0800016c   0x0800016c   0x00000000   Code   RO         6053    .ARM.Collect$$libinit$$0000000A  c_w.l(libinit2.o)
    0x0800016c   0x0800016c   0x00000000   Code   RO         6055    .ARM.Collect$$libinit$$0000000C  c_w.l(libinit2.o)
    0x0800016c   0x0800016c   0x00000000   Code   RO         6057    .ARM.Collect$$libinit$$0000000E  c_w.l(libinit2.o)
    0x0800016c   0x0800016c   0x00000006   Code   RO         6058    .ARM.Collect$$libinit$$0000000F  c_w.l(libinit2.o)
    0x08000172   0x08000172   0x00000000   Code   RO         6060    .ARM.Collect$$libinit$$00000011  c_w.l(libinit2.o)
    0x08000172   0x08000172   0x0000000c   Code   RO         6061    .ARM.Collect$$libinit$$00000012  c_w.l(libinit2.o)
    0x0800017e   0x0800017e   0x00000000   Code   RO         6062    .ARM.Collect$$libinit$$00000013  c_w.l(libinit2.o)
    0x0800017e   0x0800017e   0x00000000   Code   RO         6064    .ARM.Collect$$libinit$$00000015  c_w.l(libinit2.o)
    0x0800017e   0x0800017e   0x0000000a   Code   RO         6065    .ARM.Collect$$libinit$$00000016  c_w.l(libinit2.o)
    0x08000188   0x08000188   0x00000000   Code   RO         6066    .ARM.Collect$$libinit$$00000017  c_w.l(libinit2.o)
    0x08000188   0x08000188   0x00000000   Code   RO         6068    .ARM.Collect$$libinit$$00000019  c_w.l(libinit2.o)
    0x08000188   0x08000188   0x00000000   Code   RO         6070    .ARM.Collect$$libinit$$0000001B  c_w.l(libinit2.o)
    0x08000188   0x08000188   0x00000000   Code   RO         6072    .ARM.Collect$$libinit$$0000001D  c_w.l(libinit2.o)
    0x08000188   0x08000188   0x00000000   Code   RO         6074    .ARM.Collect$$libinit$$0000001F  c_w.l(libinit2.o)
    0x08000188   0x08000188   0x00000000   Code   RO         6076    .ARM.Collect$$libinit$$00000021  c_w.l(libinit2.o)
    0x08000188   0x08000188   0x00000000   Code   RO         6078    .ARM.Collect$$libinit$$00000023  c_w.l(libinit2.o)
    0x08000188   0x08000188   0x00000000   Code   RO         6080    .ARM.Collect$$libinit$$00000025  c_w.l(libinit2.o)
    0x08000188   0x08000188   0x00000000   Code   RO         6084    .ARM.Collect$$libinit$$0000002C  c_w.l(libinit2.o)
    0x08000188   0x08000188   0x00000000   Code   RO         6086    .ARM.Collect$$libinit$$0000002E  c_w.l(libinit2.o)
    0x08000188   0x08000188   0x00000000   Code   RO         6088    .ARM.Collect$$libinit$$00000030  c_w.l(libinit2.o)
    0x08000188   0x08000188   0x00000000   Code   RO         6090    .ARM.Collect$$libinit$$00000032  c_w.l(libinit2.o)
    0x08000188   0x08000188   0x00000002   Code   RO         6091    .ARM.Collect$$libinit$$00000033  c_w.l(libinit2.o)
    0x0800018a   0x0800018a   0x00000002   Code   RO         6171    .ARM.Collect$$libshutdown$$00000000  c_w.l(libshutdown.o)
    0x0800018c   0x0800018c   0x00000000   Code   RO         6184    .ARM.Collect$$libshutdown$$00000002  c_w.l(libshutdown2.o)
    0x0800018c   0x0800018c   0x00000000   Code   RO         6186    .ARM.Collect$$libshutdown$$00000004  c_w.l(libshutdown2.o)
    0x0800018c   0x0800018c   0x00000000   Code   RO         6189    .ARM.Collect$$libshutdown$$00000007  c_w.l(libshutdown2.o)
    0x0800018c   0x0800018c   0x00000000   Code   RO         6192    .ARM.Collect$$libshutdown$$0000000A  c_w.l(libshutdown2.o)
    0x0800018c   0x0800018c   0x00000000   Code   RO         6194    .ARM.Collect$$libshutdown$$0000000C  c_w.l(libshutdown2.o)
    0x0800018c   0x0800018c   0x00000000   Code   RO         6197    .ARM.Collect$$libshutdown$$0000000F  c_w.l(libshutdown2.o)
    0x0800018c   0x0800018c   0x00000002   Code   RO         6198    .ARM.Collect$$libshutdown$$00000010  c_w.l(libshutdown2.o)
    0x0800018e   0x0800018e   0x00000000   Code   RO         5918    .ARM.Collect$$rtentry$$00000000  c_w.l(__rtentry.o)
    0x0800018e   0x0800018e   0x00000000   Code   RO         5944    .ARM.Collect$$rtentry$$00000002  c_w.l(__rtentry2.o)
    0x0800018e   0x0800018e   0x00000006   Code   RO         5956    .ARM.Collect$$rtentry$$00000004  c_w.l(__rtentry4.o)
    0x08000194   0x08000194   0x00000000   Code   RO         5946    .ARM.Collect$$rtentry$$00000009  c_w.l(__rtentry2.o)
    0x08000194   0x08000194   0x00000004   Code   RO         5947    .ARM.Collect$$rtentry$$0000000A  c_w.l(__rtentry2.o)
    0x08000198   0x08000198   0x00000000   Code   RO         5949    .ARM.Collect$$rtentry$$0000000C  c_w.l(__rtentry2.o)
    0x08000198   0x08000198   0x00000008   Code   RO         5950    .ARM.Collect$$rtentry$$0000000D  c_w.l(__rtentry2.o)
    0x080001a0   0x080001a0   0x00000002   Code   RO         6100    .ARM.Collect$$rtexit$$00000000  c_w.l(rtexit.o)
    0x080001a2   0x080001a2   0x00000000   Code   RO         6132    .ARM.Collect$$rtexit$$00000002  c_w.l(rtexit2.o)
    0x080001a2   0x080001a2   0x00000004   Code   RO         6133    .ARM.Collect$$rtexit$$00000003  c_w.l(rtexit2.o)
    0x080001a6   0x080001a6   0x00000006   Code   RO         6134    .ARM.Collect$$rtexit$$00000004  c_w.l(rtexit2.o)
    0x080001ac   0x080001ac   0x00000096   Code   RO         5510    .emb_text           port.o
    0x08000242   0x08000242   0x00000002   PAD
    0x08000244   0x08000244   0x00000040   Code   RO            4    .text               startup_stm32f103xb.o
    0x08000284   0x08000284   0x00000028   Code   RO         5822    .text               c_w.l(noretval__2sprintf.o)
    0x080002ac   0x080002ac   0x0000004e   Code   RO         5826    .text               c_w.l(_printf_pad.o)
    0x080002fa   0x080002fa   0x00000002   PAD
    0x080002fc   0x080002fc   0x00000138   Code   RO         5840    .text               c_w.l(__printf_flags_wp.o)
    0x08000434   0x08000434   0x0000003c   Code   RO         5850    .text               c_w.l(__0sscanf.o)
    0x08000470   0x08000470   0x000000e0   Code   RO         5852    .text               c_w.l(_scanf_str.o)
    0x08000550   0x08000550   0x0000008a   Code   RO         5854    .text               c_w.l(rt_memcpy_v6.o)
    0x080005da   0x080005da   0x00000064   Code   RO         5856    .text               c_w.l(rt_memcpy_w.o)
    0x0800063e   0x0800063e   0x00000010   Code   RO         5860    .text               c_w.l(aeabi_memset.o)
    0x0800064e   0x0800064e   0x0000004e   Code   RO         5862    .text               c_w.l(rt_memclr_w.o)
    0x0800069c   0x0800069c   0x00000080   Code   RO         5864    .text               c_w.l(strcmpv7m.o)
    0x0800071c   0x0800071c   0x00000006   Code   RO         5866    .text               c_w.l(heapauxi.o)
    0x08000722   0x08000722   0x0000041e   Code   RO         5919    .text               c_w.l(_printf_fp_dec.o)
    0x08000b40   0x08000b40   0x00000030   Code   RO         5921    .text               c_w.l(_printf_char_common.o)
    0x08000b70   0x08000b70   0x0000000a   Code   RO         5923    .text               c_w.l(_sputc.o)
    0x08000b7a   0x08000b7a   0x00000002   PAD
    0x08000b7c   0x08000b7c   0x000004f8   Code   RO         5926    .text               c_w.l(scanf_fp.o)
    0x08001074   0x08001074   0x0000002c   Code   RO         5928    .text               c_w.l(scanf_char.o)
    0x080010a0   0x080010a0   0x00000040   Code   RO         5930    .text               c_w.l(_sgetc.o)
    0x080010e0   0x080010e0   0x00000044   Code   RO         5932    .text               c_w.l(rt_memclr.o)
    0x08001124   0x08001124   0x00000008   Code   RO         5961    .text               c_w.l(rt_locale_intlibspace.o)
    0x0800112c   0x0800112c   0x00000008   Code   RO         5966    .text               c_w.l(rt_errno_addr_intlibspace.o)
    0x08001134   0x08001134   0x0000008a   Code   RO         5968    .text               c_w.l(lludiv10.o)
    0x080011be   0x080011be   0x00000012   Code   RO         5970    .text               c_w.l(isspace.o)
    0x080011d0   0x080011d0   0x00000080   Code   RO         5972    .text               c_w.l(_printf_fp_infnan.o)
    0x08001250   0x08001250   0x00000374   Code   RO         5976    .text               c_w.l(_scanf.o)
    0x080015c4   0x080015c4   0x000000e4   Code   RO         5978    .text               c_w.l(bigflt0.o)
    0x080016a8   0x080016a8   0x00000008   Code   RO         6026    .text               c_w.l(libspace.o)
    0x080016b0   0x080016b0   0x0000004a   Code   RO         6029    .text               c_w.l(sys_stackheap_outer.o)
    0x080016fa   0x080016fa   0x00000002   PAD
    0x080016fc   0x080016fc   0x00000010   Code   RO         6031    .text               c_w.l(rt_ctype_table.o)
    0x0800170c   0x0800170c   0x00000016   Code   RO         6033    .text               c_w.l(_rserrno.o)
    0x08001722   0x08001722   0x00000002   PAD
    0x08001724   0x08001724   0x00000320   Code   RO         6035    .text               c_w.l(scanf_hexfp.o)
    0x08001a44   0x08001a44   0x00000134   Code   RO         6037    .text               c_w.l(scanf_infnan.o)
    0x08001b78   0x08001b78   0x00000012   Code   RO         6039    .text               c_w.l(exit.o)
    0x08001b8a   0x08001b8a   0x00000026   Code   RO         6102    .text               c_w.l(llshl.o)
    0x08001bb0   0x08001bb0   0x0000001c   Code   RO         6104    .text               c_w.l(_chval.o)
    0x08001bcc   0x08001bcc   0x0000000c   Code   RO         6161    .text               c_w.l(sys_exit.o)
    0x08001bd8   0x08001bd8   0x00000002   Code   RO         6174    .text               c_w.l(use_no_semi.o)
    0x08001bda   0x08001bda   0x00000000   Code   RO         6176    .text               c_w.l(indicate_semi.o)
    0x08001bda   0x08001bda   0x0000003e   Code   RO         5981    CL$$btod_d2e        c_w.l(btod.o)
    0x08001c18   0x08001c18   0x00000046   Code   RO         5983    CL$$btod_d2e_denorm_low  c_w.l(btod.o)
    0x08001c5e   0x08001c5e   0x00000060   Code   RO         5982    CL$$btod_d2e_norm_op1  c_w.l(btod.o)
    0x08001cbe   0x08001cbe   0x00000338   Code   RO         5991    CL$$btod_div_common  c_w.l(btod.o)
    0x08001ff6   0x08001ff6   0x00000002   PAD
    0x08001ff8   0x08001ff8   0x00000084   Code   RO         5989    CL$$btod_e2d        c_w.l(btod.o)
    0x0800207c   0x0800207c   0x000000dc   Code   RO         5988    CL$$btod_e2e        c_w.l(btod.o)
    0x08002158   0x08002158   0x0000002a   Code   RO         5985    CL$$btod_ediv       c_w.l(btod.o)
    0x08002182   0x08002182   0x0000002a   Code   RO         5987    CL$$btod_edivd      c_w.l(btod.o)
    0x080021ac   0x080021ac   0x0000002a   Code   RO         5984    CL$$btod_emul       c_w.l(btod.o)
    0x080021d6   0x080021d6   0x0000002a   Code   RO         5986    CL$$btod_emuld      c_w.l(btod.o)
    0x08002200   0x08002200   0x00000244   Code   RO         5990    CL$$btod_mult_common  c_w.l(btod.o)
    0x08002444   0x08002444   0x0000000c   Code   RO          569    i.ADC1_2_IRQHandler  stm32f1xx_it.o
    0x08002450   0x08002450   0x00000056   Code   RO         1741    i.ADC_ConversionStop_Disable  stm32f1xx_hal_adc.o
    0x080024a6   0x080024a6   0x0000004e   Code   RO         1742    i.ADC_DMAConvCplt   stm32f1xx_hal_adc.o
    0x080024f4   0x080024f4   0x0000001a   Code   RO         1743    i.ADC_DMAError      stm32f1xx_hal_adc.o
    0x0800250e   0x0800250e   0x0000000a   Code   RO         1744    i.ADC_DMAHalfConvCplt  stm32f1xx_hal_adc.o
    0x08002518   0x08002518   0x0000007c   Code   RO         1745    i.ADC_Enable        stm32f1xx_hal_adc.o
    0x08002594   0x08002594   0x0000002c   Code   RO          225    i.Attitude_ud       freertos.o
    0x080025c0   0x080025c0   0x00000002   Code   RO          570    i.BusFault_Handler  stm32f1xx_it.o
    0x080025c2   0x080025c2   0x00000002   PAD
    0x080025c4   0x080025c4   0x0000000c   Code   RO          571    i.DMA1_Channel1_IRQHandler  stm32f1xx_it.o
    0x080025d0   0x080025d0   0x0000000c   Code   RO          572    i.DMA1_Channel4_IRQHandler  stm32f1xx_it.o
    0x080025dc   0x080025dc   0x0000000c   Code   RO          573    i.DMA1_Channel5_IRQHandler  stm32f1xx_it.o
    0x080025e8   0x080025e8   0x0000002a   Code   RO         2397    i.DMA_SetConfig     stm32f1xx_hal_dma.o
    0x08002612   0x08002612   0x00000002   Code   RO          574    i.DebugMon_Handler  stm32f1xx_it.o
    0x08002614   0x08002614   0x00000004   Code   RO           13    i.Error_Handler     main.o
    0x08002618   0x08002618   0x00000058   Code   RO         5788    i.Get_Attitude      attitude.o
    0x08002670   0x08002670   0x00000014   Code   RO         5748    i.Get_Cur_Spead     encoder.o
    0x08002684   0x08002684   0x00000002   Code   RO         1923    i.HAL_ADCEx_InjectedConvCpltCallback  stm32f1xx_hal_adc_ex.o
    0x08002686   0x08002686   0x00000002   PAD
    0x08002688   0x08002688   0x000000fc   Code   RO         1747    i.HAL_ADC_ConfigChannel  stm32f1xx_hal_adc.o
    0x08002784   0x08002784   0x00000002   Code   RO         1748    i.HAL_ADC_ConvCpltCallback  stm32f1xx_hal_adc.o
    0x08002786   0x08002786   0x00000002   Code   RO         1749    i.HAL_ADC_ConvHalfCpltCallback  stm32f1xx_hal_adc.o
    0x08002788   0x08002788   0x00000002   Code   RO         1751    i.HAL_ADC_ErrorCallback  stm32f1xx_hal_adc.o
    0x0800278a   0x0800278a   0x000000dc   Code   RO         1755    i.HAL_ADC_IRQHandler  stm32f1xx_hal_adc.o
    0x08002866   0x08002866   0x00000002   PAD
    0x08002868   0x08002868   0x0000011c   Code   RO         1756    i.HAL_ADC_Init      stm32f1xx_hal_adc.o
    0x08002984   0x08002984   0x00000002   Code   RO         1757    i.HAL_ADC_LevelOutOfWindowCallback  stm32f1xx_hal_adc.o
    0x08002986   0x08002986   0x00000002   PAD
    0x08002988   0x08002988   0x000000a0   Code   RO          336    i.HAL_ADC_MspInit   adc.o
    0x08002a28   0x08002a28   0x000000c0   Code   RO         1762    i.HAL_ADC_Start     stm32f1xx_hal_adc.o
    0x08002ae8   0x08002ae8   0x0000010c   Code   RO         1763    i.HAL_ADC_Start_DMA  stm32f1xx_hal_adc.o
    0x08002bf4   0x08002bf4   0x00000046   Code   RO         2398    i.HAL_DMA_Abort     stm32f1xx_hal_dma.o
    0x08002c3a   0x08002c3a   0x00000002   PAD
    0x08002c3c   0x08002c3c   0x00000098   Code   RO         2399    i.HAL_DMA_Abort_IT  stm32f1xx_hal_dma.o
    0x08002cd4   0x08002cd4   0x00000154   Code   RO         2403    i.HAL_DMA_IRQHandler  stm32f1xx_hal_dma.o
    0x08002e28   0x08002e28   0x0000005c   Code   RO         2404    i.HAL_DMA_Init      stm32f1xx_hal_dma.o
    0x08002e84   0x08002e84   0x00000070   Code   RO         2408    i.HAL_DMA_Start_IT  stm32f1xx_hal_dma.o
    0x08002ef4   0x08002ef4   0x00000024   Code   RO         2024    i.HAL_Delay         stm32f1xx_hal.o
    0x08002f18   0x08002f18   0x000001e0   Code   RO         2334    i.HAL_GPIO_Init     stm32f1xx_hal_gpio.o
    0x080030f8   0x080030f8   0x0000000a   Code   RO         2338    i.HAL_GPIO_WritePin  stm32f1xx_hal_gpio.o
    0x08003102   0x08003102   0x00000002   PAD
    0x08003104   0x08003104   0x0000000c   Code   RO         2028    i.HAL_GetTick       stm32f1xx_hal.o
    0x08003110   0x08003110   0x00000188   Code   RO         3005    i.HAL_I2C_Init      stm32f1xx_hal_i2c.o
    0x08003298   0x08003298   0x00000130   Code   RO         3026    i.HAL_I2C_Mem_Write  stm32f1xx_hal_i2c.o
    0x080033c8   0x080033c8   0x00000070   Code   RO          402    i.HAL_I2C_MspInit   i2c.o
    0x08003438   0x08003438   0x00000010   Code   RO         2034    i.HAL_IncTick       stm32f1xx_hal.o
    0x08003448   0x08003448   0x00000024   Code   RO         2035    i.HAL_Init          stm32f1xx_hal.o
    0x0800346c   0x0800346c   0x00000098   Code   RO          693    i.HAL_InitTick      stm32f1xx_hal_timebase_tim.o
    0x08003504   0x08003504   0x00000048   Code   RO          669    i.HAL_MspInit       stm32f1xx_hal_msp.o
    0x0800354c   0x0800354c   0x0000001a   Code   RO         2494    i.HAL_NVIC_EnableIRQ  stm32f1xx_hal_cortex.o
    0x08003566   0x08003566   0x00000002   PAD
    0x08003568   0x08003568   0x00000040   Code   RO         2500    i.HAL_NVIC_SetPriority  stm32f1xx_hal_cortex.o
    0x080035a8   0x080035a8   0x00000024   Code   RO         2501    i.HAL_NVIC_SetPriorityGrouping  stm32f1xx_hal_cortex.o
    0x080035cc   0x080035cc   0x000000ec   Code   RO         2296    i.HAL_RCCEx_PeriphCLKConfig  stm32f1xx_hal_rcc_ex.o
    0x080036b8   0x080036b8   0x0000012c   Code   RO         2192    i.HAL_RCC_ClockConfig  stm32f1xx_hal_rcc.o
    0x080037e4   0x080037e4   0x00000040   Code   RO         2196    i.HAL_RCC_GetClockConfig  stm32f1xx_hal_rcc.o
    0x08003824   0x08003824   0x00000020   Code   RO         2199    i.HAL_RCC_GetPCLK1Freq  stm32f1xx_hal_rcc.o
    0x08003844   0x08003844   0x00000020   Code   RO         2200    i.HAL_RCC_GetPCLK2Freq  stm32f1xx_hal_rcc.o
    0x08003864   0x08003864   0x0000004c   Code   RO         2201    i.HAL_RCC_GetSysClockFreq  stm32f1xx_hal_rcc.o
    0x080038b0   0x080038b0   0x00000320   Code   RO         2204    i.HAL_RCC_OscConfig  stm32f1xx_hal_rcc.o
    0x08003bd0   0x08003bd0   0x00000002   Code   RO         1474    i.HAL_TIMEx_BreakCallback  stm32f1xx_hal_tim_ex.o
    0x08003bd2   0x08003bd2   0x00000002   Code   RO         1475    i.HAL_TIMEx_CommutCallback  stm32f1xx_hal_tim_ex.o
    0x08003bd4   0x08003bd4   0x00000068   Code   RO         1493    i.HAL_TIMEx_MasterConfigSynchronization  stm32f1xx_hal_tim_ex.o
    0x08003c3c   0x08003c3c   0x0000005a   Code   RO          770    i.HAL_TIM_Base_Init  stm32f1xx_hal_tim.o
    0x08003c96   0x08003c96   0x00000002   PAD
    0x08003c98   0x08003c98   0x0000003c   Code   RO          444    i.HAL_TIM_Base_MspInit  tim.o
    0x08003cd4   0x08003cd4   0x00000058   Code   RO          775    i.HAL_TIM_Base_Start_IT  stm32f1xx_hal_tim.o
    0x08003d2c   0x08003d2c   0x000000dc   Code   RO          779    i.HAL_TIM_ConfigClockSource  stm32f1xx_hal_tim.o
    0x08003e08   0x08003e08   0x000000a4   Code   RO          791    i.HAL_TIM_Encoder_Init  stm32f1xx_hal_tim.o
    0x08003eac   0x08003eac   0x00000054   Code   RO          446    i.HAL_TIM_Encoder_MspInit  tim.o
    0x08003f00   0x08003f00   0x0000008e   Code   RO          794    i.HAL_TIM_Encoder_Start  stm32f1xx_hal_tim.o
    0x08003f8e   0x08003f8e   0x00000002   Code   RO          804    i.HAL_TIM_IC_CaptureCallback  stm32f1xx_hal_tim.o
    0x08003f90   0x08003f90   0x00000130   Code   RO          818    i.HAL_TIM_IRQHandler  stm32f1xx_hal_tim.o
    0x080040c0   0x080040c0   0x00000048   Code   RO          447    i.HAL_TIM_MspPostInit  tim.o
    0x08004108   0x08004108   0x00000002   Code   RO          821    i.HAL_TIM_OC_DelayElapsedCallback  stm32f1xx_hal_tim.o
    0x0800410a   0x0800410a   0x000000cc   Code   RO          842    i.HAL_TIM_PWM_ConfigChannel  stm32f1xx_hal_tim.o
    0x080041d6   0x080041d6   0x0000005a   Code   RO          845    i.HAL_TIM_PWM_Init  stm32f1xx_hal_tim.o
    0x08004230   0x08004230   0x00000024   Code   RO          449    i.HAL_TIM_PWM_MspInit  tim.o
    0x08004254   0x08004254   0x00000002   Code   RO          848    i.HAL_TIM_PWM_PulseFinishedCallback  stm32f1xx_hal_tim.o
    0x08004256   0x08004256   0x00000002   PAD
    0x08004258   0x08004258   0x0000009c   Code   RO          850    i.HAL_TIM_PWM_Start  stm32f1xx_hal_tim.o
    0x080042f4   0x080042f4   0x00000104   Code   RO          226    i.HAL_TIM_PeriodElapsedCallback  freertos.o
    0x080043f8   0x080043f8   0x00000002   Code   RO          861    i.HAL_TIM_TriggerCallback  stm32f1xx_hal_tim.o
    0x080043fa   0x080043fa   0x0000004a   Code   RO         3441    i.HAL_UARTEx_ReceiveToIdle_DMA  stm32f1xx_hal_uart.o
    0x08004444   0x08004444   0x0000002c   Code   RO          227    i.HAL_UARTEx_RxEventCallback  freertos.o
    0x08004470   0x08004470   0x00000002   Code   RO         3457    i.HAL_UART_ErrorCallback  stm32f1xx_hal_uart.o
    0x08004472   0x08004472   0x00000002   PAD
    0x08004474   0x08004474   0x0000026c   Code   RO         3460    i.HAL_UART_IRQHandler  stm32f1xx_hal_uart.o
    0x080046e0   0x080046e0   0x00000064   Code   RO         3461    i.HAL_UART_Init     stm32f1xx_hal_uart.o
    0x08004744   0x08004744   0x000000dc   Code   RO          528    i.HAL_UART_MspInit  usart.o
    0x08004820   0x08004820   0x00000002   Code   RO         3467    i.HAL_UART_RxCpltCallback  stm32f1xx_hal_uart.o
    0x08004822   0x08004822   0x00000002   Code   RO         3468    i.HAL_UART_RxHalfCpltCallback  stm32f1xx_hal_uart.o
    0x08004824   0x08004824   0x00000078   Code   RO         3470    i.HAL_UART_Transmit_DMA  stm32f1xx_hal_uart.o
    0x0800489c   0x0800489c   0x00000002   Code   RO         3472    i.HAL_UART_TxCpltCallback  stm32f1xx_hal_uart.o
    0x0800489e   0x0800489e   0x00000002   Code   RO         3473    i.HAL_UART_TxHalfCpltCallback  stm32f1xx_hal_uart.o
    0x080048a0   0x080048a0   0x00000002   Code   RO          575    i.HardFault_Handler  stm32f1xx_it.o
    0x080048a2   0x080048a2   0x0000002e   Code   RO         3048    i.I2C_IsAcknowledgeFailed  stm32f1xx_hal_i2c.o
    0x080048d0   0x080048d0   0x000000a8   Code   RO         3059    i.I2C_RequestMemoryWrite  stm32f1xx_hal_i2c.o
    0x08004978   0x08004978   0x00000056   Code   RO         3063    i.I2C_WaitOnBTFFlagUntilTimeout  stm32f1xx_hal_i2c.o
    0x080049ce   0x080049ce   0x00000002   PAD
    0x080049d0   0x080049d0   0x00000090   Code   RO         3064    i.I2C_WaitOnFlagUntilTimeout  stm32f1xx_hal_i2c.o
    0x08004a60   0x08004a60   0x000000bc   Code   RO         3065    i.I2C_WaitOnMasterAddressFlagUntilTimeout  stm32f1xx_hal_i2c.o
    0x08004b1c   0x08004b1c   0x00000056   Code   RO         3067    i.I2C_WaitOnTXEFlagUntilTimeout  stm32f1xx_hal_i2c.o
    0x08004b72   0x08004b72   0x00000002   PAD
    0x08004b74   0x08004b74   0x00000050   Code   RO          337    i.MX_ADC1_Init      adc.o
    0x08004bc4   0x08004bc4   0x0000004c   Code   RO          377    i.MX_DMA_Init       dma.o
    0x08004c10   0x08004c10   0x000000fc   Code   RO          228    i.MX_FREERTOS_Init  freertos.o
    0x08004d0c   0x08004d0c   0x00000080   Code   RO          201    i.MX_GPIO_Init      gpio.o
    0x08004d8c   0x08004d8c   0x00000040   Code   RO          403    i.MX_I2C1_Init      i2c.o
    0x08004dcc   0x08004dcc   0x00000068   Code   RO          450    i.MX_TIM1_Init      tim.o
    0x08004e34   0x08004e34   0x0000006c   Code   RO          451    i.MX_TIM2_Init      tim.o
    0x08004ea0   0x08004ea0   0x00000070   Code   RO          452    i.MX_TIM3_Init      tim.o
    0x08004f10   0x08004f10   0x00000038   Code   RO          529    i.MX_USART1_UART_Init  usart.o
    0x08004f48   0x08004f48   0x00000002   Code   RO          576    i.MemManage_Handler  stm32f1xx_it.o
    0x08004f4a   0x08004f4a   0x00000002   Code   RO          577    i.NMI_Handler       stm32f1xx_it.o
    0x08004f4c   0x08004f4c   0x000000f4   Code   RO          229    i.OLED              freertos.o
    0x08005040   0x08005040   0x00000006   Code   RO         5590    i.OLED_CLS          screen.o
    0x08005046   0x08005046   0x00000002   PAD
    0x08005048   0x08005048   0x00000038   Code   RO         5591    i.OLED_Fill         screen.o
    0x08005080   0x08005080   0x000000b4   Code   RO         5592    i.OLED_Init         screen.o
    0x08005134   0x08005134   0x00000018   Code   RO         5594    i.OLED_ON           screen.o
    0x0800514c   0x0800514c   0x00000026   Code   RO         5595    i.OLED_SetPos       screen.o
    0x08005172   0x08005172   0x00000002   PAD
    0x08005174   0x08005174   0x0000004c   Code   RO         5596    i.OLED_ShowChar     screen.o
    0x080051c0   0x080051c0   0x0000002c   Code   RO         5597    i.OLED_ShowString   screen.o
    0x080051ec   0x080051ec   0x00000100   Code   RO         5663    i.PID               pid.o
    0x080052ec   0x080052ec   0x00000040   Code   RO         5706    i.PWM_SET           motor.o
    0x0800532c   0x0800532c   0x00000030   Code   RO          230    i.Position_ud       freertos.o
    0x0800535c   0x0800535c   0x00000008   Code   RO          231    i.StartDefaultTask  freertos.o
    0x08005364   0x08005364   0x0000001a   Code   RO         4942    i.SysTick_Handler   cmsis_os2.o
    0x0800537e   0x0800537e   0x00000078   Code   RO           14    i.SystemClock_Config  main.o
    0x080053f6   0x080053f6   0x00000002   Code   RO         3795    i.SystemInit        system_stm32f1xx.o
    0x080053f8   0x080053f8   0x0000000c   Code   RO          578    i.TIM1_UP_IRQHandler  stm32f1xx_it.o
    0x08005404   0x08005404   0x0000000c   Code   RO          579    i.TIM4_IRQHandler   stm32f1xx_it.o
    0x08005410   0x08005410   0x00000078   Code   RO          863    i.TIM_Base_SetConfig  stm32f1xx_hal_tim.o
    0x08005488   0x08005488   0x0000001a   Code   RO          864    i.TIM_CCxChannelCmd  stm32f1xx_hal_tim.o
    0x080054a2   0x080054a2   0x00000014   Code   RO          874    i.TIM_ETR_SetConfig  stm32f1xx_hal_tim.o
    0x080054b6   0x080054b6   0x00000010   Code   RO          875    i.TIM_ITRx_SetConfig  stm32f1xx_hal_tim.o
    0x080054c6   0x080054c6   0x00000002   PAD
    0x080054c8   0x080054c8   0x00000050   Code   RO          876    i.TIM_OC1_SetConfig  stm32f1xx_hal_tim.o
    0x08005518   0x08005518   0x00000058   Code   RO          877    i.TIM_OC2_SetConfig  stm32f1xx_hal_tim.o
    0x08005570   0x08005570   0x00000058   Code   RO          878    i.TIM_OC3_SetConfig  stm32f1xx_hal_tim.o
    0x080055c8   0x080055c8   0x00000044   Code   RO          879    i.TIM_OC4_SetConfig  stm32f1xx_hal_tim.o
    0x0800560c   0x0800560c   0x00000022   Code   RO          881    i.TIM_TI1_ConfigInputStage  stm32f1xx_hal_tim.o
    0x0800562e   0x0800562e   0x00000024   Code   RO          883    i.TIM_TI2_ConfigInputStage  stm32f1xx_hal_tim.o
    0x08005652   0x08005652   0x00000010   Code   RO         3474    i.UART_DMAAbortOnError  stm32f1xx_hal_uart.o
    0x08005662   0x08005662   0x0000004a   Code   RO         3475    i.UART_DMAError     stm32f1xx_hal_uart.o
    0x080056ac   0x080056ac   0x00000086   Code   RO         3476    i.UART_DMAReceiveCplt  stm32f1xx_hal_uart.o
    0x08005732   0x08005732   0x0000001e   Code   RO         3478    i.UART_DMARxHalfCplt  stm32f1xx_hal_uart.o
    0x08005750   0x08005750   0x00000042   Code   RO         3480    i.UART_DMATransmitCplt  stm32f1xx_hal_uart.o
    0x08005792   0x08005792   0x0000000a   Code   RO         3482    i.UART_DMATxHalfCplt  stm32f1xx_hal_uart.o
    0x0800579c   0x0800579c   0x0000004e   Code   RO         3484    i.UART_EndRxTransfer  stm32f1xx_hal_uart.o
    0x080057ea   0x080057ea   0x0000001c   Code   RO         3485    i.UART_EndTxTransfer  stm32f1xx_hal_uart.o
    0x08005806   0x08005806   0x000000c2   Code   RO         3486    i.UART_Receive_IT   stm32f1xx_hal_uart.o
    0x080058c8   0x080058c8   0x000000b8   Code   RO         3487    i.UART_SetConfig    stm32f1xx_hal_uart.o
    0x08005980   0x08005980   0x00000090   Code   RO         3488    i.UART_Start_Receive_DMA  stm32f1xx_hal_uart.o
    0x08005a10   0x08005a10   0x0000000c   Code   RO          580    i.USART1_IRQHandler  stm32f1xx_it.o
    0x08005a1c   0x08005a1c   0x00000002   Code   RO          581    i.UsageFault_Handler  stm32f1xx_it.o
    0x08005a1e   0x08005a1e   0x00000002   PAD
    0x08005a20   0x08005a20   0x00000024   Code   RO         5598    i.WriteCmd          screen.o
    0x08005a44   0x08005a44   0x00000024   Code   RO         5599    i.WriteDat          screen.o
    0x08005a68   0x08005a68   0x00000028   Code   RO         6018    i.__ARM_fpclassify  m_ws.l(fpclassify.o)
    0x08005a90   0x08005a90   0x00000020   Code   RO         2507    i.__NVIC_SetPriority  stm32f1xx_hal_cortex.o
    0x08005ab0   0x08005ab0   0x0000000e   Code   RO         6148    i.__mathlib_dbl_overflow  m_ws.l(dunder.o)
    0x08005abe   0x08005abe   0x00000002   PAD
    0x08005ac0   0x08005ac0   0x00000010   Code   RO         6150    i.__mathlib_dbl_underflow  m_ws.l(dunder.o)
    0x08005ad0   0x08005ad0   0x00000010   Code   RO         6020    i.__mathlib_narrow  m_ws.l(narrow.o)
    0x08005ae0   0x08005ae0   0x000000bc   Code   RO         6021    i.__mathlib_tofloat  m_ws.l(narrow.o)
    0x08005b9c   0x08005b9c   0x00000016   Code   RO         6120    i.__support_ldexp   m_ws.l(ldexp.o)
    0x08005bb2   0x08005bb2   0x0000000e   Code   RO         5838    i._is_digit         c_w.l(__printf_wp.o)
    0x08005bc0   0x08005bc0   0x00000044   Code   RO          232    i.command_process   freertos.o
    0x08005c04   0x08005c04   0x0000000c   Code   RO         5664    i.denormalize_Attitude  pid.o
    0x08005c10   0x08005c10   0x0000000c   Code   RO         5665    i.denormalize_PWM   pid.o
    0x08005c1c   0x08005c1c   0x00000040   Code   RO         5707    i.direct            motor.o
    0x08005c5c   0x08005c5c   0x00000058   Code   RO         6097    i.frexp             m_ws.l(frexp.o)
    0x08005cb4   0x08005cb4   0x00000074   Code   RO         6121    i.ldexp             m_ws.l(ldexp.o)
    0x08005d28   0x08005d28   0x00000036   Code   RO           15    i.main              main.o
    0x08005d5e   0x08005d5e   0x00000002   PAD
    0x08005d60   0x08005d60   0x0000000c   Code   RO         5789    i.normalize_Attitude  attitude.o
    0x08005d6c   0x08005d6c   0x00000020   Code   RO         5666    i.normalize_Position  pid.o
    0x08005d8c   0x08005d8c   0x0000001a   Code   RO         4944    i.osDelay           cmsis_os2.o
    0x08005da6   0x08005da6   0x00000002   PAD
    0x08005da8   0x08005da8   0x00000024   Code   RO         4958    i.osKernelInitialize  cmsis_os2.o
    0x08005dcc   0x08005dcc   0x00000038   Code   RO         4961    i.osKernelStart     cmsis_os2.o
    0x08005e04   0x08005e04   0x0000008a   Code   RO         5003    i.osThreadNew       cmsis_os2.o
    0x08005e8e   0x08005e8e   0x00000002   PAD
    0x08005e90   0x08005e90   0x0000005c   Code   RO         4403    i.prvAddCurrentTaskToDelayedList  tasks.o
    0x08005eec   0x08005eec   0x000000d0   Code   RO         4404    i.prvAddNewTaskToReadyList  tasks.o
    0x08005fbc   0x08005fbc   0x00000058   Code   RO         4768    i.prvCheckForValidListAndQueue  timers.o
    0x08006014   0x08006014   0x00000026   Code   RO         4000    i.prvCopyDataFromQueue  queue.o
    0x0800603a   0x0800603a   0x0000006c   Code   RO         4001    i.prvCopyDataToQueue  queue.o
    0x080060a6   0x080060a6   0x00000034   Code   RO         4405    i.prvDeleteTCB      tasks.o
    0x080060da   0x080060da   0x00000002   PAD
    0x080060dc   0x080060dc   0x0000004c   Code   RO         5455    i.prvHeapInit       heap_4.o
    0x08006128   0x08006128   0x00000060   Code   RO         4406    i.prvIdleTask       tasks.o
    0x08006188   0x08006188   0x00000022   Code   RO         4003    i.prvInitialiseNewQueue  queue.o
    0x080061aa   0x080061aa   0x00000002   PAD
    0x080061ac   0x080061ac   0x000000b0   Code   RO         4407    i.prvInitialiseNewTask  tasks.o
    0x0800625c   0x0800625c   0x0000004c   Code   RO         5456    i.prvInsertBlockIntoFreeList  heap_4.o
    0x080062a8   0x080062a8   0x00000038   Code   RO         4770    i.prvInsertTimerInActiveList  timers.o
    0x080062e0   0x080062e0   0x0000001c   Code   RO         4004    i.prvIsQueueEmpty   queue.o
    0x080062fc   0x080062fc   0x000000fc   Code   RO         4771    i.prvProcessReceivedCommands  timers.o
    0x080063f8   0x080063f8   0x000000c0   Code   RO         4772    i.prvProcessTimerOrBlockTask  timers.o
    0x080064b8   0x080064b8   0x00000020   Code   RO         4409    i.prvResetNextTaskUnblockTime  tasks.o
    0x080064d8   0x080064d8   0x00000028   Code   RO         4773    i.prvSampleTimeNow  timers.o
    0x08006500   0x08006500   0x0000006c   Code   RO         4774    i.prvSwitchTimerLists  timers.o
    0x0800656c   0x0800656c   0x00000028   Code   RO         5511    i.prvTaskExitError  port.o
    0x08006594   0x08006594   0x00000024   Code   RO         4775    i.prvTimerTask      timers.o
    0x080065b8   0x080065b8   0x0000006a   Code   RO         4005    i.prvUnlockQueue    queue.o
    0x08006622   0x08006622   0x00000002   PAD
    0x08006624   0x08006624   0x000000dc   Code   RO         5457    i.pvPortMalloc      heap_4.o
    0x08006700   0x08006700   0x00000024   Code   RO         5512    i.pxPortInitialiseStack  port.o
    0x08006724   0x08006724   0x00000026   Code   RO         3960    i.uxListRemove      list.o
    0x0800674a   0x0800674a   0x00000002   PAD
    0x0800674c   0x0800674c   0x00000014   Code   RO         5015    i.vApplicationGetIdleTaskMemory  cmsis_os2.o
    0x08006760   0x08006760   0x00000018   Code   RO         5016    i.vApplicationGetTimerTaskMemory  cmsis_os2.o
    0x08006778   0x08006778   0x00000016   Code   RO         3961    i.vListInitialise   list.o
    0x0800678e   0x0800678e   0x00000006   Code   RO         3962    i.vListInitialiseItem  list.o
    0x08006794   0x08006794   0x00000030   Code   RO         3963    i.vListInsert       list.o
    0x080067c4   0x080067c4   0x00000018   Code   RO         3964    i.vListInsertEnd    list.o
    0x080067dc   0x080067dc   0x00000040   Code   RO         5514    i.vPortEnterCritical  port.o
    0x0800681c   0x0800681c   0x00000028   Code   RO         5515    i.vPortExitCritical  port.o
    0x08006844   0x08006844   0x00000064   Code   RO         5458    i.vPortFree         heap_4.o
    0x080068a8   0x080068a8   0x00000024   Code   RO         5516    i.vPortSetupTimerInterrupt  port.o
    0x080068cc   0x080068cc   0x00000054   Code   RO         5517    i.vPortValidateInterruptPriority  port.o
    0x08006920   0x08006920   0x00000028   Code   RO         4011    i.vQueueAddToRegistry  queue.o
    0x08006948   0x08006948   0x00000044   Code   RO         4015    i.vQueueWaitForMessageRestricted  queue.o
    0x0800698c   0x0800698c   0x0000004c   Code   RO         4422    i.vTaskDelay        tasks.o
    0x080069d8   0x080069d8   0x00000010   Code   RO         4427    i.vTaskInternalSetTimeOutState  tasks.o
    0x080069e8   0x080069e8   0x0000000c   Code   RO         4428    i.vTaskMissedYield  tasks.o
    0x080069f4   0x080069f4   0x00000030   Code   RO         4430    i.vTaskPlaceOnEventList  tasks.o
    0x08006a24   0x08006a24   0x00000038   Code   RO         4431    i.vTaskPlaceOnEventListRestricted  tasks.o
    0x08006a5c   0x08006a5c   0x00000088   Code   RO         4439    i.vTaskStartScheduler  tasks.o
    0x08006ae4   0x08006ae4   0x00000010   Code   RO         4441    i.vTaskSuspendAll   tasks.o
    0x08006af4   0x08006af4   0x00000064   Code   RO         4442    i.vTaskSwitchContext  tasks.o
    0x08006b58   0x08006b58   0x000000a8   Code   RO         5518    i.xPortStartScheduler  port.o
    0x08006c00   0x08006c00   0x0000002c   Code   RO         5519    i.xPortSysTickHandler  port.o
    0x08006c2c   0x08006c2c   0x00000066   Code   RO         4021    i.xQueueGenericCreateStatic  queue.o
    0x08006c92   0x08006c92   0x00000002   PAD
    0x08006c94   0x08006c94   0x00000088   Code   RO         4022    i.xQueueGenericReset  queue.o
    0x08006d1c   0x08006d1c   0x00000160   Code   RO         4023    i.xQueueGenericSend  queue.o
    0x08006e7c   0x08006e7c   0x000000be   Code   RO         4024    i.xQueueGenericSendFromISR  queue.o
    0x08006f3a   0x08006f3a   0x00000002   PAD
    0x08006f3c   0x08006f3c   0x00000138   Code   RO         4033    i.xQueueReceive     queue.o
    0x08007074   0x08007074   0x00000074   Code   RO         4444    i.xTaskCheckForTimeOut  tasks.o
    0x080070e8   0x080070e8   0x0000005a   Code   RO         4445    i.xTaskCreate       tasks.o
    0x08007142   0x08007142   0x00000056   Code   RO         4446    i.xTaskCreateStatic  tasks.o
    0x08007198   0x08007198   0x0000001c   Code   RO         4450    i.xTaskGetSchedulerState  tasks.o
    0x080071b4   0x080071b4   0x0000000c   Code   RO         4451    i.xTaskGetTickCount  tasks.o
    0x080071c0   0x080071c0   0x000000c8   Code   RO         4453    i.xTaskIncrementTick  tasks.o
    0x08007288   0x08007288   0x00000080   Code   RO         4456    i.xTaskPriorityDisinherit  tasks.o
    0x08007308   0x08007308   0x00000070   Code   RO         4458    i.xTaskRemoveFromEventList  tasks.o
    0x08007378   0x08007378   0x000000c4   Code   RO         4459    i.xTaskResumeAll    tasks.o
    0x0800743c   0x0800743c   0x00000060   Code   RO         4784    i.xTimerCreateTimerTask  timers.o
    0x0800749c   0x0800749c   0x00000068   Code   RO         4785    i.xTimerGenericCommand  timers.o
    0x08007504   0x08007504   0x0000002c   Code   RO         6004    locale$$code        c_w.l(lc_numeric_c.o)
    0x08007530   0x08007530   0x0000002c   Code   RO         6107    locale$$code        c_w.l(lc_ctype_c.o)
    0x0800755c   0x0800755c   0x00000062   Code   RO         5870    x$fpl$d2f           fz_ws.l(d2f.o)
    0x080075be   0x080075be   0x00000002   PAD
    0x080075c0   0x080075c0   0x00000150   Code   RO         5872    x$fpl$dadd          fz_ws.l(daddsub_clz.o)
    0x08007710   0x08007710   0x00000010   Code   RO         6142    x$fpl$dcheck1       fz_ws.l(dcheck1.o)
    0x08007720   0x08007720   0x00000018   Code   RO         6111    x$fpl$dcmpinf       fz_ws.l(dcmpi.o)
    0x08007738   0x08007738   0x000002b0   Code   RO         5879    x$fpl$ddiv          fz_ws.l(ddiv.o)
    0x080079e8   0x080079e8   0x00000078   Code   RO         6092    x$fpl$deqf          fz_ws.l(deqf.o)
    0x08007a60   0x08007a60   0x0000002e   Code   RO         5883    x$fpl$dflt          fz_ws.l(dflt_clz.o)
    0x08007a8e   0x08007a8e   0x00000002   PAD
    0x08007a90   0x08007a90   0x00000078   Code   RO         6113    x$fpl$dleqf         fz_ws.l(dleqf.o)
    0x08007b08   0x08007b08   0x00000154   Code   RO         5888    x$fpl$dmul          fz_ws.l(dmul.o)
    0x08007c5c   0x08007c5c   0x0000009c   Code   RO         5934    x$fpl$dnaninf       fz_ws.l(dnaninf.o)
    0x08007cf8   0x08007cf8   0x0000000c   Code   RO         5936    x$fpl$dretinf       fz_ws.l(dretinf.o)
    0x08007d04   0x08007d04   0x0000006c   Code   RO         6094    x$fpl$drleqf        fz_ws.l(drleqf.o)
    0x08007d70   0x08007d70   0x000001d4   Code   RO         5874    x$fpl$dsub          fz_ws.l(daddsub_clz.o)
    0x08007f44   0x08007f44   0x00000056   Code   RO         5890    x$fpl$f2d           fz_ws.l(f2d.o)
    0x08007f9a   0x08007f9a   0x00000002   PAD
    0x08007f9c   0x08007f9c   0x000000c4   Code   RO         5892    x$fpl$fadd          fz_ws.l(faddsub_clz.o)
    0x08008060   0x08008060   0x00000184   Code   RO         5899    x$fpl$fdiv          fz_ws.l(fdiv.o)
    0x080081e4   0x080081e4   0x00000036   Code   RO         5902    x$fpl$ffix          fz_ws.l(ffix.o)
    0x0800821a   0x0800821a   0x00000002   PAD
    0x0800821c   0x0800821c   0x00000026   Code   RO         5906    x$fpl$ffltu         fz_ws.l(fflt_clz.o)
    0x08008242   0x08008242   0x00000002   PAD
    0x08008244   0x08008244   0x00000102   Code   RO         5912    x$fpl$fmul          fz_ws.l(fmul.o)
    0x08008346   0x08008346   0x0000008c   Code   RO         5938    x$fpl$fnaninf       fz_ws.l(fnaninf.o)
    0x080083d2   0x080083d2   0x0000000a   Code   RO         5940    x$fpl$fretinf       fz_ws.l(fretinf.o)
    0x080083dc   0x080083dc   0x000000ea   Code   RO         5894    x$fpl$fsub          fz_ws.l(faddsub_clz.o)
    0x080084c6   0x080084c6   0x00000006   Code   RO         6010    x$fpl$ieeestatus    fz_ws.l(istatus.o)
    0x080084cc   0x080084cc   0x00000004   Code   RO         5914    x$fpl$printf1       fz_ws.l(printf1.o)
    0x080084d0   0x080084d0   0x00000064   Code   RO         6172    x$fpl$retnan        fz_ws.l(retnan.o)
    0x08008534   0x08008534   0x0000005c   Code   RO         6117    x$fpl$scalbn        fz_ws.l(scalbn.o)
    0x08008590   0x08008590   0x00000004   Code   RO         5916    x$fpl$scanf1        fz_ws.l(scanf1.o)
    0x08008594   0x08008594   0x00000008   Code   RO         6012    x$fpl$scanf2        fz_ws.l(scanf2.o)
    0x0800859c   0x0800859c   0x00000030   Code   RO         6199    x$fpl$trapveneer    fz_ws.l(trapv.o)
    0x080085cc   0x080085cc   0x00000000   Code   RO         5942    x$fpl$usenofp       fz_ws.l(usenofp.o)
    0x080085cc   0x080085cc   0x00000090   Data   RO          234    .constdata          freertos.o
    0x0800865c   0x0800865c   0x00000012   Data   RO         2205    .constdata          stm32f1xx_hal_rcc.o
    0x0800866e   0x0800866e   0x00000010   Data   RO         3796    .constdata          system_stm32f1xx.o
    0x0800867e   0x0800867e   0x00000008   Data   RO         3797    .constdata          system_stm32f1xx.o
    0x08008686   0x08008686   0x000005f0   Data   RO         5733    .constdata          fonts.o
    0x08008c76   0x08008c76   0x00000011   Data   RO         5841    .constdata          c_w.l(__printf_flags_wp.o)
    0x08008c87   0x08008c87   0x00000001   PAD
    0x08008c88   0x08008c88   0x00000094   Data   RO         5979    .constdata          c_w.l(bigflt0.o)
    0x08008d1c   0x08008d1c   0x0000002c   Data   RO          235    .conststring        freertos.o
    0x08008d48   0x08008d48   0x00000020   Data   RO         6225    Region$$Table       anon$$obj.o
    0x08008d68   0x08008d68   0x00000008   Data   RO         6006    c$$dinf             fz_ws.l(fpconst.o)
    0x08008d70   0x08008d70   0x00000008   Data   RO         6009    c$$dmax             fz_ws.l(fpconst.o)
    0x08008d78   0x08008d78   0x0000001c   Data   RO         6003    locale$$data        c_w.l(lc_numeric_c.o)
    0x08008d94   0x08008d94   0x00000110   Data   RO         6106    locale$$data        c_w.l(lc_ctype_c.o)


    Execution Region RW_IRAM1 (Exec base: 0x20000000, Load base: 0x08008ea4, Size: 0x00002350, Max: 0x00005000, ABSOLUTE)

    Exec Addr    Load Addr    Size         Type   Attr      Idx    E Section Name        Object

    0x20000000   0x08008ea4   0x00000048   Data   RW          236    .data               freertos.o
    0x20000048   0x08008eec   0x0000000c   Data   RW         2042    .data               stm32f1xx_hal.o
    0x20000054   0x08008ef8   0x00000004   Data   RW         3798    .data               system_stm32f1xx.o
    0x20000058   0x08008efc   0x0000003c   Data   RW         4462    .data               tasks.o
    0x20000094   0x08008f38   0x00000014   Data   RW         4793    .data               timers.o
    0x200000a8   0x08008f4c   0x00000004   Data   RW         5018    .data               cmsis_os2.o
    0x200000ac   0x08008f50   0x00000020   Data   RW         5464    .data               heap_4.o
    0x200000cc   0x08008f70   0x0000000c   Data   RW         5520    .data               port.o
    0x200000d8   0x08008f7c   0x00000002   Data   RW         5771    .data               data.o
    0x200000da   0x08008f7e   0x00000001   Data   RW         5772    .data               data.o
    0x200000db   0x08008f7f   0x00000001   Data   RW         5773    .data               data.o
    0x200000dc   0x08008f80   0x00000008   Data   RW         5790    .data               attitude.o
    0x200000e4        -       0x00000060   Zero   RW          233    .bss                freertos.o
    0x20000144        -       0x00000074   Zero   RW          338    .bss                adc.o
    0x200001b8        -       0x00000054   Zero   RW          404    .bss                i2c.o
    0x2000020c        -       0x000000d8   Zero   RW          453    .bss                tim.o
    0x200002e4        -       0x000000d0   Zero   RW          530    .bss                usart.o
    0x200003b4        -       0x00000048   Zero   RW          696    .bss                stm32f1xx_hal_timebase_tim.o
    0x200003fc        -       0x00000040   Zero   RW         4037    .bss                queue.o
    0x2000043c        -       0x000004c4   Zero   RW         4461    .bss                tasks.o
    0x20000900        -       0x00000118   Zero   RW         4792    .bss                timers.o
    0x20000a18        -       0x000006b8   Zero   RW         5017    .bss                cmsis_os2.o
    0x200010d0        -       0x00000c00   Zero   RW         5463    .bss                heap_4.o
    0x20001cd0        -       0x00000014   Zero   RW         5769    .bss                data.o
    0x20001ce4        -       0x0000000c   Zero   RW         5770    .bss                data.o
    0x20001cf0        -       0x00000060   Zero   RW         6027    .bss                c_w.l(libspace.o)
    0x20001d50        -       0x00000200   Zero   RW            2    HEAP                startup_stm32f103xb.o
    0x20001f50        -       0x00000400   Zero   RW            1    STACK               startup_stm32f103xb.o


==============================================================================

Image component sizes


      Code (inc. data)   RO Data    RW Data    ZI Data      Debug   Object Name

       240         30          0          0        116       1667   adc.o
       100         24          0          8          0       1100   attitude.o
       326         22          0          4       1720      58307   cmsis_os2.o
         0          0          0          4         32        601   data.o
        76          4          0          0          0        730   dma.o
        20          6          0          0          0        440   encoder.o
         0          0          0          0          0      19504   event_groups.o
         0          0       1520          0          0        463   fonts.o
       968        260        188         72         96       5990   freertos.o
       128          8          0          0          0        907   gpio.o
       472         24          0         32       3072       4631   heap_4.o
       176         30          0          0         84       1577   i2c.o
       138          0          0          0          0       3266   list.o
       178          0          0          0          0     467188   main.o
       128         18          0          0          0        999   motor.o
       312         56          0          0          0       2260   pid.o
       662         70          0         12          0      10477   port.o
      1514         20          0          0         64      16732   queue.o
       496         14          0          0          0       4911   screen.o
        64         26        236          0       1536        788   startup_stm32f103xb.o
       100         18          0         12          0       5094   stm32f1xx_hal.o
      1548         64          0          0          0      10370   stm32f1xx_hal_adc.o
         2          0          0          0          0       1013   stm32f1xx_hal_adc_ex.o
       158         14          0          0          0      28078   stm32f1xx_hal_cortex.o
       808         36          0          0          0       4838   stm32f1xx_hal_dma.o
       490         34          0          0          0       2824   stm32f1xx_hal_gpio.o
      1414         32          0          0          0       9187   stm32f1xx_hal_i2c.o
        72         10          0          0          0        826   stm32f1xx_hal_msp.o
      1304         94         18          0          0       5597   stm32f1xx_hal_rcc.o
       236         12          0          0          0       1340   stm32f1xx_hal_rcc_ex.o
      2042         56          0          0          0      17031   stm32f1xx_hal_tim.o
       108         12          0          0          0       2321   stm32f1xx_hal_tim_ex.o
       152         20          0          0         72       1415   stm32f1xx_hal_timebase_tim.o
      1882         38          0          0          0      14219   stm32f1xx_hal_uart.o
        96         42          0          0          0       5397   stm32f1xx_it.o
         0          0          0          0          0        384   stream_buffer.o
         2          0         24          4          0       1055   system_stm32f1xx.o
      2084        168          0         60       1220      25632   tasks.o
       576         60          0          0        216       4510   tim.o
       972         80          0         20        280      31679   timers.o
       276         30          0          0        208       1800   usart.o

    ----------------------------------------------------------------------
     20372       1432       2018        228       8716     777148   Object Totals
         0          0         32          0          0          0   (incl. Generated)
        52          0          0          0          0          0   (incl. Padding)

    ----------------------------------------------------------------------

      Code (inc. data)   RO Data    RW Data    ZI Data      Debug   Library Member Name

        60          8          0          0          0         84   __0sscanf.o
         8          0          0          0          0         68   __main.o
       312          4         17          0          0         92   __printf_flags_wp.o
        14          0          0          0          0         68   __printf_wp.o
         0          0          0          0          0          0   __rtentry.o
        12          0          0          0          0          0   __rtentry2.o
         6          0          0          0          0          0   __rtentry4.o
        52          8          0          0          0          0   __scatter.o
        26          0          0          0          0          0   __scatter_copy.o
        28          0          0          0          0          0   __scatter_zi.o
        28          0          0          0          0         68   _chval.o
        48          6          0          0          0         96   _printf_char_common.o
         6          0          0          0          0          0   _printf_f.o
      1054          0          0          0          0        216   _printf_fp_dec.o
       128         16          0          0          0         84   _printf_fp_infnan.o
        78          0          0          0          0        108   _printf_pad.o
         0          0          0          0          0          0   _printf_percent.o
         4          0          0          0          0          0   _printf_percent_end.o
        22          0          0          0          0        100   _rserrno.o
       884          6          0          0          0        100   _scanf.o
       224          0          0          0          0         96   _scanf_str.o
        64          0          0          0          0         84   _sgetc.o
        10          0          0          0          0         68   _sputc.o
        16          0          0          0          0         68   aeabi_memset.o
       228          4        148          0          0         96   bigflt0.o
      2152        136          0          0          0        960   btod.o
        18          0          0          0          0         80   exit.o
         6          0          0          0          0        152   heapauxi.o
         0          0          0          0          0          0   indicate_semi.o
        18          0          0          0          0         76   isspace.o
        44         10        272          0          0         76   lc_ctype_c.o
        44         10         28          0          0         76   lc_numeric_c.o
         2          0          0          0          0          0   libinit.o
        30          0          0          0          0          0   libinit2.o
         2          0          0          0          0          0   libshutdown.o
         2          0          0          0          0          0   libshutdown2.o
         8          4          0          0         96         68   libspace.o
        38          0          0          0          0         68   llshl.o
       138          0          0          0          0         80   lludiv10.o
        40          6          0          0          0         84   noretval__2sprintf.o
        16          4          0          0          0         76   rt_ctype_table.o
         8          4          0          0          0         68   rt_errno_addr_intlibspace.o
         8          4          0          0          0         68   rt_locale_intlibspace.o
        68          0          0          0          0         68   rt_memclr.o
        78          0          0          0          0         80   rt_memclr_w.o
       138          0          0          0          0         68   rt_memcpy_v6.o
       100          0          0          0          0         80   rt_memcpy_w.o
         2          0          0          0          0          0   rtexit.o
        10          0          0          0          0          0   rtexit2.o
        44          8          0          0          0         84   scanf_char.o
      1272         16          0          0          0        168   scanf_fp.o
       800         14          0          0          0        100   scanf_hexfp.o
       308         16          0          0          0        100   scanf_infnan.o
       128          0          0          0          0         68   strcmpv7m.o
        12          4          0          0          0         68   sys_exit.o
        74          0          0          0          0         80   sys_stackheap_outer.o
         2          0          0          0          0         68   use_no_semi.o
        98          4          0          0          0         92   d2f.o
       804         16          0          0          0        272   daddsub_clz.o
        16          4          0          0          0         68   dcheck1.o
        24          0          0          0          0         68   dcmpi.o
       688        140          0          0          0        208   ddiv.o
       120          4          0          0          0         92   deqf.o
        46          0          0          0          0         68   dflt_clz.o
       120          4          0          0          0         92   dleqf.o
       340         12          0          0          0        104   dmul.o
       156          4          0          0          0         92   dnaninf.o
        12          0          0          0          0         68   dretinf.o
       108          0          0          0          0         80   drleqf.o
        86          4          0          0          0         84   f2d.o
       430          8          0          0          0        168   faddsub_clz.o
       388         76          0          0          0         96   fdiv.o
        54          4          0          0          0         84   ffix.o
        38          0          0          0          0         68   fflt_clz.o
       258          4          0          0          0         84   fmul.o
       140          4          0          0          0         84   fnaninf.o
         0          0         16          0          0          0   fpconst.o
        10          0          0          0          0         68   fretinf.o
         6          0          0          0          0         68   istatus.o
         4          0          0          0          0         68   printf1.o
       100          0          0          0          0         68   retnan.o
        92          0          0          0          0         68   scalbn.o
         4          0          0          0          0         68   scanf1.o
         8          0          0          0          0         84   scanf2.o
        48          0          0          0          0         68   trapv.o
         0          0          0          0          0          0   usenofp.o
        30          6          0          0          0        136   dunder.o
        40          0          0          0          0         68   fpclassify.o
        88          8          0          0          0         76   frexp.o
       138          0          0          0          0        160   ldexp.o
       204          4          0          0          0        168   narrow.o

    ----------------------------------------------------------------------
     13644        596        482          0         96       7600   Library Totals
        24          2          1          0          0          0   (incl. Padding)

    ----------------------------------------------------------------------

      Code (inc. data)   RO Data    RW Data    ZI Data      Debug   Library Name

      8922        288        465          0         96       4460   c_w.l
      4198        288         16          0          0       2532   fz_ws.l
       500         18          0          0          0        608   m_ws.l

    ----------------------------------------------------------------------
     13644        596        482          0         96       7600   Library Totals

    ----------------------------------------------------------------------

==============================================================================


      Code (inc. data)   RO Data    RW Data    ZI Data      Debug   

     34016       2028       2500        228       8812     769144   Grand Totals
     34016       2028       2500        228       8812     769144   ELF Image Totals
     34016       2028       2500        228          0          0   ROM Totals

==============================================================================

    Total RO  Size (Code + RO Data)                36516 (  35.66kB)
    Total RW  Size (RW Data + ZI Data)              9040 (   8.83kB)
    Total ROM Size (Code + RO Data + RW Data)      36744 (  35.88kB)

==============================================================================

