Component: ARM Compiler 5.06 update 5 (build 528) Tool: armlink [4d35e2]

==============================================================================

Section Cross References

    startup_stm32f103xb.o(RESET) refers to startup_stm32f103xb.o(STACK) for __initial_sp
    startup_stm32f103xb.o(RESET) refers to startup_stm32f103xb.o(.text) for Reset_Handler
    startup_stm32f103xb.o(RESET) refers to stm32f1xx_it.o(i.NMI_Handler) for NMI_Handler
    startup_stm32f103xb.o(RESET) refers to stm32f1xx_it.o(i.HardFault_Handler) for HardFault_Handler
    startup_stm32f103xb.o(RESET) refers to stm32f1xx_it.o(i.MemManage_Handler) for MemManage_Handler
    startup_stm32f103xb.o(RESET) refers to stm32f1xx_it.o(i.BusFault_Handler) for BusFault_Handler
    startup_stm32f103xb.o(RESET) refers to stm32f1xx_it.o(i.UsageFault_Handler) for UsageFault_Handler
    startup_stm32f103xb.o(RESET) refers to port.o(.emb_text) for SVC_Handler
    startup_stm32f103xb.o(RESET) refers to stm32f1xx_it.o(i.DebugMon_Handler) for DebugMon_Handler
    startup_stm32f103xb.o(RESET) refers to cmsis_os2.o(i.SysTick_Handler) for SysTick_Handler
    startup_stm32f103xb.o(RESET) refers to stm32f1xx_it.o(i.TIM4_IRQHandler) for TIM4_IRQHandler
    startup_stm32f103xb.o(.text) refers to system_stm32f1xx.o(i.SystemInit) for SystemInit
    startup_stm32f103xb.o(.text) refers to entry.o(.ARM.Collect$$$$00000000) for __main
    main.o(i.HAL_TIM_PeriodElapsedCallback) refers to stm32f1xx_hal.o(i.HAL_IncTick) for HAL_IncTick
    main.o(i.SystemClock_Config) refers to memseta.o(.text) for __aeabi_memclr4
    main.o(i.SystemClock_Config) refers to stm32f1xx_hal_rcc.o(i.HAL_RCC_OscConfig) for HAL_RCC_OscConfig
    main.o(i.SystemClock_Config) refers to stm32f1xx_hal_rcc.o(i.HAL_RCC_ClockConfig) for HAL_RCC_ClockConfig
    main.o(i.main) refers to stm32f1xx_hal.o(i.HAL_Init) for HAL_Init
    main.o(i.main) refers to main.o(i.SystemClock_Config) for SystemClock_Config
    main.o(i.main) refers to gpio.o(i.MX_GPIO_Init) for MX_GPIO_Init
    main.o(i.main) refers to i2c.o(i.MX_I2C1_Init) for MX_I2C1_Init
    main.o(i.main) refers to i2c.o(i.MX_I2C2_Init) for MX_I2C2_Init
    main.o(i.main) refers to cmsis_os2.o(i.osKernelInitialize) for osKernelInitialize
    main.o(i.main) refers to freertos.o(i.MX_FREERTOS_Init) for MX_FREERTOS_Init
    main.o(i.main) refers to cmsis_os2.o(i.osKernelStart) for osKernelStart
    freertos.o(i.MX_FREERTOS_Init) refers to mpu6050.o(i.MPU6050_Init) for MPU6050_Init
    freertos.o(i.MX_FREERTOS_Init) refers to kalman_filter.o(i.KalmanFilter_Init) for KalmanFilter_Init
    freertos.o(i.MX_FREERTOS_Init) refers to attitude.o(i.AttitudeSolver_Init) for AttitudeSolver_Init
    freertos.o(i.MX_FREERTOS_Init) refers to screen.o(i.OLED_Init) for OLED_Init
    freertos.o(i.MX_FREERTOS_Init) refers to screen.o(i.OLED_ON) for OLED_ON
    freertos.o(i.MX_FREERTOS_Init) refers to screen.o(i.OLED_CLS) for OLED_CLS
    freertos.o(i.MX_FREERTOS_Init) refers to cmsis_os2.o(i.osThreadNew) for osThreadNew
    freertos.o(i.MX_FREERTOS_Init) refers to memseta.o(.text) for __aeabi_memclr4
    freertos.o(i.MX_FREERTOS_Init) refers to memcpya.o(.text) for __aeabi_memcpy4
    freertos.o(i.MX_FREERTOS_Init) refers to freertos.o(.constdata) for .constdata
    freertos.o(i.MX_FREERTOS_Init) refers to freertos.o(i.StartDefaultTask) for StartDefaultTask
    freertos.o(i.MX_FREERTOS_Init) refers to freertos.o(.data) for .data
    freertos.o(i.MX_FREERTOS_Init) refers to freertos.o(i.TASK_MPU_F) for TASK_MPU_F
    freertos.o(i.MX_FREERTOS_Init) refers to freertos.o(i.TASK_TRANS_F) for TASK_TRANS_F
    freertos.o(i.StartDefaultTask) refers to cmsis_os2.o(i.osDelay) for osDelay
    freertos.o(i.TASK_MPU_F) refers to mpu6050.o(i.MPU6050_Read) for MPU6050_Read
    freertos.o(i.TASK_MPU_F) refers to kalman_filter.o(i.KalmanFilter_Update) for KalmanFilter_Update
    freertos.o(i.TASK_MPU_F) refers to attitude.o(i.AttitudeSolver_Update) for AttitudeSolver_Update
    freertos.o(i.TASK_MPU_F) refers to cmsis_os2.o(i.osDelay) for osDelay
    freertos.o(i.TASK_MPU_F) refers to data.o(.data) for gz_filt
    freertos.o(i.TASK_MPU_F) refers to data.o(.data) for gy_filt
    freertos.o(i.TASK_MPU_F) refers to data.o(.data) for gx_filt
    freertos.o(i.TASK_MPU_F) refers to data.o(.data) for az_filt
    freertos.o(i.TASK_MPU_F) refers to data.o(.data) for ay_filt
    freertos.o(i.TASK_MPU_F) refers to data.o(.data) for ax_filt
    freertos.o(i.TASK_MPU_F) refers to data.o(.data) for Gz
    freertos.o(i.TASK_MPU_F) refers to data.o(.data) for Gy
    freertos.o(i.TASK_MPU_F) refers to data.o(.data) for Gx
    freertos.o(i.TASK_MPU_F) refers to data.o(.data) for Az
    freertos.o(i.TASK_MPU_F) refers to data.o(.data) for Ay
    freertos.o(i.TASK_MPU_F) refers to data.o(.data) for Ax
    freertos.o(i.TASK_MPU_F) refers to data.o(.data) for yaw
    freertos.o(i.TASK_MPU_F) refers to data.o(.data) for pitch
    freertos.o(i.TASK_MPU_F) refers to data.o(.data) for roll
[...]
    Kalman_Update                            0x080025ad   Thumb Code   560  kalman_filter.o(i.Kalman_Update)
    i.MPU6050_Init                           0x08002804   Section        0  mpu6050.o(i.MPU6050_Init)
    i.MPU6050_Read                           0x080028b4   Section        0  mpu6050.o(i.MPU6050_Read)
    i.MX_FREERTOS_Init                       0x080029d8   Section        0  freertos.o(i.MX_FREERTOS_Init)
    i.MX_GPIO_Init                           0x08002a5c   Section        0  gpio.o(i.MX_GPIO_Init)
    i.MX_I2C1_Init                           0x08002aa8   Section        0  i2c.o(i.MX_I2C1_Init)
    i.MX_I2C2_Init                           0x08002ae8   Section        0  i2c.o(i.MX_I2C2_Init)
    i.MemManage_Handler                      0x08002b28   Section        0  stm32f1xx_it.o(i.MemManage_Handler)
    i.NMI_Handler                            0x08002b2a   Section        0  stm32f1xx_it.o(i.NMI_Handler)
    i.OLED_CLS                               0x08002b2c   Section        0  screen.o(i.OLED_CLS)
    i.OLED_Fill                              0x08002b34   Section        0  screen.o(i.OLED_Fill)
    i.OLED_Init                              0x08002b6c   Section        0  screen.o(i.OLED_Init)
    i.OLED_ON                                0x08002c20   Section        0  screen.o(i.OLED_ON)
    i.OLED_SetPos                            0x08002c38   Section        0  screen.o(i.OLED_SetPos)
    i.OLED_ShowChar                          0x08002c60   Section        0  screen.o(i.OLED_ShowChar)
    i.OLED_ShowString                        0x08002cac   Section        0  screen.o(i.OLED_ShowString)
    i.Quaternion_ToEuler                     0x08002cd8   Section        0  attitude.o(i.Quaternion_ToEuler)
    Quaternion_ToEuler                       0x08002cd9   Thumb Code   256  attitude.o(i.Quaternion_ToEuler)
    i.StartDefaultTask                       0x08002de0   Section        0  freertos.o(i.StartDefaultTask)
    i.SysTick_Handler                        0x08002de8   Section        0  cmsis_os2.o(i.SysTick_Handler)
    i.SystemClock_Config                     0x08002e02   Section        0  main.o(i.SystemClock_Config)
    i.SystemInit                             0x08002e60   Section        0  system_stm32f1xx.o(i.SystemInit)
    i.TASK_MPU_F                             0x08002e64   Section        0  freertos.o(i.TASK_MPU_F)
    i.TASK_TRANS_F                           0x08002f18   Section        0  freertos.o(i.TASK_TRANS_F)
    i.TIM4_IRQHandler                        0x08002fc8   Section        0  stm32f1xx_it.o(i.TIM4_IRQHandler)
    i.TIM_Base_SetConfig                     0x08002fd4   Section        0  stm32f1xx_hal_tim.o(i.TIM_Base_SetConfig)
    i.Triple_MovingAverage                   0x0800304c   Section        0  kalman_filter.o(i.Triple_MovingAverage)
    Triple_MovingAverage                     0x0800304d   Thumb Code   240  kalman_filter.o(i.Triple_MovingAverage)
    i.UsageFault_Handler                     0x08003150   Section        0  stm32f1xx_it.o(i.UsageFault_Handler)
    i.WriteCmd                               0x08003154   Section        0  screen.o(i.WriteCmd)
    i.WriteDat                               0x08003178   Section        0  screen.o(i.WriteDat)
    i.__0sprintf                             0x0800319c   Section        0  printfa.o(i.__0sprintf)
    i.__ARM_fpclassifyf                      0x080031c4   Section        0  fpclassifyf.o(i.__ARM_fpclassifyf)
    i.__NVIC_SetPriority                     0x080031ea   Section        0  stm32f1xx_hal_cortex.o(i.__NVIC_SetPriority)
    __NVIC_SetPriority                       0x080031eb   Thumb Code    32  stm32f1xx_hal_cortex.o(i.__NVIC_SetPriority)
    i.__mathlib_flt_infnan                   0x0800320a   Section        0  funder.o(i.__mathlib_flt_infnan)
    i.__mathlib_flt_infnan2                  0x08003210   Section        0  funder.o(i.__mathlib_flt_infnan2)
    i.__mathlib_flt_invalid                  0x08003214   Section        0  funder.o(i.__mathlib_flt_invalid)
    i.__mathlib_flt_underflow                0x0800321c   Section        0  funder.o(i.__mathlib_flt_underflow)
    i.__scatterload_copy                     0x08003226   Section       14  handlers.o(i.__scatterload_copy)
    i.__scatterload_null                     0x08003234   Section        2  handlers.o(i.__scatterload_null)
    i.__scatterload_zeroinit                 0x08003236   Section       14  handlers.o(i.__scatterload_zeroinit)
    i.__set_errno                            0x08003244   Section        0  errno.o(i.__set_errno)
    i._fp_digits                             0x08003250   Section        0  printfa.o(i._fp_digits)
    _fp_digits                               0x08003251   Thumb Code   366  printfa.o(i._fp_digits)
    i._printf_core                           0x080033d4   Section        0  printfa.o(i._printf_core)
    _printf_core                             0x080033d5   Thumb Code  1744  printfa.o(i._printf_core)
    i._printf_post_padding                   0x08003ab0   Section        0  printfa.o(i._printf_post_padding)
    _printf_post_padding                     0x08003ab1   Thumb Code    36  printfa.o(i._printf_post_padding)
    i._printf_pre_padding                    0x08003ad4   Section        0  printfa.o(i._printf_pre_padding)
    _printf_pre_padding                      0x08003ad5   Thumb Code    46  printfa.o(i._printf_pre_padding)
    i._sputc                                 0x08003b02   Section        0  printfa.o(i._sputc)
    _sputc                                   0x08003b03   Thumb Code    10  printfa.o(i._sputc)
    i.asinf                                  0x08003b0c   Section        0  asinf.o(i.asinf)
    i.atan2f                                 0x08003c30   Section        0  atan2f.o(i.atan2f)
    i.main                                   0x08003e8c   Section        0  main.o(i.main)
    i.osDelay                                0x08003eae   Section        0  cmsis_os2.o(i.osDelay)
    i.osKernelInitialize                     0x08003ec8   Section        0  cmsis_os2.o(i.osKernelInitialize)
    i.osKernelStart                          0x08003eec   Section        0  cmsis_os2.o(i.osKernelStart)
    i.osThreadNew                            0x08003f24   Section        0  cmsis_os2.o(i.osThreadNew)
    i.prvAddCurrentTaskToDelayedList         0x08003fb0   Section        0  tasks.o(i.prvAddCurrentTaskToDelayedList)
    prvAddCurrentTaskToDelayedList           0x08003fb1   Thumb Code    84  tasks.o(i.prvAddCurrentTaskToDelayedList)
    i.prvAddNewTaskToReadyList               0x0800400c   Section        0  tasks.o(i.prvAddNewTaskToReadyList)
    prvAddNewTaskToReadyList                 0x0800400d   Thumb Code   190  tasks.o(i.prvAddNewTaskToReadyList)
    i.prvCheckForValidListAndQueue           0x080040dc   Section        0  timers.o(i.prvCheckForValidListAndQueue)
    prvCheckForValidListAndQueue             0x080040dd   Thumb Code    72  timers.o(i.prvCheckForValidListAndQueue)
    i.prvCopyDataFromQueue                   0x08004134   Section        0  queue.o(i.prvCopyDataFromQueue)
    prvCopyDataFromQueue                     0x08004135   Thumb Code    38  queue.o(i.prvCopyDataFromQueue)
    i.prvCopyDataToQueue                     0x0800415a   Section        0  queue.o(i.prvCopyDataToQueue)
    prvCopyDataToQueue                       0x0800415b   Thumb Code   108  queue.o(i.prvCopyDataToQueue)
    i.prvDeleteTCB                           0x080041c6   Section        0  tasks.o(i.prvDeleteTCB)
    prvDeleteTCB                             0x080041c7   Thumb Code    52  tasks.o(i.prvDeleteTCB)
    i.prvHeapInit                            0x080041fc   Section        0  heap_4.o(i.prvHeapInit)
    prvHeapInit                              0x080041fd   Thumb Code    66  heap_4.o(i.prvHeapInit)
    i.prvIdleTask                            0x08004248   Section        0  tasks.o(i.prvIdleTask)
    prvIdleTask                              0x08004249   Thumb Code    82  tasks.o(i.prvIdleTask)
    i.prvInitialiseNewQueue                  0x080042a8   Section        0  queue.o(i.prvInitialiseNewQueue)
    prvInitialiseNewQueue                    0x080042a9   Thumb Code    34  queue.o(i.prvInitialiseNewQueue)
    i.prvInitialiseNewTask                   0x080042cc   Section        0  tasks.o(i.prvInitialiseNewTask)
    prvInitialiseNewTask                     0x080042cd   Thumb Code   176  tasks.o(i.prvInitialiseNewTask)
    i.prvInsertBlockIntoFreeList             0x0800437c   Section        0  heap_4.o(i.prvInsertBlockIntoFreeList)
    prvInsertBlockIntoFreeList               0x0800437d   Thumb Code    72  heap_4.o(i.prvInsertBlockIntoFreeList)
    i.prvInsertTimerInActiveList             0x080043c8   Section        0  timers.o(i.prvInsertTimerInActiveList)
    prvInsertTimerInActiveList               0x080043c9   Thumb Code    52  timers.o(i.prvInsertTimerInActiveList)
    i.prvIsQueueEmpty                        0x08004400   Section        0  queue.o(i.prvIsQueueEmpty)
    prvIsQueueEmpty                          0x08004401   Thumb Code    28  queue.o(i.prvIsQueueEmpty)
    i.prvProcessReceivedCommands             0x0800441c   Section        0  timers.o(i.prvProcessReceivedCommands)
    prvProcessReceivedCommands               0x0800441d   Thumb Code   248  timers.o(i.prvProcessReceivedCommands)
    i.prvProcessTimerOrBlockTask             0x08004518   Section        0  timers.o(i.prvProcessTimerOrBlockTask)
    prvProcessTimerOrBlockTask               0x08004519   Thumb Code   182  timers.o(i.prvProcessTimerOrBlockTask)
    i.prvResetNextTaskUnblockTime            0x080045d8   Section        0  tasks.o(i.prvResetNextTaskUnblockTime)
    prvResetNextTaskUnblockTime              0x080045d9   Thumb Code    26  tasks.o(i.prvResetNextTaskUnblockTime)
    i.prvSampleTimeNow                       0x080045f8   Section        0  timers.o(i.prvSampleTimeNow)
    prvSampleTimeNow                         0x080045f9   Thumb Code    36  timers.o(i.prvSampleTimeNow)
    i.prvSwitchTimerLists                    0x08004620   Section        0  timers.o(i.prvSwitchTimerLists)
    prvSwitchTimerLists                      0x08004621   Thumb Code   104  timers.o(i.prvSwitchTimerLists)
    i.prvTaskExitError                       0x0800468c   Section        0  port.o(i.prvTaskExitError)
    prvTaskExitError                         0x0800468d   Thumb Code    36  port.o(i.prvTaskExitError)
    i.prvTimerTask                           0x080046b4   Section        0  timers.o(i.prvTimerTask)
    prvTimerTask                             0x080046b5   Thumb Code    32  timers.o(i.prvTimerTask)
    i.prvUnlockQueue                         0x080046d8   Section        0  queue.o(i.prvUnlockQueue)
    prvUnlockQueue                           0x080046d9   Thumb Code   106  queue.o(i.prvUnlockQueue)
    i.pvPortMalloc                           0x08004744   Section        0  heap_4.o(i.pvPortMalloc)
    i.pxPortInitialiseStack                  0x08004820   Section        0  port.o(i.pxPortInitialiseStack)
    i.sqrtf                                  0x08004844   Section        0  sqrtf.o(i.sqrtf)
    i.uxListRemove                           0x08004870   Section        0  list.o(i.uxListRemove)
    i.vApplicationGetIdleTaskMemory          0x08004898   Section        0  cmsis_os2.o(i.vApplicationGetIdleTaskMemory)
    i.vApplicationGetTimerTaskMemory         0x080048ac   Section        0  cmsis_os2.o(i.vApplicationGetTimerTaskMemory)
    i.vListInitialise                        0x080048c4   Section        0  list.o(i.vListInitialise)
    i.vListInitialiseItem                    0x080048da   Section        0  list.o(i.vListInitialiseItem)
    i.vListInsert                            0x080048e0   Section        0  list.o(i.vListInsert)
    i.vListInsertEnd                         0x08004910   Section        0  list.o(i.vListInsertEnd)
    i.vPortEnterCritical                     0x08004928   Section        0  port.o(i.vPortEnterCritical)
    i.vPortExitCritical                      0x08004968   Section        0  port.o(i.vPortExitCritical)
    i.vPortFree                              0x08004990   Section        0  heap_4.o(i.vPortFree)
    i.vPortSetupTimerInterrupt               0x080049f4   Section        0  port.o(i.vPortSetupTimerInterrupt)
    i.vPortValidateInterruptPriority         0x08004a18   Section        0  port.o(i.vPortValidateInterruptPriority)
    i.vQueueAddToRegistry                    0x08004a6c   Section        0  queue.o(i.vQueueAddToRegistry)
    i.vQueueWaitForMessageRestricted         0x08004a94   Section        0  queue.o(i.vQueueWaitForMessageRestricted)
    i.vTaskDelay                             0x08004ad8   Section        0  tasks.o(i.vTaskDelay)
    i.vTaskInternalSetTimeOutState           0x08004b24   Section        0  tasks.o(i.vTaskInternalSetTimeOutState)
    i.vTaskMissedYield                       0x08004b34   Section        0  tasks.o(i.vTaskMissedYield)
    i.vTaskPlaceOnEventList                  0x08004b40   Section        0  tasks.o(i.vTaskPlaceOnEventList)
    i.vTaskPlaceOnEventListRestricted        0x08004b70   Section        0  tasks.o(i.vTaskPlaceOnEventListRestricted)
    i.vTaskStartScheduler                    0x08004ba8   Section        0  tasks.o(i.vTaskStartScheduler)
    i.vTaskSuspendAll                        0x08004c30   Section        0  tasks.o(i.vTaskSuspendAll)
    i.vTaskSwitchContext                     0x08004c40   Section        0  tasks.o(i.vTaskSwitchContext)
    i.xPortStartScheduler                    0x08004ca4   Section        0  port.o(i.xPortStartScheduler)
    i.xPortSysTickHandler                    0x08004d4c   Section        0  port.o(i.xPortSysTickHandler)
    i.xQueueGenericCreateStatic              0x08004d78   Section        0  queue.o(i.xQueueGenericCreateStatic)
    i.xQueueGenericReset                     0x08004de0   Section        0  queue.o(i.xQueueGenericReset)
    i.xQueueGenericSend                      0x08004e68   Section        0  queue.o(i.xQueueGenericSend)
    i.xQueueGenericSendFromISR               0x08004fc8   Section        0  queue.o(i.xQueueGenericSendFromISR)
    i.xQueueReceive                          0x08005088   Section        0  queue.o(i.xQueueReceive)
    i.xTaskCheckForTimeOut                   0x080051c0   Section        0  tasks.o(i.xTaskCheckForTimeOut)
    i.xTaskCreate                            0x08005234   Section        0  tasks.o(i.xTaskCreate)
    i.xTaskCreateStatic                      0x0800528e   Section        0  tasks.o(i.xTaskCreateStatic)
    i.xTaskGetSchedulerState                 0x080052e4   Section        0  tasks.o(i.xTaskGetSchedulerState)
    i.xTaskGetTickCount                      0x08005300   Section        0  tasks.o(i.xTaskGetTickCount)
    i.xTaskIncrementTick                     0x0800530c   Section        0  tasks.o(i.xTaskIncrementTick)
    i.xTaskPriorityDisinherit                0x080053d4   Section        0  tasks.o(i.xTaskPriorityDisinherit)
    i.xTaskRemoveFromEventList               0x08005454   Section        0  tasks.o(i.xTaskRemoveFromEventList)
    i.xTaskResumeAll                         0x080054c4   Section        0  tasks.o(i.xTaskResumeAll)
    i.xTimerCreateTimerTask                  0x08005588   Section        0  timers.o(i.xTimerCreateTimerTask)
    i.xTimerGenericCommand                   0x080055e8   Section        0  timers.o(i.xTimerGenericCommand)
    .constdata                               0x08005650   Section      108  freertos.o(.constdata)
    <Data1>                                  0x08005674   Data          36  freertos.o(.constdata)
    <Data2>                                  0x08005698   Data          36  freertos.o(.constdata)
    .constdata                               0x080056bc   Section       18  stm32f1xx_hal_rcc.o(.constdata)
    aPredivFactorTable                       0x080056bc   Data           2  stm32f1xx_hal_rcc.o(.constdata)
    aPLLMULFactorTable                       0x080056be   Data          16  stm32f1xx_hal_rcc.o(.constdata)
    .constdata                               0x080056ce   Section       16  system_stm32f1xx.o(.constdata)
    .constdata                               0x080056de   Section        8  system_stm32f1xx.o(.constdata)
    .constdata                               0x080056e6   Section     1520  fonts.o(.constdata)
    .conststring                             0x08005cd8   Section       36  freertos.o(.conststring)
    .data                                    0x20000000   Section       12  freertos.o(.data)
    .data                                    0x2000000c   Section       12  stm32f1xx_hal.o(.data)
    .data                                    0x20000018   Section        4  system_stm32f1xx.o(.data)
    .data                                    0x2000001c   Section       60  tasks.o(.data)
    uxDeletedTasksWaitingCleanUp             0x20000020   Data           4  tasks.o(.data)
    uxCurrentNumberOfTasks                   0x20000024   Data           4  tasks.o(.data)
    xTickCount                               0x20000028   Data           4  tasks.o(.data)
    uxTopReadyPriority                       0x2000002c   Data           4  tasks.o(.data)
    xSchedulerRunning                        0x20000030   Data           4  tasks.o(.data)
    xPendedTicks                             0x20000034   Data           4  tasks.o(.data)
    xYieldPending                            0x20000038   Data           4  tasks.o(.data)
    xNumOfOverflows                          0x2000003c   Data           4  tasks.o(.data)
    uxTaskNumber                             0x20000040   Data           4  tasks.o(.data)
    xNextTaskUnblockTime                     0x20000044   Data           4  tasks.o(.data)
    xIdleTaskHandle                          0x20000048   Data           4  tasks.o(.data)
    uxSchedulerSuspended                     0x2000004c   Data           4  tasks.o(.data)
    pxDelayedTaskList                        0x20000050   Data           4  tasks.o(.data)
    pxOverflowDelayedTaskList                0x20000054   Data           4  tasks.o(.data)
    .data                                    0x20000058   Section       20  timers.o(.data)
    xTimerQueue                              0x20000058   Data           4  timers.o(.data)
    xTimerTaskHandle                         0x2000005c   Data           4  timers.o(.data)
    xLastTime                                0x20000060   Data           4  timers.o(.data)
    pxCurrentTimerList                       0x20000064   Data           4  timers.o(.data)
    pxOverflowTimerList                      0x20000068   Data           4  timers.o(.data)
    .data                                    0x2000006c   Section        4  cmsis_os2.o(.data)
    KernelState                              0x2000006c   Data           4  cmsis_os2.o(.data)
    .data                                    0x20000070   Section       32  heap_4.o(.data)
    pxEnd                                    0x20000070   Data           4  heap_4.o(.data)
    xFreeBytesRemaining                      0x20000074   Data           4  heap_4.o(.data)
    xMinimumEverFreeBytesRemaining           0x20000078   Data           4  heap_4.o(.data)
    xNumberOfSuccessfulAllocations           0x2000007c   Data           4  heap_4.o(.data)
    xNumberOfSuccessfulFrees                 0x20000080   Data           4  heap_4.o(.data)
    xBlockAllocatedBit                       0x20000084   Data           4  heap_4.o(.data)
    xStart                                   0x20000088   Data           8  heap_4.o(.data)
    .data                                    0x20000090   Section       12  port.o(.data)
    ucMaxSysCallPriority                     0x20000090   Data           1  port.o(.data)
    uxCriticalNesting                        0x20000094   Data           4  port.o(.data)
    ulMaxPRIGROUPValue                       0x20000098   Data           4  port.o(.data)
    .data                                    0x2000009c   Section        1  data.o(.data)
    .data                                    0x2000009e   Section        2  data.o(.data)
    .data                                    0x200000a0   Section        2  data.o(.data)
    .data                                    0x200000a2   Section        2  data.o(.data)
    .data                                    0x200000a4   Section        2  data.o(.data)
    .data                                    0x200000a6   Section        2  data.o(.data)
    .data                                    0x200000a8   Section        2  data.o(.data)
    .data                                    0x200000ac   Section        4  data.o(.data)
    .data                                    0x200000b0   Section        4  data.o(.data)
    .data                                    0x200000b4   Section        4  data.o(.data)
    .data                                    0x200000b8   Section        4  data.o(.data)
    .data                                    0x200000bc   Section        4  data.o(.data)
    .data                                    0x200000c0   Section        4  data.o(.data)
    .data                                    0x200000c4   Section        4  data.o(.data)
    .data                                    0x200000c8   Section        4  data.o(.data)
    .data                                    0x200000cc   Section        4  data.o(.data)
    .data                                    0x200000d0   Section        4  data.o(.data)
    .data                                    0x200000d4   Section        4  data.o(.data)
    .data                                    0x200000d8   Section        4  data.o(.data)
    .data                                    0x200000dc   Section        4  data.o(.data)
    .data                                    0x200000e0   Section        4  data.o(.data)
    .data                                    0x200000e4   Section        4  data.o(.data)
    .data                                    0x200000e8   Section       13  kalman_filter.o(.data)
    initialized                              0x200000e8   Data           1  kalman_filter.o(.data)
    indices                                  0x200000e9   Data           6  kalman_filter.o(.data)
    fill_count                               0x200000ef   Data           6  kalman_filter.o(.data)
    .data                                    0x200000f8   Section       20  attitude.o(.data)
    initialized                              0x200000f8   Data           1  attitude.o(.data)
    stable_count                             0x200000fc   Data           4  attitude.o(.data)
    last_gx                                  0x20000100   Data           4  attitude.o(.data)
    last_gy                                  0x20000104   Data           4  attitude.o(.data)
    last_gz                                  0x20000108   Data           4  attitude.o(.data)
    .data                                    0x2000010c   Section        4  errno.o(.data)
    _errno                                   0x2000010c   Data           4  errno.o(.data)
    .bss                                     0x20000110   Section      168  i2c.o(.bss)
    .bss                                     0x200001b8   Section       72  stm32f1xx_hal_timebase_tim.o(.bss)
    .bss                                     0x20000200   Section       64  queue.o(.bss)
    .bss                                     0x20000240   Section     1220  tasks.o(.bss)
    pxReadyTasksLists                        0x20000240   Data        1120  tasks.o(.bss)
    xDelayedTaskList1                        0x200006a0   Data          20  tasks.o(.bss)
    xDelayedTaskList2                        0x200006b4   Data          20  tasks.o(.bss)
    xPendingReadyList                        0x200006c8   Data          20  tasks.o(.bss)
    xTasksWaitingTermination                 0x200006dc   Data          20  tasks.o(.bss)
    xSuspendedTaskList                       0x200006f0   Data          20  tasks.o(.bss)
    .bss                                     0x20000704   Section      280  timers.o(.bss)
    xStaticTimerQueue                        0x20000704   Data          80  timers.o(.bss)
    ucStaticTimerQueueStorage                0x20000754   Data         160  timers.o(.bss)
    xActiveTimerList1                        0x200007f4   Data          20  timers.o(.bss)
    xActiveTimerList2                        0x20000808   Data          20  timers.o(.bss)
    .bss                                     0x2000081c   Section     1720  cmsis_os2.o(.bss)
    Idle_TCB                                 0x2000081c   Data          92  cmsis_os2.o(.bss)
    Idle_Stack                               0x20000878   Data         512  cmsis_os2.o(.bss)
    Timer_TCB                                0x20000a78   Data          92  cmsis_os2.o(.bss)
    Timer_Stack                              0x20000ad4   Data        1024  cmsis_os2.o(.bss)
    .bss                                     0x20000ed4   Section     3072  heap_4.o(.bss)
    ucHeap                                   0x20000ed4   Data        3072  heap_4.o(.bss)
    .bss                                     0x20001ad4   Section      744  kalman_filter.o(.bss)
    history                                  0x20001ad4   Data         360  kalman_filter.o(.bss)
    kf_ax                                    0x20001c3c   Data          64  kalman_filter.o(.bss)
    kf_ay                                    0x20001c7c   Data          64  kalman_filter.o(.bss)
    kf_az                                    0x20001cbc   Data          64  kalman_filter.o(.bss)
    kf_gx                                    0x20001cfc   Data          64  kalman_filter.o(.bss)
    kf_gy                                    0x20001d3c   Data          64  kalman_filter.o(.bss)
    kf_gz                                    0x20001d7c   Data          64  kalman_filter.o(.bss)
    .bss                                     0x20001dbc   Section       60  attitude.o(.bss)
    attitude                                 0x20001dbc   Data          60  attitude.o(.bss)
    STACK                                    0x20001df8   Section     1024  startup_stm32f103xb.o(STACK)

    Global Symbols

    Symbol Name                              Value     Ov Type        Size  Object(Section)

    BuildAttributes$$THM_ISAv4$P$D$K$B$S$PE$A:L22UL41UL21$X:L11$S22US41US21$IEEE1$IW$USESV6$~STKCKD$USESV7$~SHL$OTIME$ROPI$IEEEX$EBA8$MICROLIB$REQ8$PRES8$EABIv2 0x00000000   Number         0  anon$$obj.o ABSOLUTE
    __ARM_use_no_argv                        0x00000000   Number         0  main.o ABSOLUTE
    _printf_a                                0x00000000   Number         0  stubs.o ABSOLUTE
    _printf_c                                0x00000000   Number         0  stubs.o ABSOLUTE
    _printf_charcount                        0x00000000   Number         0  stubs.o ABSOLUTE
    _printf_d                                0x00000000   Number         0  stubs.o ABSOLUTE
    _printf_e                                0x00000000   Number         0  stubs.o ABSOLUTE
    _printf_f                                0x00000000   Number         0  stubs.o ABSOLUTE
    _printf_flags                            0x00000000   Number         0  stubs.o ABSOLUTE
    _printf_fp_dec                           0x00000000   Number         0  stubs.o ABSOLUTE
    _printf_fp_hex                           0x00000000   Number         0  stubs.o ABSOLUTE
    _printf_g                                0x00000000   Number         0  stubs.o ABSOLUTE
    _printf_i                                0x00000000   Number         0  stubs.o ABSOLUTE
    _printf_int_dec                          0x00000000   Number         0  stubs.o ABSOLUTE
    _printf_l                                0x00000000   Number         0  stubs.o ABSOLUTE
    _printf_lc                               0x00000000   Number         0  stubs.o ABSOLUTE
    _printf_ll                               0x00000000   Number         0  stubs.o ABSOLUTE
    _printf_lld                              0x00000000   Number         0  stubs.o ABSOLUTE
    _printf_lli                              0x00000000   Number         0  stubs.o ABSOLUTE
    _printf_llo                              0x00000000   Number         0  stubs.o ABSOLUTE
    _printf_llu                              0x00000000   Number         0  stubs.o ABSOLUTE
    _printf_llx                              0x00000000   Number         0  stubs.o ABSOLUTE
    _printf_longlong_dec                     0x00000000   Number         0  stubs.o ABSOLUTE
    _printf_longlong_hex                     0x00000000   Number         0  stubs.o ABSOLUTE
    _printf_longlong_oct                     0x00000000   Number         0  stubs.o ABSOLUTE
    _printf_ls                               0x00000000   Number         0  stubs.o ABSOLUTE
    _printf_mbtowc                           0x00000000   Number         0  stubs.o ABSOLUTE
    _printf_n                                0x00000000   Number         0  stubs.o ABSOLUTE
    _printf_o                                0x00000000   Number         0  stubs.o ABSOLUTE
    _printf_p                                0x00000000   Number         0  stubs.o ABSOLUTE
    _printf_percent                          0x00000000   Number         0  stubs.o ABSOLUTE
    _printf_pre_padding                      0x00000000   Number         0  stubs.o ABSOLUTE
    _printf_return_value                     0x00000000   Number         0  stubs.o ABSOLUTE
    _printf_s                                0x00000000   Number         0  stubs.o ABSOLUTE
    _printf_sizespec                         0x00000000   Number         0  stubs.o ABSOLUTE
    _printf_str                              0x00000000   Number         0  stubs.o ABSOLUTE
    _printf_truncate_signed                  0x00000000   Number         0  stubs.o ABSOLUTE
    _printf_truncate_unsigned                0x00000000   Number         0  stubs.o ABSOLUTE
    _printf_u                                0x00000000   Number         0  stubs.o ABSOLUTE
    _printf_wc                               0x00000000   Number         0  stubs.o ABSOLUTE
    _printf_wctomb                           0x00000000   Number         0  stubs.o ABSOLUTE
    _printf_widthprec                        0x00000000   Number         0  stubs.o ABSOLUTE
    _printf_x                                0x00000000   Number         0  stubs.o ABSOLUTE
    __cpp_initialize__aeabi_                  - Undefined Weak Reference
    __cxa_finalize                            - Undefined Weak Reference
    __decompress                              - Undefined Weak Reference
    _clock_init                               - Undefined Weak Reference
    _microlib_exit                            - Undefined Weak Reference
    __Vectors_Size                           0x000000ec   Number         0  startup_stm32f103xb.o ABSOLUTE
    __Vectors                                0x08000000   Data           4  startup_stm32f103xb.o(RESET)
    __Vectors_End                            0x080000ec   Data           0  startup_stm32f103xb.o(RESET)
    __main                                   0x080000ed   Thumb Code     0  entry.o(.ARM.Collect$$$$00000000)
    _main_stk                                0x080000ed   Thumb Code     0  entry2.o(.ARM.Collect$$$$00000001)
    _main_scatterload                        0x080000f1   Thumb Code     0  entry5.o(.ARM.Collect$$$$00000004)
    __main_after_scatterload                 0x080000f5   Thumb Code     0  entry5.o(.ARM.Collect$$$$00000004)
    _main_clock                              0x080000f5   Thumb Code     0  entry7b.o(.ARM.Collect$$$$00000008)
    _main_cpp_init                           0x080000f5   Thumb Code     0  entry8b.o(.ARM.Collect$$$$0000000A)
    _main_init                               0x080000f5   Thumb Code     0  entry9a.o(.ARM.Collect$$$$0000000B)
    __rt_final_cpp                           0x080000fd   Thumb Code     0  entry10a.o(.ARM.Collect$$$$0000000D)
    __rt_final_exit                          0x080000fd   Thumb Code     0  entry11a.o(.ARM.Collect$$$$0000000F)
    SVC_Handler                              0x08000101   Thumb Code    32  port.o(.emb_text)
    __asm___6_port_c_39a90d8d__prvStartFirstTask 0x08000125   Thumb Code    28  port.o(.emb_text)
    PendSV_Handler                           0x08000145   Thumb Code    72  port.o(.emb_text)
    vPortGetIPSR                             0x08000191   Thumb Code     6  port.o(.emb_text)
    Reset_Handler                            0x08000199   Thumb Code     8  startup_stm32f103xb.o(.text)
    ADC1_2_IRQHandler                        0x080001b3   Thumb Code     0  startup_stm32f103xb.o(.text)
    CAN1_RX1_IRQHandler                      0x080001b3   Thumb Code     0  startup_stm32f103xb.o(.text)
    CAN1_SCE_IRQHandler                      0x080001b3   Thumb Code     0  startup_stm32f103xb.o(.text)
    DMA1_Channel1_IRQHandler                 0x080001b3   Thumb Code     0  startup_stm32f103xb.o(.text)
    DMA1_Channel2_IRQHandler                 0x080001b3   Thumb Code     0  startup_stm32f103xb.o(.text)
    DMA1_Channel3_IRQHandler                 0x080001b3   Thumb Code     0  startup_stm32f103xb.o(.text)
    DMA1_Channel4_IRQHandler                 0x080001b3   Thumb Code     0  startup_stm32f103xb.o(.text)
    DMA1_Channel5_IRQHandler                 0x080001b3   Thumb Code     0  startup_stm32f103xb.o(.text)
    DMA1_Channel6_IRQHandler                 0x080001b3   Thumb Code     0  startup_stm32f103xb.o(.text)
    DMA1_Channel7_IRQHandler                 0x080001b3   Thumb Code     0  startup_stm32f103xb.o(.text)
    EXTI0_IRQHandler                         0x080001b3   Thumb Code     0  startup_stm32f103xb.o(.text)
    EXTI15_10_IRQHandler                     0x080001b3   Thumb Code     0  startup_stm32f103xb.o(.text)
    EXTI1_IRQHandler                         0x080001b3   Thumb Code     0  startup_stm32f103xb.o(.text)
    EXTI2_IRQHandler                         0x080001b3   Thumb Code     0  startup_stm32f103xb.o(.text)
    EXTI3_IRQHandler                         0x080001b3   Thumb Code     0  startup_stm32f103xb.o(.text)
    EXTI4_IRQHandler                         0x080001b3   Thumb Code     0  startup_stm32f103xb.o(.text)
    EXTI9_5_IRQHandler                       0x080001b3   Thumb Code     0  startup_stm32f103xb.o(.text)
    FLASH_IRQHandler                         0x080001b3   Thumb Code     0  startup_stm32f103xb.o(.text)
    I2C1_ER_IRQHandler                       0x080001b3   Thumb Code     0  startup_stm32f103xb.o(.text)
    I2C1_EV_IRQHandler                       0x080001b3   Thumb Code     0  startup_stm32f103xb.o(.text)
    I2C2_ER_IRQHandler                       0x080001b3   Thumb Code     0  startup_stm32f103xb.o(.text)
    I2C2_EV_IRQHandler                       0x080001b3   Thumb Code     0  startup_stm32f103xb.o(.text)
    PVD_IRQHandler                           0x080001b3   Thumb Code     0  startup_stm32f103xb.o(.text)
    RCC_IRQHandler                           0x080001b3   Thumb Code     0  startup_stm32f103xb.o(.text)
    RTC_Alarm_IRQHandler                     0x080001b3   Thumb Code     0  startup_stm32f103xb.o(.text)
    RTC_IRQHandler                           0x080001b3   Thumb Code     0  startup_stm32f103xb.o(.text)
    SPI1_IRQHandler                          0x080001b3   Thumb Code     0  startup_stm32f103xb.o(.text)
    SPI2_IRQHandler                          0x080001b3   Thumb Code     0  startup_stm32f103xb.o(.text)
    TAMPER_IRQHandler                        0x080001b3   Thumb Code     0  startup_stm32f103xb.o(.text)
    TIM1_BRK_IRQHandler                      0x080001b3   Thumb Code     0  startup_stm32f103xb.o(.text)
    TIM1_CC_IRQHandler                       0x080001b3   Thumb Code     0  startup_stm32f103xb.o(.text)
    TIM1_TRG_COM_IRQHandler                  0x080001b3   Thumb Code     0  startup_stm32f103xb.o(.text)
    TIM1_UP_IRQHandler                       0x080001b3   Thumb Code     0  startup_stm32f103xb.o(.text)
    TIM2_IRQHandler                          0x080001b3   Thumb Code     0  startup_stm32f103xb.o(.text)
    TIM3_IRQHandler                          0x080001b3   Thumb Code     0  startup_stm32f103xb.o(.text)
    USART1_IRQHandler                        0x080001b3   Thumb Code     0  startup_stm32f103xb.o(.text)
    USART2_IRQHandler                        0x080001b3   Thumb Code     0  startup_stm32f103xb.o(.text)
    USART3_IRQHandler                        0x080001b3   Thumb Code     0  startup_stm32f103xb.o(.text)
    USBWakeUp_IRQHandler                     0x080001b3   Thumb Code     0  startup_stm32f103xb.o(.text)
    USB_HP_CAN1_TX_IRQHandler                0x080001b3   Thumb Code     0  startup_stm32f103xb.o(.text)
    USB_LP_CAN1_RX0_IRQHandler               0x080001b3   Thumb Code     0  startup_stm32f103xb.o(.text)
    WWDG_IRQHandler                          0x080001b3   Thumb Code     0  startup_stm32f103xb.o(.text)
    __aeabi_llsr                             0x080001bd   Thumb Code    32  llushr.o(.text)
    _ll_ushift_r                             0x080001bd   Thumb Code     0  llushr.o(.text)
    __aeabi_memcpy                           0x080001dd   Thumb Code    36  memcpya.o(.text)
    __aeabi_memcpy4                          0x080001dd   Thumb Code     0  memcpya.o(.text)
    __aeabi_memcpy8                          0x080001dd   Thumb Code     0  memcpya.o(.text)
    __aeabi_memset                           0x08000201   Thumb Code    14  memseta.o(.text)
    __aeabi_memset4                          0x08000201   Thumb Code     0  memseta.o(.text)
    __aeabi_memset8                          0x08000201   Thumb Code     0  memseta.o(.text)
    __aeabi_memclr                           0x0800020f   Thumb Code     4  memseta.o(.text)
    __aeabi_memclr4                          0x0800020f   Thumb Code     0  memseta.o(.text)
    __aeabi_memclr8                          0x0800020f   Thumb Code     0  memseta.o(.text)
    memset                                   0x08000213   Thumb Code    18  memseta.o(.text)
    __aeabi_fadd                             0x08000225   Thumb Code   164  fadd.o(.text)
    __aeabi_fsub                             0x080002c9   Thumb Code     6  fadd.o(.text)
    __aeabi_frsub                            0x080002cf   Thumb Code     6  fadd.o(.text)
    __aeabi_fmul                             0x080002d5   Thumb Code   100  fmul.o(.text)
    __aeabi_fdiv                             0x08000339   Thumb Code   124  fdiv.o(.text)
    __ARM_scalbnf                            0x080003b5   Thumb Code    24  fscalb.o(.text)
    scalbnf                                  0x080003b5   Thumb Code     0  fscalb.o(.text)
    __aeabi_i2f                              0x080003cd   Thumb Code    18  fflti.o(.text)
    __aeabi_f2d                              0x080003df   Thumb Code    38  f2d.o(.text)
    __aeabi_cfcmpeq                          0x08000405   Thumb Code     0  cfcmple.o(.text)
    __aeabi_cfcmple                          0x08000405   Thumb Code    20  cfcmple.o(.text)
    __aeabi_cfrcmple                         0x08000419   Thumb Code    20  cfrcmple.o(.text)
    __aeabi_uidiv                            0x0800042d   Thumb Code     0  uidiv.o(.text)
    __aeabi_uidivmod                         0x0800042d   Thumb Code    44  uidiv.o(.text)
    __aeabi_uldivmod                         0x08000459   Thumb Code    98  uldiv.o(.text)
    __I$use$fp                               0x080004bb   Thumb Code     0  iusefp.o(.text)
    _float_round                             0x080004bb   Thumb Code    18  fepilogue.o(.text)
    _float_epilogue                          0x080004cd   Thumb Code    92  fepilogue.o(.text)
    _fsqrt                                   0x08000529   Thumb Code    94  fsqrt.o(.text)
    __aeabi_dadd                             0x08000587   Thumb Code   322  dadd.o(.text)
    __aeabi_dsub                             0x080006c9   Thumb Code     6  dadd.o(.text)
    __aeabi_drsub                            0x080006cf   Thumb Code     6  dadd.o(.text)
    __aeabi_dmul                             0x080006d5   Thumb Code   228  dmul.o(.text)
    __aeabi_ddiv                             0x080007b9   Thumb Code   222  ddiv.o(.text)
    __aeabi_d2ulz                            0x08000897   Thumb Code    48  dfixul.o(.text)
    __aeabi_cdrcmple                         0x080008c9   Thumb Code    48  cdrcmple.o(.text)
    __scatterload                            0x080008f9   Thumb Code    28  init.o(.text)
    __scatterload_rt2                        0x080008f9   Thumb Code     0  init.o(.text)
    __aeabi_llsl                             0x0800091d   Thumb Code    30  llshl.o(.text)
    _ll_shift_l                              0x0800091d   Thumb Code     0  llshl.o(.text)
    __aeabi_lasr                             0x0800093b   Thumb Code    36  llsshr.o(.text)
    _ll_sshift_r                             0x0800093b   Thumb Code     0  llsshr.o(.text)
    _double_round                            0x0800095f   Thumb Code    30  depilogue.o(.text)
    _double_epilogue                         0x0800097d   Thumb Code   156  depilogue.o(.text)
    AttitudeSolver_Init                      0x08000a19   Thumb Code    62  attitude.o(i.AttitudeSolver_Init)
    AttitudeSolver_Update                    0x08000a69   Thumb Code  1032  attitude.o(i.AttitudeSolver_Update)
    BusFault_Handler                         0x08000f35   Thumb Code     2  stm32f1xx_it.o(i.BusFault_Handler)
    DebugMon_Handler                         0x08000f37   Thumb Code     2  stm32f1xx_it.o(i.DebugMon_Handler)
    Error_Handler                            0x08000f39   Thumb Code     4  main.o(i.Error_Handler)
    HAL_Delay                                0x08000f3d   Thumb Code    32  stm32f1xx_hal.o(i.HAL_Delay)
    HAL_GPIO_Init                            0x08000f61   Thumb Code   446  stm32f1xx_hal_gpio.o(i.HAL_GPIO_Init)
    HAL_GetTick                              0x08001141   Thumb Code     6  stm32f1xx_hal.o(i.HAL_GetTick)
    HAL_I2C_Init                             0x0800114d   Thumb Code   376  stm32f1xx_hal_i2c.o(i.HAL_I2C_Init)
    HAL_I2C_Mem_Read                         0x080012d5   Thumb Code   586  stm32f1xx_hal_i2c.o(i.HAL_I2C_Mem_Read)
    HAL_I2C_Mem_Write                        0x08001531   Thumb Code   294  stm32f1xx_hal_i2c.o(i.HAL_I2C_Mem_Write)
    HAL_I2C_MspInit                          0x08001661   Thumb Code   134  i2c.o(i.HAL_I2C_MspInit)
    HAL_IncTick                              0x080016f9   Thumb Code    12  stm32f1xx_hal.o(i.HAL_IncTick)
    HAL_Init                                 0x08001709   Thumb Code    32  stm32f1xx_hal.o(i.HAL_Init)
    HAL_InitTick                             0x0800172d   Thumb Code   132  stm32f1xx_hal_timebase_tim.o(i.HAL_InitTick)
    HAL_MspInit                              0x080017c5   Thumb Code    62  stm32f1xx_hal_msp.o(i.HAL_MspInit)
    HAL_NVIC_EnableIRQ                       0x0800180d   Thumb Code    26  stm32f1xx_hal_cortex.o(i.HAL_NVIC_EnableIRQ)
    HAL_NVIC_SetPriority                     0x08001829   Thumb Code    60  stm32f1xx_hal_cortex.o(i.HAL_NVIC_SetPriority)
    HAL_NVIC_SetPriorityGrouping             0x08001869   Thumb Code    26  stm32f1xx_hal_cortex.o(i.HAL_NVIC_SetPriorityGrouping)
    HAL_RCC_ClockConfig                      0x0800188d   Thumb Code   280  stm32f1xx_hal_rcc.o(i.HAL_RCC_ClockConfig)
    HAL_RCC_GetClockConfig                   0x080019b9   Thumb Code    54  stm32f1xx_hal_rcc.o(i.HAL_RCC_GetClockConfig)
    HAL_RCC_GetPCLK1Freq                     0x080019f9   Thumb Code    20  stm32f1xx_hal_rcc.o(i.HAL_RCC_GetPCLK1Freq)
    HAL_RCC_GetSysClockFreq                  0x08001a19   Thumb Code    58  stm32f1xx_hal_rcc.o(i.HAL_RCC_GetSysClockFreq)
    HAL_RCC_OscConfig                        0x08001a65   Thumb Code   778  stm32f1xx_hal_rcc.o(i.HAL_RCC_OscConfig)
    HAL_TIMEx_BreakCallback                  0x08001d85   Thumb Code     2  stm32f1xx_hal_tim_ex.o(i.HAL_TIMEx_BreakCallback)
    HAL_TIMEx_CommutCallback                 0x08001d87   Thumb Code     2  stm32f1xx_hal_tim_ex.o(i.HAL_TIMEx_CommutCallback)
    HAL_TIM_Base_Init                        0x08001d89   Thumb Code    90  stm32f1xx_hal_tim.o(i.HAL_TIM_Base_Init)
    HAL_TIM_Base_MspInit                     0x08001de3   Thumb Code     2  stm32f1xx_hal_tim.o(i.HAL_TIM_Base_MspInit)
    HAL_TIM_Base_Start_IT                    0x08001de5   Thumb Code    76  stm32f1xx_hal_tim.o(i.HAL_TIM_Base_Start_IT)
    HAL_TIM_IC_CaptureCallback               0x08001e3d   Thumb Code     2  stm32f1xx_hal_tim.o(i.HAL_TIM_IC_CaptureCallback)
    HAL_TIM_IRQHandler                       0x08001e3f   Thumb Code   304  stm32f1xx_hal_tim.o(i.HAL_TIM_IRQHandler)
    HAL_TIM_OC_DelayElapsedCallback          0x08001f6f   Thumb Code     2  stm32f1xx_hal_tim.o(i.HAL_TIM_OC_DelayElapsedCallback)
    HAL_TIM_PWM_PulseFinishedCallback        0x08001f71   Thumb Code     2  stm32f1xx_hal_tim.o(i.HAL_TIM_PWM_PulseFinishedCallback)
    HAL_TIM_PeriodElapsedCallback            0x08001f75   Thumb Code    14  main.o(i.HAL_TIM_PeriodElapsedCallback)
    HAL_TIM_TriggerCallback                  0x08001f89   Thumb Code     2  stm32f1xx_hal_tim.o(i.HAL_TIM_TriggerCallback)
    HardFault_Handler                        0x08001f8b   Thumb Code     2  stm32f1xx_it.o(i.HardFault_Handler)
    KalmanFilter_Init                        0x080023cd   Thumb Code   106  kalman_filter.o(i.KalmanFilter_Init)
    KalmanFilter_Update                      0x08002455   Thumb Code   278  kalman_filter.o(i.KalmanFilter_Update)
    MPU6050_Init                             0x08002805   Thumb Code   172  mpu6050.o(i.MPU6050_Init)
    MPU6050_Read                             0x080028b5   Thumb Code   236  mpu6050.o(i.MPU6050_Read)
    MX_FREERTOS_Init                         0x080029d9   Thumb Code   110  freertos.o(i.MX_FREERTOS_Init)
    MX_GPIO_Init                             0x08002a5d   Thumb Code    70  gpio.o(i.MX_GPIO_Init)
    MX_I2C1_Init                             0x08002aa9   Thumb Code    50  i2c.o(i.MX_I2C1_Init)
    MX_I2C2_Init                             0x08002ae9   Thumb Code    50  i2c.o(i.MX_I2C2_Init)
    MemManage_Handler                        0x08002b29   Thumb Code     2  stm32f1xx_it.o(i.MemManage_Handler)
    NMI_Handler                              0x08002b2b   Thumb Code     2  stm32f1xx_it.o(i.NMI_Handler)
    OLED_CLS                                 0x08002b2d   Thumb Code     6  screen.o(i.OLED_CLS)
    OLED_Fill                                0x08002b35   Thumb Code    56  screen.o(i.OLED_Fill)
    OLED_Init                                0x08002b6d   Thumb Code   180  screen.o(i.OLED_Init)
    OLED_ON                                  0x08002c21   Thumb Code    24  screen.o(i.OLED_ON)
    OLED_SetPos                              0x08002c39   Thumb Code    38  screen.o(i.OLED_SetPos)
    OLED_ShowChar                            0x08002c61   Thumb Code    72  screen.o(i.OLED_ShowChar)
    OLED_ShowString                          0x08002cad   Thumb Code    44  screen.o(i.OLED_ShowString)
    StartDefaultTask                         0x08002de1   Thumb Code     8  freertos.o(i.StartDefaultTask)
    SysTick_Handler                          0x08002de9   Thumb Code    26  cmsis_os2.o(i.SysTick_Handler)
    SystemClock_Config                       0x08002e03   Thumb Code    94  main.o(i.SystemClock_Config)
    SystemInit                               0x08002e61   Thumb Code     2  system_stm32f1xx.o(i.SystemInit)
    TASK_MPU_F                               0x08002e65   Thumb Code   118  freertos.o(i.TASK_MPU_F)
    TASK_TRANS_F                             0x08002f19   Thumb Code   122  freertos.o(i.TASK_TRANS_F)
    TIM4_IRQHandler                          0x08002fc9   Thumb Code     6  stm32f1xx_it.o(i.TIM4_IRQHandler)
    TIM_Base_SetConfig                       0x08002fd5   Thumb Code   108  stm32f1xx_hal_tim.o(i.TIM_Base_SetConfig)
    UsageFault_Handler                       0x08003151   Thumb Code     2  stm32f1xx_it.o(i.UsageFault_Handler)
    WriteCmd                                 0x08003155   Thumb Code    32  screen.o(i.WriteCmd)
    WriteDat                                 0x08003179   Thumb Code    30  screen.o(i.WriteDat)
    __0sprintf                               0x0800319d   Thumb Code    34  printfa.o(i.__0sprintf)
    __1sprintf                               0x0800319d   Thumb Code     0  printfa.o(i.__0sprintf)
    __2sprintf                               0x0800319d   Thumb Code     0  printfa.o(i.__0sprintf)
    __c89sprintf                             0x0800319d   Thumb Code     0  printfa.o(i.__0sprintf)
    sprintf                                  0x0800319d   Thumb Code     0  printfa.o(i.__0sprintf)
    __ARM_fpclassifyf                        0x080031c5   Thumb Code    38  fpclassifyf.o(i.__ARM_fpclassifyf)
    __mathlib_flt_infnan                     0x0800320b   Thumb Code     6  funder.o(i.__mathlib_flt_infnan)
    __mathlib_flt_infnan2                    0x08003211   Thumb Code     4  funder.o(i.__mathlib_flt_infnan2)
    __mathlib_flt_invalid                    0x08003215   Thumb Code     8  funder.o(i.__mathlib_flt_invalid)
    __mathlib_flt_underflow                  0x0800321d   Thumb Code    10  funder.o(i.__mathlib_flt_underflow)
    __scatterload_copy                       0x08003227   Thumb Code    14  handlers.o(i.__scatterload_copy)
    __scatterload_null                       0x08003235   Thumb Code     2  handlers.o(i.__scatterload_null)
    __scatterload_zeroinit                   0x08003237   Thumb Code    14  handlers.o(i.__scatterload_zeroinit)
    __set_errno                              0x08003245   Thumb Code     6  errno.o(i.__set_errno)
    asinf                                    0x08003b0d   Thumb Code   254  asinf.o(i.asinf)
    atan2f                                   0x08003c31   Thumb Code   528  atan2f.o(i.atan2f)
    main                                     0x08003e8d   Thumb Code    34  main.o(i.main)
    osDelay                                  0x08003eaf   Thumb Code    26  cmsis_os2.o(i.osDelay)
    osKernelInitialize                       0x08003ec9   Thumb Code    32  cmsis_os2.o(i.osKernelInitialize)
    osKernelStart                            0x08003eed   Thumb Code    48  cmsis_os2.o(i.osKernelStart)
    osThreadNew                              0x08003f25   Thumb Code   138  cmsis_os2.o(i.osThreadNew)
    pvPortMalloc                             0x08004745   Thumb Code   216  heap_4.o(i.pvPortMalloc)
    pxPortInitialiseStack                    0x08004821   Thumb Code    32  port.o(i.pxPortInitialiseStack)
    sqrtf                                    0x08004845   Thumb Code    44  sqrtf.o(i.sqrtf)
    uxListRemove                             0x08004871   Thumb Code    38  list.o(i.uxListRemove)
    vApplicationGetIdleTaskMemory            0x08004899   Thumb Code    16  cmsis_os2.o(i.vApplicationGetIdleTaskMemory)
    vApplicationGetTimerTaskMemory           0x080048ad   Thumb Code    18  cmsis_os2.o(i.vApplicationGetTimerTaskMemory)
    vListInitialise                          0x080048c5   Thumb Code    22  list.o(i.vListInitialise)
    vListInitialiseItem                      0x080048db   Thumb Code     6  list.o(i.vListInitialiseItem)
    vListInsert                              0x080048e1   Thumb Code    48  list.o(i.vListInsert)
    vListInsertEnd                           0x08004911   Thumb Code    24  list.o(i.vListInsertEnd)
    vPortEnterCritical                       0x08004929   Thumb Code    54  port.o(i.vPortEnterCritical)
    vPortExitCritical                        0x08004969   Thumb Code    34  port.o(i.vPortExitCritical)
    vPortFree                                0x08004991   Thumb Code    94  heap_4.o(i.vPortFree)
    vPortSetupTimerInterrupt                 0x080049f5   Thumb Code    32  port.o(i.vPortSetupTimerInterrupt)
    vPortValidateInterruptPriority           0x08004a19   Thumb Code    74  port.o(i.vPortValidateInterruptPriority)
    vQueueAddToRegistry                      0x08004a6d   Thumb Code    34  queue.o(i.vQueueAddToRegistry)
    vQueueWaitForMessageRestricted           0x08004a95   Thumb Code    68  queue.o(i.vQueueWaitForMessageRestricted)
    vTaskDelay                               0x08004ad9   Thumb Code    66  tasks.o(i.vTaskDelay)
    vTaskInternalSetTimeOutState             0x08004b25   Thumb Code    12  tasks.o(i.vTaskInternalSetTimeOutState)
    vTaskMissedYield                         0x08004b35   Thumb Code     8  tasks.o(i.vTaskMissedYield)
    vTaskPlaceOnEventList                    0x08004b41   Thumb Code    44  tasks.o(i.vTaskPlaceOnEventList)
    vTaskPlaceOnEventListRestricted          0x08004b71   Thumb Code    52  tasks.o(i.vTaskPlaceOnEventListRestricted)
    vTaskStartScheduler                      0x08004ba9   Thumb Code   118  tasks.o(i.vTaskStartScheduler)
    vTaskSuspendAll                          0x08004c31   Thumb Code    10  tasks.o(i.vTaskSuspendAll)
    vTaskSwitchContext                       0x08004c41   Thumb Code    90  tasks.o(i.vTaskSwitchContext)
    xPortStartScheduler                      0x08004ca5   Thumb Code   154  port.o(i.xPortStartScheduler)
    xPortSysTickHandler                      0x08004d4d   Thumb Code    38  port.o(i.xPortSysTickHandler)
    xQueueGenericCreateStatic                0x08004d79   Thumb Code   102  queue.o(i.xQueueGenericCreateStatic)
    xQueueGenericReset                       0x08004de1   Thumb Code   132  queue.o(i.xQueueGenericReset)
    xQueueGenericSend                        0x08004e69   Thumb Code   346  queue.o(i.xQueueGenericSend)
    xQueueGenericSendFromISR                 0x08004fc9   Thumb Code   190  queue.o(i.xQueueGenericSendFromISR)
    xQueueReceive                            0x08005089   Thumb Code   308  queue.o(i.xQueueReceive)
    xTaskCheckForTimeOut                     0x080051c1   Thumb Code   112  tasks.o(i.xTaskCheckForTimeOut)
    xTaskCreate                              0x08005235   Thumb Code    90  tasks.o(i.xTaskCreate)
    xTaskCreateStatic                        0x0800528f   Thumb Code    86  tasks.o(i.xTaskCreateStatic)
    xTaskGetSchedulerState                   0x080052e5   Thumb Code    22  tasks.o(i.xTaskGetSchedulerState)
    xTaskGetTickCount                        0x08005301   Thumb Code     6  tasks.o(i.xTaskGetTickCount)
    xTaskIncrementTick                       0x0800530d   Thumb Code   192  tasks.o(i.xTaskIncrementTick)
    xTaskPriorityDisinherit                  0x080053d5   Thumb Code   118  tasks.o(i.xTaskPriorityDisinherit)
    xTaskRemoveFromEventList                 0x08005455   Thumb Code    98  tasks.o(i.xTaskRemoveFromEventList)
    xTaskResumeAll                           0x080054c5   Thumb Code   182  tasks.o(i.xTaskResumeAll)
    xTimerCreateTimerTask                    0x08005589   Thumb Code    78  timers.o(i.xTimerCreateTimerTask)
    xTimerGenericCommand                     0x080055e9   Thumb Code    98  timers.o(i.xTimerGenericCommand)
    defaultTask_attributes                   0x08005650   Data          36  freertos.o(.constdata)
    AHBPrescTable                            0x080056ce   Data          16  system_stm32f1xx.o(.constdata)
    APBPrescTable                            0x080056de   Data           8  system_stm32f1xx.o(.constdata)
    Font8x16                                 0x080056e6   Data        1520  fonts.o(.constdata)
    Region$$Table$$Base                      0x08005cfc   Number         0  anon$$obj.o(Region$$Table)
    Region$$Table$$Limit                     0x08005d1c   Number         0  anon$$obj.o(Region$$Table)
    TASK_MPU_HANDLE                          0x20000000   Data           4  freertos.o(.data)
    TASK_TRANS_HANDLE                        0x20000004   Data           4  freertos.o(.data)
    defaultTaskHandle                        0x20000008   Data           4  freertos.o(.data)
    uwTickFreq                               0x2000000c   Data           1  stm32f1xx_hal.o(.data)
    uwTickPrio                               0x20000010   Data           4  stm32f1xx_hal.o(.data)
    uwTick                                   0x20000014   Data           4  stm32f1xx_hal.o(.data)
    SystemCoreClock                          0x20000018   Data           4  system_stm32f1xx.o(.data)
    pxCurrentTCB                             0x2000001c   Data           4  tasks.o(.data)
    count                                    0x2000009c   Data           1  data.o(.data)
    Accel_X_RAW                              0x2000009e   Data           2  data.o(.data)
    Accel_Y_RAW                              0x200000a0   Data           2  data.o(.data)
    Accel_Z_RAW                              0x200000a2   Data           2  data.o(.data)
    Gyro_X_RAW                               0x200000a4   Data           2  data.o(.data)
    Gyro_Y_RAW                               0x200000a6   Data           2  data.o(.data)
    Gyro_Z_RAW                               0x200000a8   Data           2  data.o(.data)
    Ax                                       0x200000ac   Data           4  data.o(.data)
    Ay                                       0x200000b0   Data           4  data.o(.data)
    Az                                       0x200000b4   Data           4  data.o(.data)
    Gx                                       0x200000b8   Data           4  data.o(.data)
    Gy                                       0x200000bc   Data           4  data.o(.data)
    Gz                                       0x200000c0   Data           4  data.o(.data)
    ax_filt                                  0x200000c4   Data           4  data.o(.data)
    ay_filt                                  0x200000c8   Data           4  data.o(.data)
    az_filt                                  0x200000cc   Data           4  data.o(.data)
    gx_filt                                  0x200000d0   Data           4  data.o(.data)
    gy_filt                                  0x200000d4   Data           4  data.o(.data)
    gz_filt                                  0x200000d8   Data           4  data.o(.data)
    roll                                     0x200000dc   Data           4  data.o(.data)
    pitch                                    0x200000e0   Data           4  data.o(.data)
    yaw                                      0x200000e4   Data           4  data.o(.data)
    hi2c1                                    0x20000110   Data          84  i2c.o(.bss)
    hi2c2                                    0x20000164   Data          84  i2c.o(.bss)
    htim4                                    0x200001b8   Data          72  stm32f1xx_hal_timebase_tim.o(.bss)
    xQueueRegistry                           0x20000200   Data          64  queue.o(.bss)
    __initial_sp                             0x200021f8   Data           0  startup_stm32f103xb.o(STACK)



==============================================================================

Memory Map of the image

  Image Entry point : 0x080000ed

  Load Region LR_IROM1 (Base: 0x08000000, Size: 0x00005e2c, Max: 0x00010000, ABSOLUTE)

    Execution Region ER_IROM1 (Exec base: 0x08000000, Load base: 0x08000000, Size: 0x00005d1c, Max: 0x00010000, ABSOLUTE)

    Exec Addr    Load Addr    Size         Type   Attr      Idx    E Section Name        Object

    0x08000000   0x08000000   0x000000ec   Data   RO            3    RESET               startup_stm32f103xb.o
    0x080000ec   0x080000ec   0x00000000   Code   RO         5083  * .ARM.Collect$$$$00000000  mc_w.l(entry.o)
    0x080000ec   0x080000ec   0x00000004   Code   RO         5389    .ARM.Collect$$$$00000001  mc_w.l(entry2.o)
    0x080000f0   0x080000f0   0x00000004   Code   RO         5392    .ARM.Collect$$$$00000004  mc_w.l(entry5.o)
    0x080000f4   0x080000f4   0x00000000   Code   RO         5394    .ARM.Collect$$$$00000008  mc_w.l(entry7b.o)
    0x080000f4   0x080000f4   0x00000000   Code   RO         5396    .ARM.Collect$$$$0000000A  mc_w.l(entry8b.o)
    0x080000f4   0x080000f4   0x00000008   Code   RO         5397    .ARM.Collect$$$$0000000B  mc_w.l(entry9a.o)
    0x080000fc   0x080000fc   0x00000000   Code   RO         5399    .ARM.Collect$$$$0000000D  mc_w.l(entry10a.o)
    0x080000fc   0x080000fc   0x00000000   Code   RO         5401    .ARM.Collect$$$$0000000F  mc_w.l(entry11a.o)
    0x080000fc   0x080000fc   0x00000004   Code   RO         5390    .ARM.Collect$$$$00002712  mc_w.l(entry2.o)
    0x08000100   0x08000100   0x00000096   Code   RO         4722    .emb_text           port.o
    0x08000196   0x08000196   0x00000002   PAD
    0x08000198   0x08000198   0x00000024   Code   RO            4    .text               startup_stm32f103xb.o
    0x080001bc   0x080001bc   0x00000020   Code   RO         5086    .text               mc_w.l(llushr.o)
    0x080001dc   0x080001dc   0x00000024   Code   RO         5088    .text               mc_w.l(memcpya.o)
    0x08000200   0x08000200   0x00000024   Code   RO         5092    .text               mc_w.l(memseta.o)
    0x08000224   0x08000224   0x000000b0   Code   RO         5357    .text               mf_w.l(fadd.o)
    0x080002d4   0x080002d4   0x00000064   Code   RO         5359    .text               mf_w.l(fmul.o)
    0x08000338   0x08000338   0x0000007c   Code   RO         5361    .text               mf_w.l(fdiv.o)
    0x080003b4   0x080003b4   0x00000018   Code   RO         5363    .text               mf_w.l(fscalb.o)
    0x080003cc   0x080003cc   0x00000012   Code   RO         5365    .text               mf_w.l(fflti.o)
    0x080003de   0x080003de   0x00000026   Code   RO         5367    .text               mf_w.l(f2d.o)
    0x08000404   0x08000404   0x00000014   Code   RO         5369    .text               mf_w.l(cfcmple.o)
    0x08000418   0x08000418   0x00000014   Code   RO         5371    .text               mf_w.l(cfrcmple.o)
    0x0800042c   0x0800042c   0x0000002c   Code   RO         5406    .text               mc_w.l(uidiv.o)
    0x08000458   0x08000458   0x00000062   Code   RO         5408    .text               mc_w.l(uldiv.o)
    0x080004ba   0x080004ba   0x00000000   Code   RO         5417    .text               mc_w.l(iusefp.o)
    0x080004ba   0x080004ba   0x0000006e   Code   RO         5418    .text               mf_w.l(fepilogue.o)
    0x08000528   0x08000528   0x0000005e   Code   RO         5420    .text               mf_w.l(fsqrt.o)
    0x08000586   0x08000586   0x0000014e   Code   RO         5422    .text               mf_w.l(dadd.o)
    0x080006d4   0x080006d4   0x000000e4   Code   RO         5424    .text               mf_w.l(dmul.o)
    0x080007b8   0x080007b8   0x000000de   Code   RO         5426    .text               mf_w.l(ddiv.o)
    0x08000896   0x08000896   0x00000030   Code   RO         5428    .text               mf_w.l(dfixul.o)
    0x080008c6   0x080008c6   0x00000002   PAD
    0x080008c8   0x080008c8   0x00000030   Code   RO         5430    .text               mf_w.l(cdrcmple.o)
    0x080008f8   0x080008f8   0x00000024   Code   RO         5432    .text               mc_w.l(init.o)
    0x0800091c   0x0800091c   0x0000001e   Code   RO         5435    .text               mc_w.l(llshl.o)
    0x0800093a   0x0800093a   0x00000024   Code   RO         5437    .text               mc_w.l(llsshr.o)
    0x0800095e   0x0800095e   0x000000ba   Code   RO         5440    .text               mf_w.l(depilogue.o)
    0x08000a18   0x08000a18   0x00000050   Code   RO         4878    i.AttitudeSolver_Init  attitude.o
    0x08000a68   0x08000a68   0x00000408   Code   RO         4880    i.AttitudeSolver_Update  attitude.o
    0x08000e70   0x08000e70   0x000000c4   Code   RO         4881    i.Attitude_CalibrateGyro  attitude.o
    0x08000f34   0x08000f34   0x00000002   Code   RO          448    i.BusFault_Handler  stm32f1xx_it.o
    0x08000f36   0x08000f36   0x00000002   Code   RO          449    i.DebugMon_Handler  stm32f1xx_it.o
    0x08000f38   0x08000f38   0x00000004   Code   RO           13    i.Error_Handler     main.o
    0x08000f3c   0x08000f3c   0x00000024   Code   RO         1591    i.HAL_Delay         stm32f1xx_hal.o
    0x08000f60   0x08000f60   0x000001e0   Code   RO         1901    i.HAL_GPIO_Init     stm32f1xx_hal_gpio.o
    0x08001140   0x08001140   0x0000000c   Code   RO         1595    i.HAL_GetTick       stm32f1xx_hal.o
    0x0800114c   0x0800114c   0x00000188   Code   RO         2572    i.HAL_I2C_Init      stm32f1xx_hal_i2c.o
    0x080012d4   0x080012d4   0x0000025c   Code   RO         2590    i.HAL_I2C_Mem_Read  stm32f1xx_hal_i2c.o
    0x08001530   0x08001530   0x00000130   Code   RO         2593    i.HAL_I2C_Mem_Write  stm32f1xx_hal_i2c.o
    0x08001660   0x08001660   0x00000098   Code   RO          401    i.HAL_I2C_MspInit   i2c.o
    0x080016f8   0x080016f8   0x00000010   Code   RO         1601    i.HAL_IncTick       stm32f1xx_hal.o
    0x08001708   0x08001708   0x00000024   Code   RO         1602    i.HAL_Init          stm32f1xx_hal.o
    0x0800172c   0x0800172c   0x00000098   Code   RO          536    i.HAL_InitTick      stm32f1xx_hal_timebase_tim.o
    0x080017c4   0x080017c4   0x00000048   Code   RO          512    i.HAL_MspInit       stm32f1xx_hal_msp.o
    0x0800180c   0x0800180c   0x0000001a   Code   RO         2061    i.HAL_NVIC_EnableIRQ  stm32f1xx_hal_cortex.o
    0x08001826   0x08001826   0x00000002   PAD
    0x08001828   0x08001828   0x00000040   Code   RO         2067    i.HAL_NVIC_SetPriority  stm32f1xx_hal_cortex.o
    0x08001868   0x08001868   0x00000024   Code   RO         2068    i.HAL_NVIC_SetPriorityGrouping  stm32f1xx_hal_cortex.o
    0x0800188c   0x0800188c   0x0000012c   Code   RO         1759    i.HAL_RCC_ClockConfig  stm32f1xx_hal_rcc.o
    0x080019b8   0x080019b8   0x00000040   Code   RO         1763    i.HAL_RCC_GetClockConfig  stm32f1xx_hal_rcc.o
    0x080019f8   0x080019f8   0x00000020   Code   RO         1766    i.HAL_RCC_GetPCLK1Freq  stm32f1xx_hal_rcc.o
    0x08001a18   0x08001a18   0x0000004c   Code   RO         1768    i.HAL_RCC_GetSysClockFreq  stm32f1xx_hal_rcc.o
    0x08001a64   0x08001a64   0x00000320   Code   RO         1771    i.HAL_RCC_OscConfig  stm32f1xx_hal_rcc.o
    0x08001d84   0x08001d84   0x00000002   Code   RO         1317    i.HAL_TIMEx_BreakCallback  stm32f1xx_hal_tim_ex.o
    0x08001d86   0x08001d86   0x00000002   Code   RO         1318    i.HAL_TIMEx_CommutCallback  stm32f1xx_hal_tim_ex.o
    0x08001d88   0x08001d88   0x0000005a   Code   RO          613    i.HAL_TIM_Base_Init  stm32f1xx_hal_tim.o
    0x08001de2   0x08001de2   0x00000002   Code   RO          615    i.HAL_TIM_Base_MspInit  stm32f1xx_hal_tim.o
    0x08001de4   0x08001de4   0x00000058   Code   RO          618    i.HAL_TIM_Base_Start_IT  stm32f1xx_hal_tim.o
    0x08001e3c   0x08001e3c   0x00000002   Code   RO          647    i.HAL_TIM_IC_CaptureCallback  stm32f1xx_hal_tim.o
    0x08001e3e   0x08001e3e   0x00000130   Code   RO          661    i.HAL_TIM_IRQHandler  stm32f1xx_hal_tim.o
    0x08001f6e   0x08001f6e   0x00000002   Code   RO          664    i.HAL_TIM_OC_DelayElapsedCallback  stm32f1xx_hal_tim.o
    0x08001f70   0x08001f70   0x00000002   Code   RO          691    i.HAL_TIM_PWM_PulseFinishedCallback  stm32f1xx_hal_tim.o
    0x08001f72   0x08001f72   0x00000002   PAD
    0x08001f74   0x08001f74   0x00000014   Code   RO           14    i.HAL_TIM_PeriodElapsedCallback  main.o
    0x08001f88   0x08001f88   0x00000002   Code   RO          704    i.HAL_TIM_TriggerCallback  stm32f1xx_hal_tim.o
    0x08001f8a   0x08001f8a   0x00000002   Code   RO          450    i.HardFault_Handler  stm32f1xx_it.o
    0x08001f8c   0x08001f8c   0x0000002e   Code   RO         2615    i.I2C_IsAcknowledgeFailed  stm32f1xx_hal_i2c.o
    0x08001fba   0x08001fba   0x00000002   PAD
    0x08001fbc   0x08001fbc   0x000000fc   Code   RO         2625    i.I2C_RequestMemoryRead  stm32f1xx_hal_i2c.o
    0x080020b8   0x080020b8   0x000000a8   Code   RO         2626    i.I2C_RequestMemoryWrite  stm32f1xx_hal_i2c.o
    0x08002160   0x08002160   0x00000056   Code   RO         2630    i.I2C_WaitOnBTFFlagUntilTimeout  stm32f1xx_hal_i2c.o
    0x080021b6   0x080021b6   0x00000002   PAD
    0x080021b8   0x080021b8   0x00000090   Code   RO         2631    i.I2C_WaitOnFlagUntilTimeout  stm32f1xx_hal_i2c.o
    0x08002248   0x08002248   0x000000bc   Code   RO         2632    i.I2C_WaitOnMasterAddressFlagUntilTimeout  stm32f1xx_hal_i2c.o
    0x08002304   0x08002304   0x00000070   Code   RO         2633    i.I2C_WaitOnRXNEFlagUntilTimeout  stm32f1xx_hal_i2c.o
    0x08002374   0x08002374   0x00000056   Code   RO         2634    i.I2C_WaitOnTXEFlagUntilTimeout  stm32f1xx_hal_i2c.o
    0x080023ca   0x080023ca   0x00000002   PAD
    0x080023cc   0x080023cc   0x00000088   Code   RO         4834    i.KalmanFilter_Init  kalman_filter.o
    0x08002454   0x08002454   0x0000012c   Code   RO         4835    i.KalmanFilter_Update  kalman_filter.o
    0x08002580   0x08002580   0x0000002a   Code   RO         4836    i.Kalman_Init       kalman_filter.o
    0x080025aa   0x080025aa   0x00000002   PAD
    0x080025ac   0x080025ac   0x00000258   Code   RO         4837    i.Kalman_Update     kalman_filter.o
    0x08002804   0x08002804   0x000000b0   Code   RO         5028    i.MPU6050_Init      mpu6050.o
    0x080028b4   0x080028b4   0x00000124   Code   RO         5029    i.MPU6050_Read      mpu6050.o
    0x080029d8   0x080029d8   0x00000084   Code   RO          207    i.MX_FREERTOS_Init  freertos.o
    0x08002a5c   0x08002a5c   0x0000004c   Code   RO          183    i.MX_GPIO_Init      gpio.o
    0x08002aa8   0x08002aa8   0x00000040   Code   RO          402    i.MX_I2C1_Init      i2c.o
    0x08002ae8   0x08002ae8   0x00000040   Code   RO          403    i.MX_I2C2_Init      i2c.o
    0x08002b28   0x08002b28   0x00000002   Code   RO          451    i.MemManage_Handler  stm32f1xx_it.o
    0x08002b2a   0x08002b2a   0x00000002   Code   RO          452    i.NMI_Handler       stm32f1xx_it.o
    0x08002b2c   0x08002b2c   0x00000006   Code   RO         4948    i.OLED_CLS          screen.o
    0x08002b32   0x08002b32   0x00000002   PAD
    0x08002b34   0x08002b34   0x00000038   Code   RO         4949    i.OLED_Fill         screen.o
    0x08002b6c   0x08002b6c   0x000000b4   Code   RO         4950    i.OLED_Init         screen.o
    0x08002c20   0x08002c20   0x00000018   Code   RO         4952    i.OLED_ON           screen.o
    0x08002c38   0x08002c38   0x00000026   Code   RO         4953    i.OLED_SetPos       screen.o
    0x08002c5e   0x08002c5e   0x00000002   PAD
    0x08002c60   0x08002c60   0x0000004c   Code   RO         4954    i.OLED_ShowChar     screen.o
    0x08002cac   0x08002cac   0x0000002c   Code   RO         4955    i.OLED_ShowString   screen.o
    0x08002cd8   0x08002cd8   0x00000108   Code   RO         4882    i.Quaternion_ToEuler  attitude.o
    0x08002de0   0x08002de0   0x00000008   Code   RO          208    i.StartDefaultTask  freertos.o
    0x08002de8   0x08002de8   0x0000001a   Code   RO         4150    i.SysTick_Handler   cmsis_os2.o
    0x08002e02   0x08002e02   0x0000005e   Code   RO           15    i.SystemClock_Config  main.o
    0x08002e60   0x08002e60   0x00000002   Code   RO         2999    i.SystemInit        system_stm32f1xx.o
    0x08002e62   0x08002e62   0x00000002   PAD
    0x08002e64   0x08002e64   0x000000b4   Code   RO          209    i.TASK_MPU_F        freertos.o
    0x08002f18   0x08002f18   0x000000b0   Code   RO          210    i.TASK_TRANS_F      freertos.o
    0x08002fc8   0x08002fc8   0x0000000c   Code   RO          453    i.TIM4_IRQHandler   stm32f1xx_it.o
    0x08002fd4   0x08002fd4   0x00000078   Code   RO          706    i.TIM_Base_SetConfig  stm32f1xx_hal_tim.o
    0x0800304c   0x0800304c   0x00000104   Code   RO         4838    i.Triple_MovingAverage  kalman_filter.o
    0x08003150   0x08003150   0x00000002   Code   RO          454    i.UsageFault_Handler  stm32f1xx_it.o
    0x08003152   0x08003152   0x00000002   PAD
    0x08003154   0x08003154   0x00000024   Code   RO         4956    i.WriteCmd          screen.o
    0x08003178   0x08003178   0x00000024   Code   RO         4957    i.WriteDat          screen.o
    0x0800319c   0x0800319c   0x00000028   Code   RO         5331    i.__0sprintf        mc_w.l(printfa.o)
    0x080031c4   0x080031c4   0x00000026   Code   RO         5373    i.__ARM_fpclassifyf  m_ws.l(fpclassifyf.o)
    0x080031ea   0x080031ea   0x00000020   Code   RO         2074    i.__NVIC_SetPriority  stm32f1xx_hal_cortex.o
    0x0800320a   0x0800320a   0x00000006   Code   RO         5376    i.__mathlib_flt_infnan  m_ws.l(funder.o)
    0x08003210   0x08003210   0x00000004   Code   RO         5377    i.__mathlib_flt_infnan2  m_ws.l(funder.o)
    0x08003214   0x08003214   0x00000008   Code   RO         5378    i.__mathlib_flt_invalid  m_ws.l(funder.o)
    0x0800321c   0x0800321c   0x0000000a   Code   RO         5381    i.__mathlib_flt_underflow  m_ws.l(funder.o)
    0x08003226   0x08003226   0x0000000e   Code   RO         5444    i.__scatterload_copy  mc_w.l(handlers.o)
    0x08003234   0x08003234   0x00000002   Code   RO         5445    i.__scatterload_null  mc_w.l(handlers.o)
    0x08003236   0x08003236   0x0000000e   Code   RO         5446    i.__scatterload_zeroinit  mc_w.l(handlers.o)
    0x08003244   0x08003244   0x0000000c   Code   RO         5412    i.__set_errno       mc_w.l(errno.o)
    0x08003250   0x08003250   0x00000184   Code   RO         5336    i._fp_digits        mc_w.l(printfa.o)
    0x080033d4   0x080033d4   0x000006dc   Code   RO         5337    i._printf_core      mc_w.l(printfa.o)
    0x08003ab0   0x08003ab0   0x00000024   Code   RO         5338    i._printf_post_padding  mc_w.l(printfa.o)
    0x08003ad4   0x08003ad4   0x0000002e   Code   RO         5339    i._printf_pre_padding  mc_w.l(printfa.o)
    0x08003b02   0x08003b02   0x0000000a   Code   RO         5341    i._sputc            mc_w.l(printfa.o)
    0x08003b0c   0x08003b0c   0x00000124   Code   RO         5060    i.asinf             m_ws.l(asinf.o)
    0x08003c30   0x08003c30   0x0000025c   Code   RO         5068    i.atan2f            m_ws.l(atan2f.o)
    0x08003e8c   0x08003e8c   0x00000022   Code   RO           16    i.main              main.o
    0x08003eae   0x08003eae   0x0000001a   Code   RO         4152    i.osDelay           cmsis_os2.o
    0x08003ec8   0x08003ec8   0x00000024   Code   RO         4166    i.osKernelInitialize  cmsis_os2.o
    0x08003eec   0x08003eec   0x00000038   Code   RO         4169    i.osKernelStart     cmsis_os2.o
    0x08003f24   0x08003f24   0x0000008a   Code   RO         4211    i.osThreadNew       cmsis_os2.o
    0x08003fae   0x08003fae   0x00000002   PAD
    0x08003fb0   0x08003fb0   0x0000005c   Code   RO         3611    i.prvAddCurrentTaskToDelayedList  tasks.o
    0x0800400c   0x0800400c   0x000000d0   Code   RO         3612    i.prvAddNewTaskToReadyList  tasks.o
    0x080040dc   0x080040dc   0x00000058   Code   RO         3976    i.prvCheckForValidListAndQueue  timers.o
    0x08004134   0x08004134   0x00000026   Code   RO         3208    i.prvCopyDataFromQueue  queue.o
    0x0800415a   0x0800415a   0x0000006c   Code   RO         3209    i.prvCopyDataToQueue  queue.o
    0x080041c6   0x080041c6   0x00000034   Code   RO         3613    i.prvDeleteTCB      tasks.o
    0x080041fa   0x080041fa   0x00000002   PAD
    0x080041fc   0x080041fc   0x0000004c   Code   RO         4667    i.prvHeapInit       heap_4.o
    0x08004248   0x08004248   0x00000060   Code   RO         3614    i.prvIdleTask       tasks.o
    0x080042a8   0x080042a8   0x00000022   Code   RO         3211    i.prvInitialiseNewQueue  queue.o
    0x080042ca   0x080042ca   0x00000002   PAD
    0x080042cc   0x080042cc   0x000000b0   Code   RO         3615    i.prvInitialiseNewTask  tasks.o
    0x0800437c   0x0800437c   0x0000004c   Code   RO         4668    i.prvInsertBlockIntoFreeList  heap_4.o
    0x080043c8   0x080043c8   0x00000038   Code   RO         3978    i.prvInsertTimerInActiveList  timers.o
    0x08004400   0x08004400   0x0000001c   Code   RO         3212    i.prvIsQueueEmpty   queue.o
    0x0800441c   0x0800441c   0x000000fc   Code   RO         3979    i.prvProcessReceivedCommands  timers.o
    0x08004518   0x08004518   0x000000c0   Code   RO         3980    i.prvProcessTimerOrBlockTask  timers.o
    0x080045d8   0x080045d8   0x00000020   Code   RO         3617    i.prvResetNextTaskUnblockTime  tasks.o
    0x080045f8   0x080045f8   0x00000028   Code   RO         3981    i.prvSampleTimeNow  timers.o
    0x08004620   0x08004620   0x0000006c   Code   RO         3982    i.prvSwitchTimerLists  timers.o
    0x0800468c   0x0800468c   0x00000028   Code   RO         4723    i.prvTaskExitError  port.o
    0x080046b4   0x080046b4   0x00000024   Code   RO         3983    i.prvTimerTask      timers.o
    0x080046d8   0x080046d8   0x0000006a   Code   RO         3213    i.prvUnlockQueue    queue.o
    0x08004742   0x08004742   0x00000002   PAD
    0x08004744   0x08004744   0x000000dc   Code   RO         4669    i.pvPortMalloc      heap_4.o
    0x08004820   0x08004820   0x00000024   Code   RO         4724    i.pxPortInitialiseStack  port.o
    0x08004844   0x08004844   0x0000002c   Code   RO         5076    i.sqrtf             m_ws.l(sqrtf.o)
    0x08004870   0x08004870   0x00000026   Code   RO         3168    i.uxListRemove      list.o
    0x08004896   0x08004896   0x00000002   PAD
    0x08004898   0x08004898   0x00000014   Code   RO         4223    i.vApplicationGetIdleTaskMemory  cmsis_os2.o
    0x080048ac   0x080048ac   0x00000018   Code   RO         4224    i.vApplicationGetTimerTaskMemory  cmsis_os2.o
    0x080048c4   0x080048c4   0x00000016   Code   RO         3169    i.vListInitialise   list.o
    0x080048da   0x080048da   0x00000006   Code   RO         3170    i.vListInitialiseItem  list.o
    0x080048e0   0x080048e0   0x00000030   Code   RO         3171    i.vListInsert       list.o
    0x08004910   0x08004910   0x00000018   Code   RO         3172    i.vListInsertEnd    list.o
    0x08004928   0x08004928   0x00000040   Code   RO         4726    i.vPortEnterCritical  port.o
    0x08004968   0x08004968   0x00000028   Code   RO         4727    i.vPortExitCritical  port.o
    0x08004990   0x08004990   0x00000064   Code   RO         4670    i.vPortFree         heap_4.o
    0x080049f4   0x080049f4   0x00000024   Code   RO         4728    i.vPortSetupTimerInterrupt  port.o
    0x08004a18   0x08004a18   0x00000054   Code   RO         4729    i.vPortValidateInterruptPriority  port.o
    0x08004a6c   0x08004a6c   0x00000028   Code   RO         3219    i.vQueueAddToRegistry  queue.o
    0x08004a94   0x08004a94   0x00000044   Code   RO         3223    i.vQueueWaitForMessageRestricted  queue.o
    0x08004ad8   0x08004ad8   0x0000004c   Code   RO         3630    i.vTaskDelay        tasks.o
    0x08004b24   0x08004b24   0x00000010   Code   RO         3635    i.vTaskInternalSetTimeOutState  tasks.o
    0x08004b34   0x08004b34   0x0000000c   Code   RO         3636    i.vTaskMissedYield  tasks.o
    0x08004b40   0x08004b40   0x00000030   Code   RO         3638    i.vTaskPlaceOnEventList  tasks.o
    0x08004b70   0x08004b70   0x00000038   Code   RO         3639    i.vTaskPlaceOnEventListRestricted  tasks.o
    0x08004ba8   0x08004ba8   0x00000088   Code   RO         3647    i.vTaskStartScheduler  tasks.o
    0x08004c30   0x08004c30   0x00000010   Code   RO         3649    i.vTaskSuspendAll   tasks.o
    0x08004c40   0x08004c40   0x00000064   Code   RO         3650    i.vTaskSwitchContext  tasks.o
    0x08004ca4   0x08004ca4   0x000000a8   Code   RO         4730    i.xPortStartScheduler  port.o
    0x08004d4c   0x08004d4c   0x0000002c   Code   RO         4731    i.xPortSysTickHandler  port.o
    0x08004d78   0x08004d78   0x00000066   Code   RO         3229    i.xQueueGenericCreateStatic  queue.o
    0x08004dde   0x08004dde   0x00000002   PAD
    0x08004de0   0x08004de0   0x00000088   Code   RO         3230    i.xQueueGenericReset  queue.o
    0x08004e68   0x08004e68   0x00000160   Code   RO         3231    i.xQueueGenericSend  queue.o
    0x08004fc8   0x08004fc8   0x000000be   Code   RO         3232    i.xQueueGenericSendFromISR  queue.o
    0x08005086   0x08005086   0x00000002   PAD
    0x08005088   0x08005088   0x00000138   Code   RO         3241    i.xQueueReceive     queue.o
    0x080051c0   0x080051c0   0x00000074   Code   RO         3652    i.xTaskCheckForTimeOut  tasks.o
    0x08005234   0x08005234   0x0000005a   Code   RO         3653    i.xTaskCreate       tasks.o
    0x0800528e   0x0800528e   0x00000056   Code   RO         3654    i.xTaskCreateStatic  tasks.o
    0x080052e4   0x080052e4   0x0000001c   Code   RO         3658    i.xTaskGetSchedulerState  tasks.o
    0x08005300   0x08005300   0x0000000c   Code   RO         3659    i.xTaskGetTickCount  tasks.o
    0x0800530c   0x0800530c   0x000000c8   Code   RO         3661    i.xTaskIncrementTick  tasks.o
    0x080053d4   0x080053d4   0x00000080   Code   RO         3664    i.xTaskPriorityDisinherit  tasks.o
    0x08005454   0x08005454   0x00000070   Code   RO         3666    i.xTaskRemoveFromEventList  tasks.o
    0x080054c4   0x080054c4   0x000000c4   Code   RO         3667    i.xTaskResumeAll    tasks.o
    0x08005588   0x08005588   0x00000060   Code   RO         3992    i.xTimerCreateTimerTask  timers.o
    0x080055e8   0x080055e8   0x00000068   Code   RO         3993    i.xTimerGenericCommand  timers.o
    0x08005650   0x08005650   0x0000006c   Data   RO          211    .constdata          freertos.o
    0x080056bc   0x080056bc   0x00000012   Data   RO         1772    .constdata          stm32f1xx_hal_rcc.o
    0x080056ce   0x080056ce   0x00000010   Data   RO         3000    .constdata          system_stm32f1xx.o
    0x080056de   0x080056de   0x00000008   Data   RO         3001    .constdata          system_stm32f1xx.o
    0x080056e6   0x080056e6   0x000005f0   Data   RO         4933    .constdata          fonts.o
    0x08005cd6   0x08005cd6   0x00000002   PAD
    0x08005cd8   0x08005cd8   0x00000024   Data   RO          212    .conststring        freertos.o
    0x08005cfc   0x08005cfc   0x00000020   Data   RO         5442    Region$$Table       anon$$obj.o


    Execution Region RW_IRAM1 (Exec base: 0x20000000, Load base: 0x08005d1c, Size: 0x000021f8, Max: 0x00005000, ABSOLUTE)

    Exec Addr    Load Addr    Size         Type   Attr      Idx    E Section Name        Object

    0x20000000   0x08005d1c   0x0000000c   Data   RW          213    .data               freertos.o
    0x2000000c   0x08005d28   0x0000000c   Data   RW         1609    .data               stm32f1xx_hal.o
    0x20000018   0x08005d34   0x00000004   Data   RW         3002    .data               system_stm32f1xx.o
    0x2000001c   0x08005d38   0x0000003c   Data   RW         3670    .data               tasks.o
    0x20000058   0x08005d74   0x00000014   Data   RW         4001    .data               timers.o
    0x2000006c   0x08005d88   0x00000004   Data   RW         4226    .data               cmsis_os2.o
    0x20000070   0x08005d8c   0x00000020   Data   RW         4676    .data               heap_4.o
    0x20000090   0x08005dac   0x0000000c   Data   RW         4732    .data               port.o
    0x2000009c   0x08005db8   0x00000001   Data   RW         4801    .data               data.o
    0x2000009d   0x08005db9   0x00000001   PAD
    0x2000009e   0x08005dba   0x00000002   Data   RW         4802    .data               data.o
    0x200000a0   0x08005dbc   0x00000002   Data   RW         4803    .data               data.o
    0x200000a2   0x08005dbe   0x00000002   Data   RW         4804    .data               data.o
    0x200000a4   0x08005dc0   0x00000002   Data   RW         4805    .data               data.o
    0x200000a6   0x08005dc2   0x00000002   Data   RW         4806    .data               data.o
    0x200000a8   0x08005dc4   0x00000002   Data   RW         4807    .data               data.o
    0x200000aa   0x08005dc6   0x00000002   PAD
    0x200000ac   0x08005dc8   0x00000004   Data   RW         4808    .data               data.o
    0x200000b0   0x08005dcc   0x00000004   Data   RW         4809    .data               data.o
    0x200000b4   0x08005dd0   0x00000004   Data   RW         4810    .data               data.o
    0x200000b8   0x08005dd4   0x00000004   Data   RW         4811    .data               data.o
    0x200000bc   0x08005dd8   0x00000004   Data   RW         4812    .data               data.o
    0x200000c0   0x08005ddc   0x00000004   Data   RW         4813    .data               data.o
    0x200000c4   0x08005de0   0x00000004   Data   RW         4814    .data               data.o
    0x200000c8   0x08005de4   0x00000004   Data   RW         4815    .data               data.o
    0x200000cc   0x08005de8   0x00000004   Data   RW         4816    .data               data.o
    0x200000d0   0x08005dec   0x00000004   Data   RW         4817    .data               data.o
    0x200000d4   0x08005df0   0x00000004   Data   RW         4818    .data               data.o
    0x200000d8   0x08005df4   0x00000004   Data   RW         4819    .data               data.o
    0x200000dc   0x08005df8   0x00000004   Data   RW         4820    .data               data.o
    0x200000e0   0x08005dfc   0x00000004   Data   RW         4821    .data               data.o
    0x200000e4   0x08005e00   0x00000004   Data   RW         4822    .data               data.o
    0x200000e8   0x08005e04   0x0000000d   Data   RW         4840    .data               kalman_filter.o
    0x200000f5   0x08005e11   0x00000003   PAD
    0x200000f8   0x08005e14   0x00000014   Data   RW         4884    .data               attitude.o
    0x2000010c   0x08005e28   0x00000004   Data   RW         5413    .data               mc_w.l(errno.o)
    0x20000110        -       0x000000a8   Zero   RW          404    .bss                i2c.o
    0x200001b8        -       0x00000048   Zero   RW          539    .bss                stm32f1xx_hal_timebase_tim.o
    0x20000200        -       0x00000040   Zero   RW         3245    .bss                queue.o
    0x20000240        -       0x000004c4   Zero   RW         3669    .bss                tasks.o
    0x20000704        -       0x00000118   Zero   RW         4000    .bss                timers.o
    0x2000081c        -       0x000006b8   Zero   RW         4225    .bss                cmsis_os2.o
    0x20000ed4        -       0x00000c00   Zero   RW         4675    .bss                heap_4.o
    0x20001ad4        -       0x000002e8   Zero   RW         4839    .bss                kalman_filter.o
    0x20001dbc        -       0x0000003c   Zero   RW         4883    .bss                attitude.o
    0x20001df8        -       0x00000400   Zero   RW            1    STACK               startup_stm32f103xb.o


==============================================================================

Image component sizes


      Code (inc. data)   RO Data    RW Data    ZI Data      Debug   Object Name

      1572         68          0         20         60       4646   attitude.o
       326         22          0          4       1720      58579   cmsis_os2.o
         0          0          0         73          0       1184   data.o
         0          0          0          0          0      19584   event_groups.o
         0          0       1520          0          0        495   fonts.o
       496        138        144         12          0       8223   freertos.o
        76          6          0          0          0        843   gpio.o
       472         24          0         32       3072       4727   heap_4.o
       280         46          0          0        168       2254   i2c.o
      1338        112          0         13        744       6854   kalman_filter.o
       138          0          0          0          0       3362   list.o
       152          6          0          0          0     434280   main.o
       468         60          0          0          0       1230   mpu6050.o
       662         70          0         12          0      10669   port.o
      1514         20          0          0         64      16972   queue.o
       496         14          0          0          0       5091   screen.o
        36          8        236          0       1024        796   startup_stm32f103xb.o
       100         18          0         12          0       5206   stm32f1xx_hal.o
       158         14          0          0          0      28158   stm32f1xx_hal_cortex.o
       480         34          0          0          0       2252   stm32f1xx_hal_gpio.o
      2382         56          0          0          0      12942   stm32f1xx_hal_i2c.o
        72         10          0          0          0        858   stm32f1xx_hal_msp.o
      1272         82         18          0          0       5150   stm32f1xx_hal_rcc.o
       612         24          0          0          0       7124   stm32f1xx_hal_tim.o
         4          0          0          0          0       1569   stm32f1xx_hal_tim_ex.o
       152         20          0          0         72       1463   stm32f1xx_hal_timebase_tim.o
        24          6          0          0          0       2987   stm32f1xx_it.o
         0          0          0          0          0        384   stream_buffer.o
         2          0         24          4          0       1103   system_stm32f1xx.o
      2084        168          0         60       1220      26048   tasks.o
       972         80          0         20        280      31951   timers.o

    ----------------------------------------------------------------------
     16376       1106       1976        268       8424     706984   Object Totals
         0          0         32          0          0          0   (incl. Generated)
        36          0          2          6          0          0   (incl. Padding)

    ----------------------------------------------------------------------

      Code (inc. data)   RO Data    RW Data    ZI Data      Debug   Library Member Name

       292         38          0          0          0        120   asinf.o
       604         76          0          0          0        116   atan2f.o
        38          0          0          0          0         68   fpclassifyf.o
        28          0          0          0          0        272   funder.o
        44          0          0          0          0         80   sqrtf.o
         0          0          0          0          0          0   entry.o
         0          0          0          0          0          0   entry10a.o
         0          0          0          0          0          0   entry11a.o
         8          4          0          0          0          0   entry2.o
         4          0          0          0          0          0   entry5.o
         0          0          0          0          0          0   entry7b.o
         0          0          0          0          0          0   entry8b.o
         8          4          0          0          0          0   entry9a.o
        12          6          0          4          0         68   errno.o
        30          0          0          0          0          0   handlers.o
        36          8          0          0          0         68   init.o
         0          0          0          0          0          0   iusefp.o
        30          0          0          0          0         68   llshl.o
        36          0          0          0          0         68   llsshr.o
        32          0          0          0          0         68   llushr.o
        36          0          0          0          0         68   memcpya.o
        36          0          0          0          0        108   memseta.o
      2276         86          0          0          0        520   printfa.o
        44          0          0          0          0         80   uidiv.o
        98          0          0          0          0         92   uldiv.o
        48          0          0          0          0         68   cdrcmple.o
        20          0          0          0          0         68   cfcmple.o
        20          0          0          0          0         68   cfrcmple.o
       334          0          0          0          0        148   dadd.o
       222          0          0          0          0        100   ddiv.o
       186          0          0          0          0        176   depilogue.o
        48          0          0          0          0         68   dfixul.o
       228          0          0          0          0         96   dmul.o
        38          0          0          0          0         68   f2d.o
       176          0          0          0          0        140   fadd.o
       124          0          0          0          0         88   fdiv.o
       110          0          0          0          0        168   fepilogue.o
        18          0          0          0          0         68   fflti.o
       100          0          0          0          0         76   fmul.o
        24          0          0          0          0         68   fscalb.o
        94          0          0          0          0         96   fsqrt.o

    ----------------------------------------------------------------------
      5484        222          0          4          0       3428   Library Totals
         2          0          0          0          0          0   (incl. Padding)

    ----------------------------------------------------------------------

      Code (inc. data)   RO Data    RW Data    ZI Data      Debug   Library Name

      1006        114          0          0          0        656   m_ws.l
      2686        108          0          4          0       1208   mc_w.l
      1790          0          0          0          0       1564   mf_w.l

    ----------------------------------------------------------------------
      5484        222          0          4          0       3428   Library Totals

    ----------------------------------------------------------------------

==============================================================================


      Code (inc. data)   RO Data    RW Data    ZI Data      Debug   

     21860       1328       1976        272       8424     701204   Grand Totals
     21860       1328       1976        272       8424     701204   ELF Image Totals
     21860       1328       1976        272          0          0   ROM Totals

==============================================================================

    Total RO  Size (Code + RO Data)                23836 (  23.28kB)
    Total RW  Size (RW Data + ZI Data)              8696 (   8.49kB)
    Total ROM Size (Code + RO Data + RW Data)      24108 (  23.54kB)

==============================================================================

