Component: ARM Compiler 5.06 update 5 (build 528) Tool: armlink [4d35e2]

==============================================================================

Section Cross References

    startup_stm32f103xb.o(STACK) refers (Special) to heapauxi.o(.text) for __use_two_region_memory
    startup_stm32f103xb.o(HEAP) refers (Special) to heapauxi.o(.text) for __use_two_region_memory
    startup_stm32f103xb.o(RESET) refers (Special) to heapauxi.o(.text) for __use_two_region_memory
    startup_stm32f103xb.o(RESET) refers to startup_stm32f103xb.o(STACK) for __initial_sp
    startup_stm32f103xb.o(RESET) refers to startup_stm32f103xb.o(.text) for Reset_Handler
    startup_stm32f103xb.o(RESET) refers to stm32f1xx_it.o(i.NMI_Handler) for NMI_Handler
    startup_stm32f103xb.o(RESET) refers to stm32f1xx_it.o(i.HardFault_Handler) for HardFault_Handler
    startup_stm32f103xb.o(RESET) refers to stm32f1xx_it.o(i.MemManage_Handler) for MemManage_Handler
    startup_stm32f103xb.o(RESET) refers to stm32f1xx_it.o(i.BusFault_Handler) for BusFault_Handler
    startup_stm32f103xb.o(RESET) refers to stm32f1xx_it.o(i.UsageFault_Handler) for UsageFault_Handler
    startup_stm32f103xb.o(RESET) refers to port.o(.emb_text) for SVC_Handler
    startup_stm32f103xb.o(RESET) refers to stm32f1xx_it.o(i.DebugMon_Handler) for DebugMon_Handler
    startup_stm32f103xb.o(RESET) refers to cmsis_os2.o(i.SysTick_Handler) for SysTick_Handler
    startup_stm32f103xb.o(RESET) refers to stm32f1xx_it.o(i.DMA1_Channel4_IRQHandler) for DMA1_Channel4_IRQHandler
    startup_stm32f103xb.o(RESET) refers to stm32f1xx_it.o(i.DMA1_Channel5_IRQHandler) for DMA1_Channel5_IRQHandler
    startup_stm32f103xb.o(RESET) refers to stm32f1xx_it.o(i.TIM1_UP_IRQHandler) for TIM1_UP_IRQHandler
    startup_stm32f103xb.o(RESET) refers to stm32f1xx_it.o(i.TIM4_IRQHandler) for TIM4_IRQHandler
    startup_stm32f103xb.o(RESET) refers to stm32f1xx_it.o(i.USART1_IRQHandler) for USART1_IRQHandler
    startup_stm32f103xb.o(.text) refers (Special) to heapauxi.o(.text) for __use_two_region_memory
    startup_stm32f103xb.o(.text) refers to system_stm32f1xx.o(i.SystemInit) for SystemInit
    startup_stm32f103xb.o(.text) refers to __main.o(!!!main) for __main
    startup_stm32f103xb.o(.text) refers to startup_stm32f103xb.o(HEAP) for Heap_Mem
    startup_stm32f103xb.o(.text) refers to startup_stm32f103xb.o(STACK) for Stack_Mem
    main.o(i.SystemClock_Config) refers to rt_memclr_w.o(.text) for __aeabi_memclr4
    main.o(i.SystemClock_Config) refers to stm32f1xx_hal_rcc.o(i.HAL_RCC_OscConfig) for HAL_RCC_OscConfig
    main.o(i.SystemClock_Config) refers to stm32f1xx_hal_rcc.o(i.HAL_RCC_ClockConfig) for HAL_RCC_ClockConfig
    main.o(i.main) refers to stm32f1xx_hal.o(i.HAL_Init) for HAL_Init
    main.o(i.main) refers to main.o(i.SystemClock_Config) for SystemClock_Config
    main.o(i.main) refers to gpio.o(i.MX_GPIO_Init) for MX_GPIO_Init
    main.o(i.main) refers to dma.o(i.MX_DMA_Init) for MX_DMA_Init
    main.o(i.main) refers to i2c.o(i.MX_I2C1_Init) for MX_I2C1_Init
    main.o(i.main) refers to usart.o(i.MX_USART1_UART_Init) for MX_USART1_UART_Init
    main.o(i.main) refers to tim.o(i.MX_TIM2_Init) for MX_TIM2_Init
    main.o(i.main) refers to tim.o(i.MX_TIM3_Init) for MX_TIM3_Init
    main.o(i.main) refers to tim.o(i.MX_TIM1_Init) for MX_TIM1_Init
    main.o(i.main) refers to cmsis_os2.o(i.osKernelInitialize) for osKernelInitialize
    main.o(i.main) refers to freertos.o(i.MX_FREERTOS_Init) for MX_FREERTOS_Init
    main.o(i.main) refers to cmsis_os2.o(i.osKernelStart) for osKernelStart
    gpio.o(i.MX_GPIO_Init) refers to stm32f1xx_hal_gpio.o(i.HAL_GPIO_WritePin) for HAL_GPIO_WritePin
    gpio.o(i.MX_GPIO_Init) refers to stm32f1xx_hal_gpio.o(i.HAL_GPIO_Init) for HAL_GPIO_Init
    freertos.o(i.HAL_TIM_PeriodElapsedCallback) refers to stm32f1xx_hal.o(i.HAL_IncTick) for HAL_IncTick
    freertos.o(i.HAL_TIM_PeriodElapsedCallback) refers to encoder.o(i.Get_Cur_Spead) for Get_Cur_Spead
    freertos.o(i.HAL_TIM_PeriodElapsedCallback) refers to dflt_clz.o(x$fpl$dflt) for __aeabi_i2d
    freertos.o(i.HAL_TIM_PeriodElapsedCallback) refers to dmul.o(x$fpl$dmul) for __aeabi_dmul
    freertos.o(i.HAL_TIM_PeriodElapsedCallback) refers to d2f.o(x$fpl$d2f) for __aeabi_d2f
    freertos.o(i.HAL_TIM_PeriodElapsedCallback) refers to fmul.o(x$fpl$fmul) for __aeabi_fmul
    freertos.o(i.HAL_TIM_PeriodElapsedCallback) refers to faddsub_clz.o(x$fpl$fadd) for __aeabi_fadd
    freertos.o(i.HAL_TIM_PeriodElapsedCallback) refers to pid.o(i.normalize_motor) for normalize_motor
    freertos.o(i.HAL_TIM_PeriodElapsedCallback) refers to pid.o(i.PID) for PID
    freertos.o(i.HAL_TIM_PeriodElapsedCallback) refers to pid.o(i.denormalize_PWM) for denormalize_PWM
    freertos.o(i.HAL_TIM_PeriodElapsedCallback) refers to ffix.o(x$fpl$ffix) for __aeabi_f2iz
    freertos.o(i.HAL_TIM_PeriodElapsedCallback) refers to motor.o(i.PWM_SET) for PWM_SET
    freertos.o(i.HAL_TIM_PeriodElapsedCallback) refers to data.o(.data) for Spead
[...]
    __rt_exit                                0x080001a7   Thumb Code     0  rtexit.o(.ARM.Collect$$rtexit$$00000000)
    __rt_exit_ls                             0x080001a9   Thumb Code     0  rtexit2.o(.ARM.Collect$$rtexit$$00000003)
    __rt_exit_prels_1                        0x080001a9   Thumb Code     0  rtexit2.o(.ARM.Collect$$rtexit$$00000002)
    __rt_exit_exit                           0x080001ad   Thumb Code     0  rtexit2.o(.ARM.Collect$$rtexit$$00000004)
    SVC_Handler                              0x080001b5   Thumb Code    32  port.o(.emb_text)
    __asm___6_port_c_39a90d8d__prvStartFirstTask 0x080001d9   Thumb Code    28  port.o(.emb_text)
    PendSV_Handler                           0x080001f9   Thumb Code    72  port.o(.emb_text)
    vPortGetIPSR                             0x08000245   Thumb Code     6  port.o(.emb_text)
    Reset_Handler                            0x0800024d   Thumb Code     8  startup_stm32f103xb.o(.text)
    ADC1_2_IRQHandler                        0x08000267   Thumb Code     0  startup_stm32f103xb.o(.text)
    CAN1_RX1_IRQHandler                      0x08000267   Thumb Code     0  startup_stm32f103xb.o(.text)
    CAN1_SCE_IRQHandler                      0x08000267   Thumb Code     0  startup_stm32f103xb.o(.text)
    DMA1_Channel1_IRQHandler                 0x08000267   Thumb Code     0  startup_stm32f103xb.o(.text)
    DMA1_Channel2_IRQHandler                 0x08000267   Thumb Code     0  startup_stm32f103xb.o(.text)
    DMA1_Channel3_IRQHandler                 0x08000267   Thumb Code     0  startup_stm32f103xb.o(.text)
    DMA1_Channel6_IRQHandler                 0x08000267   Thumb Code     0  startup_stm32f103xb.o(.text)
    DMA1_Channel7_IRQHandler                 0x08000267   Thumb Code     0  startup_stm32f103xb.o(.text)
    EXTI0_IRQHandler                         0x08000267   Thumb Code     0  startup_stm32f103xb.o(.text)
    EXTI15_10_IRQHandler                     0x08000267   Thumb Code     0  startup_stm32f103xb.o(.text)
    EXTI1_IRQHandler                         0x08000267   Thumb Code     0  startup_stm32f103xb.o(.text)
    EXTI2_IRQHandler                         0x08000267   Thumb Code     0  startup_stm32f103xb.o(.text)
    EXTI3_IRQHandler                         0x08000267   Thumb Code     0  startup_stm32f103xb.o(.text)
    EXTI4_IRQHandler                         0x08000267   Thumb Code     0  startup_stm32f103xb.o(.text)
    EXTI9_5_IRQHandler                       0x08000267   Thumb Code     0  startup_stm32f103xb.o(.text)
    FLASH_IRQHandler                         0x08000267   Thumb Code     0  startup_stm32f103xb.o(.text)
    I2C1_ER_IRQHandler                       0x08000267   Thumb Code     0  startup_stm32f103xb.o(.text)
    I2C1_EV_IRQHandler                       0x08000267   Thumb Code     0  startup_stm32f103xb.o(.text)
    I2C2_ER_IRQHandler                       0x08000267   Thumb Code     0  startup_stm32f103xb.o(.text)
    I2C2_EV_IRQHandler                       0x08000267   Thumb Code     0  startup_stm32f103xb.o(.text)
    PVD_IRQHandler                           0x08000267   Thumb Code     0  startup_stm32f103xb.o(.text)
    RCC_IRQHandler                           0x08000267   Thumb Code     0  startup_stm32f103xb.o(.text)
    RTC_Alarm_IRQHandler                     0x08000267   Thumb Code     0  startup_stm32f103xb.o(.text)
    RTC_IRQHandler                           0x08000267   Thumb Code     0  startup_stm32f103xb.o(.text)
    SPI1_IRQHandler                          0x08000267   Thumb Code     0  startup_stm32f103xb.o(.text)
    SPI2_IRQHandler                          0x08000267   Thumb Code     0  startup_stm32f103xb.o(.text)
    TAMPER_IRQHandler                        0x08000267   Thumb Code     0  startup_stm32f103xb.o(.text)
    TIM1_BRK_IRQHandler                      0x08000267   Thumb Code     0  startup_stm32f103xb.o(.text)
    TIM1_CC_IRQHandler                       0x08000267   Thumb Code     0  startup_stm32f103xb.o(.text)
    TIM1_TRG_COM_IRQHandler                  0x08000267   Thumb Code     0  startup_stm32f103xb.o(.text)
    TIM2_IRQHandler                          0x08000267   Thumb Code     0  startup_stm32f103xb.o(.text)
    TIM3_IRQHandler                          0x08000267   Thumb Code     0  startup_stm32f103xb.o(.text)
    USART2_IRQHandler                        0x08000267   Thumb Code     0  startup_stm32f103xb.o(.text)
    USART3_IRQHandler                        0x08000267   Thumb Code     0  startup_stm32f103xb.o(.text)
    USBWakeUp_IRQHandler                     0x08000267   Thumb Code     0  startup_stm32f103xb.o(.text)
    USB_HP_CAN1_TX_IRQHandler                0x08000267   Thumb Code     0  startup_stm32f103xb.o(.text)
    USB_LP_CAN1_RX0_IRQHandler               0x08000267   Thumb Code     0  startup_stm32f103xb.o(.text)
    WWDG_IRQHandler                          0x08000267   Thumb Code     0  startup_stm32f103xb.o(.text)
    __user_initial_stackheap                 0x08000269   Thumb Code     0  startup_stm32f103xb.o(.text)
    __2sprintf                               0x0800028d   Thumb Code    34  noretval__2sprintf.o(.text)
    _printf_pre_padding                      0x080002b5   Thumb Code    44  _printf_pad.o(.text)
    _printf_post_padding                     0x080002e1   Thumb Code    34  _printf_pad.o(.text)
    _printf_int_dec                          0x08000305   Thumb Code   104  _printf_dec.o(.text)
    __printf                                 0x0800037d   Thumb Code   308  __printf_flags_wp.o(.text)
    __0sscanf                                0x080004b5   Thumb Code    52  __0sscanf.o(.text)
    _scanf_string                            0x080004f1   Thumb Code   224  _scanf_str.o(.text)
    __aeabi_memcpy                           0x080005d1   Thumb Code     0  rt_memcpy_v6.o(.text)
    __rt_memcpy                              0x080005d1   Thumb Code   138  rt_memcpy_v6.o(.text)
    _memcpy_lastbytes                        0x08000637   Thumb Code     0  rt_memcpy_v6.o(.text)
    __aeabi_memcpy4                          0x0800065b   Thumb Code     0  rt_memcpy_w.o(.text)
    __aeabi_memcpy8                          0x0800065b   Thumb Code     0  rt_memcpy_w.o(.text)
    __rt_memcpy_w                            0x0800065b   Thumb Code   100  rt_memcpy_w.o(.text)
    _memcpy_lastbytes_aligned                0x080006a3   Thumb Code     0  rt_memcpy_w.o(.text)
    __aeabi_memset                           0x080006bf   Thumb Code    16  aeabi_memset.o(.text)
    __aeabi_memclr4                          0x080006cf   Thumb Code     0  rt_memclr_w.o(.text)
    __aeabi_memclr8                          0x080006cf   Thumb Code     0  rt_memclr_w.o(.text)
    __rt_memclr_w                            0x080006cf   Thumb Code    78  rt_memclr_w.o(.text)
    _memset_w                                0x080006d3   Thumb Code     0  rt_memclr_w.o(.text)
    strcmp                                   0x0800071d   Thumb Code   128  strcmpv7m.o(.text)
    __use_two_region_memory                  0x0800079d   Thumb Code     2  heapauxi.o(.text)
    __rt_heap_escrow$2region                 0x0800079f   Thumb Code     2  heapauxi.o(.text)
    __rt_heap_expand$2region                 0x080007a1   Thumb Code     2  heapauxi.o(.text)
    _printf_int_common                       0x080007a3   Thumb Code   178  _printf_intcommon.o(.text)
    __lib_sel_fp_printf                      0x08000855   Thumb Code     2  _printf_fp_dec.o(.text)
    _printf_fp_dec_real                      0x08000a07   Thumb Code   620  _printf_fp_dec.o(.text)
    _printf_char_common                      0x08000c7f   Thumb Code    32  _printf_char_common.o(.text)
    _sputc                                   0x08000ca5   Thumb Code    10  _sputc.o(.text)
    _scanf_really_real                       0x08000efd   Thumb Code   684  scanf_fp.o(.text)
    __vfscanf_char                           0x080011b5   Thumb Code    24  scanf_char.o(.text)
    _sgetc                                   0x080011d5   Thumb Code    30  _sgetc.o(.text)
    _sbackspace                              0x080011f3   Thumb Code    34  _sgetc.o(.text)
    __aeabi_memclr                           0x08001215   Thumb Code     0  rt_memclr.o(.text)
    __rt_memclr                              0x08001215   Thumb Code    68  rt_memclr.o(.text)
    _memset                                  0x08001219   Thumb Code     0  rt_memclr.o(.text)
    __rt_locale                              0x08001259   Thumb Code     8  rt_locale_intlibspace.o(.text)
    __aeabi_errno_addr                       0x08001261   Thumb Code     8  rt_errno_addr_intlibspace.o(.text)
    __errno$intlibspace                      0x08001261   Thumb Code     0  rt_errno_addr_intlibspace.o(.text)
    __rt_errno_addr$intlibspace              0x08001261   Thumb Code     0  rt_errno_addr_intlibspace.o(.text)
    _ll_udiv10                               0x08001269   Thumb Code   138  lludiv10.o(.text)
    isspace                                  0x080012f3   Thumb Code    18  isspace.o(.text)
    _printf_fp_infnan                        0x08001305   Thumb Code   112  _printf_fp_infnan.o(.text)
    __vfscanf                                0x08001385   Thumb Code   878  _scanf.o(.text)
    _btod_etento                             0x080016f9   Thumb Code   224  bigflt0.o(.text)
    __user_libspace                          0x080017dd   Thumb Code     8  libspace.o(.text)
    __user_perproc_libspace                  0x080017dd   Thumb Code     0  libspace.o(.text)
    __user_perthread_libspace                0x080017dd   Thumb Code     0  libspace.o(.text)
    __user_setup_stackheap                   0x080017e5   Thumb Code    74  sys_stackheap_outer.o(.text)
    __rt_ctype_table                         0x08001831   Thumb Code    16  rt_ctype_table.o(.text)
    __read_errno                             0x08001841   Thumb Code    10  _rserrno.o(.text)
    __set_errno                              0x0800184b   Thumb Code    12  _rserrno.o(.text)
    _scanf_really_hex_real                   0x08001859   Thumb Code   786  scanf_hexfp.o(.text)
    _scanf_really_infnan                     0x08001b79   Thumb Code   292  scanf_infnan.o(.text)
    exit                                     0x08001cad   Thumb Code    18  exit.o(.text)
    __aeabi_llsl                             0x08001cbf   Thumb Code     0  llshl.o(.text)
    _ll_shift_l                              0x08001cbf   Thumb Code    38  llshl.o(.text)
    _chval                                   0x08001ce5   Thumb Code    28  _chval.o(.text)
    _sys_exit                                0x08001d01   Thumb Code     8  sys_exit.o(.text)
    __I$use$semihosting                      0x08001d0d   Thumb Code     0  use_no_semi.o(.text)
    __use_no_semihosting_swi                 0x08001d0d   Thumb Code     2  use_no_semi.o(.text)
    __semihosting_library_function           0x08001d0f   Thumb Code     0  indicate_semi.o(.text)
    _btod_d2e                                0x08001d0f   Thumb Code    62  btod.o(CL$$btod_d2e)
    _d2e_denorm_low                          0x08001d4d   Thumb Code    70  btod.o(CL$$btod_d2e_denorm_low)
    _d2e_norm_op1                            0x08001d93   Thumb Code    96  btod.o(CL$$btod_d2e_norm_op1)
    __btod_div_common                        0x08001df3   Thumb Code   696  btod.o(CL$$btod_div_common)
    _e2d                                     0x0800212d   Thumb Code   122  btod.o(CL$$btod_e2d)
    _e2e                                     0x080021b1   Thumb Code   220  btod.o(CL$$btod_e2e)
    _btod_ediv                               0x0800228d   Thumb Code    42  btod.o(CL$$btod_ediv)
    _btod_edivd                              0x080022b7   Thumb Code    42  btod.o(CL$$btod_edivd)
    _btod_emul                               0x080022e1   Thumb Code    42  btod.o(CL$$btod_emul)
    _btod_emuld                              0x0800230b   Thumb Code    42  btod.o(CL$$btod_emuld)
    __btod_mult_common                       0x08002335   Thumb Code   580  btod.o(CL$$btod_mult_common)
    BusFault_Handler                         0x08002579   Thumb Code     2  stm32f1xx_it.o(i.BusFault_Handler)
    DMA1_Channel4_IRQHandler                 0x0800257d   Thumb Code     6  stm32f1xx_it.o(i.DMA1_Channel4_IRQHandler)
    DMA1_Channel5_IRQHandler                 0x08002589   Thumb Code     6  stm32f1xx_it.o(i.DMA1_Channel5_IRQHandler)
    DebugMon_Handler                         0x080025bf   Thumb Code     2  stm32f1xx_it.o(i.DebugMon_Handler)
    Error_Handler                            0x080025c1   Thumb Code     4  main.o(i.Error_Handler)
    Get_Cur_Spead                            0x080025c5   Thumb Code    14  encoder.o(i.Get_Cur_Spead)
    HAL_DMA_Abort                            0x080025d9   Thumb Code    70  stm32f1xx_hal_dma.o(i.HAL_DMA_Abort)
    HAL_DMA_Abort_IT                         0x08002621   Thumb Code   148  stm32f1xx_hal_dma.o(i.HAL_DMA_Abort_IT)
    HAL_DMA_IRQHandler                       0x080026b9   Thumb Code   316  stm32f1xx_hal_dma.o(i.HAL_DMA_IRQHandler)
    HAL_DMA_Init                             0x0800280d   Thumb Code    84  stm32f1xx_hal_dma.o(i.HAL_DMA_Init)
    HAL_DMA_Start_IT                         0x08002869   Thumb Code   112  stm32f1xx_hal_dma.o(i.HAL_DMA_Start_IT)
    HAL_Delay                                0x080028d9   Thumb Code    32  stm32f1xx_hal.o(i.HAL_Delay)
    HAL_GPIO_Init                            0x080028fd   Thumb Code   446  stm32f1xx_hal_gpio.o(i.HAL_GPIO_Init)
    HAL_GPIO_WritePin                        0x08002add   Thumb Code    10  stm32f1xx_hal_gpio.o(i.HAL_GPIO_WritePin)
    HAL_GetTick                              0x08002ae9   Thumb Code     6  stm32f1xx_hal.o(i.HAL_GetTick)
    HAL_I2C_Init                             0x08002af5   Thumb Code   376  stm32f1xx_hal_i2c.o(i.HAL_I2C_Init)
    HAL_I2C_Mem_Write                        0x08002c7d   Thumb Code   294  stm32f1xx_hal_i2c.o(i.HAL_I2C_Mem_Write)
    HAL_I2C_MspInit                          0x08002dad   Thumb Code    96  i2c.o(i.HAL_I2C_MspInit)
    HAL_IncTick                              0x08002e1d   Thumb Code    12  stm32f1xx_hal.o(i.HAL_IncTick)
    HAL_Init                                 0x08002e2d   Thumb Code    32  stm32f1xx_hal.o(i.HAL_Init)
    HAL_InitTick                             0x08002e51   Thumb Code   132  stm32f1xx_hal_timebase_tim.o(i.HAL_InitTick)
    HAL_MspInit                              0x08002ee9   Thumb Code    62  stm32f1xx_hal_msp.o(i.HAL_MspInit)
    HAL_NVIC_EnableIRQ                       0x08002f31   Thumb Code    26  stm32f1xx_hal_cortex.o(i.HAL_NVIC_EnableIRQ)
    HAL_NVIC_SetPriority                     0x08002f4d   Thumb Code    60  stm32f1xx_hal_cortex.o(i.HAL_NVIC_SetPriority)
    HAL_NVIC_SetPriorityGrouping             0x08002f8d   Thumb Code    26  stm32f1xx_hal_cortex.o(i.HAL_NVIC_SetPriorityGrouping)
    HAL_RCC_ClockConfig                      0x08002fb1   Thumb Code   280  stm32f1xx_hal_rcc.o(i.HAL_RCC_ClockConfig)
    HAL_RCC_GetClockConfig                   0x080030dd   Thumb Code    54  stm32f1xx_hal_rcc.o(i.HAL_RCC_GetClockConfig)
    HAL_RCC_GetPCLK1Freq                     0x0800311d   Thumb Code    20  stm32f1xx_hal_rcc.o(i.HAL_RCC_GetPCLK1Freq)
    HAL_RCC_GetPCLK2Freq                     0x0800313d   Thumb Code    20  stm32f1xx_hal_rcc.o(i.HAL_RCC_GetPCLK2Freq)
    HAL_RCC_GetSysClockFreq                  0x0800315d   Thumb Code    58  stm32f1xx_hal_rcc.o(i.HAL_RCC_GetSysClockFreq)
    HAL_RCC_OscConfig                        0x080031a9   Thumb Code   778  stm32f1xx_hal_rcc.o(i.HAL_RCC_OscConfig)
    HAL_TIMEx_BreakCallback                  0x080034c9   Thumb Code     2  stm32f1xx_hal_tim_ex.o(i.HAL_TIMEx_BreakCallback)
    HAL_TIMEx_CommutCallback                 0x080034cb   Thumb Code     2  stm32f1xx_hal_tim_ex.o(i.HAL_TIMEx_CommutCallback)
    HAL_TIMEx_MasterConfigSynchronization    0x080034cd   Thumb Code    92  stm32f1xx_hal_tim_ex.o(i.HAL_TIMEx_MasterConfigSynchronization)
    HAL_TIM_Base_Init                        0x08003535   Thumb Code    90  stm32f1xx_hal_tim.o(i.HAL_TIM_Base_Init)
    HAL_TIM_Base_MspInit                     0x08003591   Thumb Code    50  tim.o(i.HAL_TIM_Base_MspInit)
    HAL_TIM_Base_Start_IT                    0x080035cd   Thumb Code    76  stm32f1xx_hal_tim.o(i.HAL_TIM_Base_Start_IT)
    HAL_TIM_ConfigClockSource                0x08003625   Thumb Code   220  stm32f1xx_hal_tim.o(i.HAL_TIM_ConfigClockSource)
    HAL_TIM_Encoder_Init                     0x08003701   Thumb Code   164  stm32f1xx_hal_tim.o(i.HAL_TIM_Encoder_Init)
    HAL_TIM_Encoder_MspInit                  0x080037a5   Thumb Code    72  tim.o(i.HAL_TIM_Encoder_MspInit)
    HAL_TIM_Encoder_Start                    0x080037f9   Thumb Code   142  stm32f1xx_hal_tim.o(i.HAL_TIM_Encoder_Start)
    HAL_TIM_IC_CaptureCallback               0x08003887   Thumb Code     2  stm32f1xx_hal_tim.o(i.HAL_TIM_IC_CaptureCallback)
    HAL_TIM_IRQHandler                       0x08003889   Thumb Code   304  stm32f1xx_hal_tim.o(i.HAL_TIM_IRQHandler)
    HAL_TIM_MspPostInit                      0x080039b9   Thumb Code    62  tim.o(i.HAL_TIM_MspPostInit)
    HAL_TIM_OC_DelayElapsedCallback          0x08003a01   Thumb Code     2  stm32f1xx_hal_tim.o(i.HAL_TIM_OC_DelayElapsedCallback)
    HAL_TIM_PWM_ConfigChannel                0x08003a03   Thumb Code   204  stm32f1xx_hal_tim.o(i.HAL_TIM_PWM_ConfigChannel)
    HAL_TIM_PWM_Init                         0x08003acf   Thumb Code    90  stm32f1xx_hal_tim.o(i.HAL_TIM_PWM_Init)
    HAL_TIM_PWM_MspInit                      0x08003b29   Thumb Code    30  tim.o(i.HAL_TIM_PWM_MspInit)
    HAL_TIM_PWM_PulseFinishedCallback        0x08003b4d   Thumb Code     2  stm32f1xx_hal_tim.o(i.HAL_TIM_PWM_PulseFinishedCallback)
    HAL_TIM_PWM_Start                        0x08003b51   Thumb Code   144  stm32f1xx_hal_tim.o(i.HAL_TIM_PWM_Start)
    HAL_TIM_PeriodElapsedCallback            0x08003bed   Thumb Code   122  freertos.o(i.HAL_TIM_PeriodElapsedCallback)
    HAL_TIM_TriggerCallback                  0x08003c99   Thumb Code     2  stm32f1xx_hal_tim.o(i.HAL_TIM_TriggerCallback)
    HAL_UARTEx_ReceiveToIdle_DMA             0x08003c9b   Thumb Code    74  stm32f1xx_hal_uart.o(i.HAL_UARTEx_ReceiveToIdle_DMA)
    HAL_UARTEx_RxEventCallback               0x08003ce5   Thumb Code    32  freertos.o(i.HAL_UARTEx_RxEventCallback)
    HAL_UART_ErrorCallback                   0x08003d11   Thumb Code     2  stm32f1xx_hal_uart.o(i.HAL_UART_ErrorCallback)
    HAL_UART_IRQHandler                      0x08003d15   Thumb Code   616  stm32f1xx_hal_uart.o(i.HAL_UART_IRQHandler)
    HAL_UART_Init                            0x08003f81   Thumb Code   100  stm32f1xx_hal_uart.o(i.HAL_UART_Init)
    HAL_UART_MspInit                         0x08003fe5   Thumb Code   198  usart.o(i.HAL_UART_MspInit)
    HAL_UART_RxCpltCallback                  0x080040c1   Thumb Code     2  stm32f1xx_hal_uart.o(i.HAL_UART_RxCpltCallback)
    HAL_UART_RxHalfCpltCallback              0x080040c3   Thumb Code     2  stm32f1xx_hal_uart.o(i.HAL_UART_RxHalfCpltCallback)
    HAL_UART_Transmit_DMA                    0x080040c5   Thumb Code   106  stm32f1xx_hal_uart.o(i.HAL_UART_Transmit_DMA)
    HAL_UART_TxCpltCallback                  0x0800413d   Thumb Code     2  stm32f1xx_hal_uart.o(i.HAL_UART_TxCpltCallback)
    HAL_UART_TxHalfCpltCallback              0x0800413f   Thumb Code     2  stm32f1xx_hal_uart.o(i.HAL_UART_TxHalfCpltCallback)
    HardFault_Handler                        0x08004141   Thumb Code     2  stm32f1xx_it.o(i.HardFault_Handler)
    MX_DMA_Init                              0x08004415   Thumb Code    56  dma.o(i.MX_DMA_Init)
    MX_FREERTOS_Init                         0x08004451   Thumb Code   114  freertos.o(i.MX_FREERTOS_Init)
    MX_GPIO_Init                             0x080044ed   Thumb Code   120  gpio.o(i.MX_GPIO_Init)
    MX_I2C1_Init                             0x0800456d   Thumb Code    50  i2c.o(i.MX_I2C1_Init)
    MX_TIM1_Init                             0x080045ad   Thumb Code    98  tim.o(i.MX_TIM1_Init)
    MX_TIM2_Init                             0x08004619   Thumb Code   104  tim.o(i.MX_TIM2_Init)
    MX_TIM3_Init                             0x08004685   Thumb Code   102  tim.o(i.MX_TIM3_Init)
    MX_USART1_UART_Init                      0x080046f5   Thumb Code    48  usart.o(i.MX_USART1_UART_Init)
    MemManage_Handler                        0x0800472d   Thumb Code     2  stm32f1xx_it.o(i.MemManage_Handler)
    NMI_Handler                              0x0800472f   Thumb Code     2  stm32f1xx_it.o(i.NMI_Handler)
    OLED                                     0x08004731   Thumb Code   120  freertos.o(i.OLED)
    OLED_CLS                                 0x080047f5   Thumb Code     6  screen.o(i.OLED_CLS)
    OLED_Fill                                0x080047fd   Thumb Code    56  screen.o(i.OLED_Fill)
    OLED_Init                                0x08004835   Thumb Code   180  screen.o(i.OLED_Init)
    OLED_ON                                  0x080048e9   Thumb Code    24  screen.o(i.OLED_ON)
    OLED_SetPos                              0x08004901   Thumb Code    38  screen.o(i.OLED_SetPos)
    OLED_ShowChar                            0x08004929   Thumb Code    72  screen.o(i.OLED_ShowChar)
    OLED_ShowString                          0x08004975   Thumb Code    44  screen.o(i.OLED_ShowString)
    PID                                      0x080049a1   Thumb Code    98  pid.o(i.PID)
    PWM_SET                                  0x08004a19   Thumb Code    54  motor.o(i.PWM_SET)
    StartDefaultTask                         0x08004a59   Thumb Code     8  freertos.o(i.StartDefaultTask)
    SysTick_Handler                          0x08004a61   Thumb Code    26  cmsis_os2.o(i.SysTick_Handler)
    SystemClock_Config                       0x08004a7b   Thumb Code    94  main.o(i.SystemClock_Config)
    SystemInit                               0x08004ad9   Thumb Code     2  system_stm32f1xx.o(i.SystemInit)
    TIM1_UP_IRQHandler                       0x08004add   Thumb Code     6  stm32f1xx_it.o(i.TIM1_UP_IRQHandler)
    TIM4_IRQHandler                          0x08004ae9   Thumb Code     6  stm32f1xx_it.o(i.TIM4_IRQHandler)
    TIM_Base_SetConfig                       0x08004af5   Thumb Code   108  stm32f1xx_hal_tim.o(i.TIM_Base_SetConfig)
    TIM_CCxChannelCmd                        0x08004b6d   Thumb Code    26  stm32f1xx_hal_tim.o(i.TIM_CCxChannelCmd)
    TIM_ETR_SetConfig                        0x08004b87   Thumb Code    20  stm32f1xx_hal_tim.o(i.TIM_ETR_SetConfig)
    TIM_OC2_SetConfig                        0x08004bfd   Thumb Code    84  stm32f1xx_hal_tim.o(i.TIM_OC2_SetConfig)
    UART_Start_Receive_DMA                   0x08005065   Thumb Code   130  stm32f1xx_hal_uart.o(i.UART_Start_Receive_DMA)
    USART1_IRQHandler                        0x080050f5   Thumb Code     6  stm32f1xx_it.o(i.USART1_IRQHandler)
    UsageFault_Handler                       0x08005101   Thumb Code     2  stm32f1xx_it.o(i.UsageFault_Handler)
    WriteCmd                                 0x08005105   Thumb Code    32  screen.o(i.WriteCmd)
    WriteDat                                 0x08005129   Thumb Code    30  screen.o(i.WriteDat)
    __ARM_fpclassify                         0x0800514d   Thumb Code    40  fpclassify.o(i.__ARM_fpclassify)
    __mathlib_dbl_overflow                   0x08005195   Thumb Code    14  dunder.o(i.__mathlib_dbl_overflow)
    __mathlib_dbl_underflow                  0x080051a5   Thumb Code    10  dunder.o(i.__mathlib_dbl_underflow)
    __mathlib_narrow                         0x080051b5   Thumb Code    16  narrow.o(i.__mathlib_narrow)
    __mathlib_tofloat                        0x080051c5   Thumb Code   184  narrow.o(i.__mathlib_tofloat)
    __support_ldexp                          0x08005281   Thumb Code    22  ldexp.o(i.__support_ldexp)
    _is_digit                                0x08005297   Thumb Code    14  __printf_wp.o(i._is_digit)
    command_process                          0x080052a5   Thumb Code    58  freertos.o(i.command_process)
    denormalize_PWM                          0x08005305   Thumb Code     6  pid.o(i.denormalize_PWM)
    direct                                   0x08005311   Thumb Code    56  motor.o(i.direct)
    frexp                                    0x08005351   Thumb Code    80  frexp.o(i.frexp)
    ldexp                                    0x080053a9   Thumb Code   116  ldexp.o(i.ldexp)
    main                                     0x0800541d   Thumb Code    50  main.o(i.main)
    normalize_motor                          0x08005451   Thumb Code     6  pid.o(i.normalize_motor)
    osDelay                                  0x0800545d   Thumb Code    26  cmsis_os2.o(i.osDelay)
    osKernelInitialize                       0x08005479   Thumb Code    32  cmsis_os2.o(i.osKernelInitialize)
    osKernelStart                            0x0800549d   Thumb Code    48  cmsis_os2.o(i.osKernelStart)
    osThreadNew                              0x080054d5   Thumb Code   138  cmsis_os2.o(i.osThreadNew)
    pvPortMalloc                             0x08005cf5   Thumb Code   216  heap_4.o(i.pvPortMalloc)
    pxPortInitialiseStack                    0x08005dd1   Thumb Code    32  port.o(i.pxPortInitialiseStack)
    uxListRemove                             0x08005df5   Thumb Code    38  list.o(i.uxListRemove)
    vApplicationGetIdleTaskMemory            0x08005e1d   Thumb Code    16  cmsis_os2.o(i.vApplicationGetIdleTaskMemory)
    vApplicationGetTimerTaskMemory           0x08005e31   Thumb Code    18  cmsis_os2.o(i.vApplicationGetTimerTaskMemory)
    vListInitialise                          0x08005e49   Thumb Code    22  list.o(i.vListInitialise)
    vListInitialiseItem                      0x08005e5f   Thumb Code     6  list.o(i.vListInitialiseItem)
    vListInsert                              0x08005e65   Thumb Code    48  list.o(i.vListInsert)
    vListInsertEnd                           0x08005e95   Thumb Code    24  list.o(i.vListInsertEnd)
    vPortEnterCritical                       0x08005ead   Thumb Code    54  port.o(i.vPortEnterCritical)
    vPortExitCritical                        0x08005eed   Thumb Code    34  port.o(i.vPortExitCritical)
    vPortFree                                0x08005f15   Thumb Code    94  heap_4.o(i.vPortFree)
    vPortSetupTimerInterrupt                 0x08005f79   Thumb Code    32  port.o(i.vPortSetupTimerInterrupt)
    vPortValidateInterruptPriority           0x08005f9d   Thumb Code    74  port.o(i.vPortValidateInterruptPriority)
    vQueueAddToRegistry                      0x08005ff1   Thumb Code    34  queue.o(i.vQueueAddToRegistry)
    vQueueWaitForMessageRestricted           0x08006019   Thumb Code    68  queue.o(i.vQueueWaitForMessageRestricted)
    vTaskDelay                               0x0800605d   Thumb Code    66  tasks.o(i.vTaskDelay)
    vTaskInternalSetTimeOutState             0x080060a9   Thumb Code    12  tasks.o(i.vTaskInternalSetTimeOutState)
    vTaskMissedYield                         0x080060b9   Thumb Code     8  tasks.o(i.vTaskMissedYield)
    vTaskPlaceOnEventList                    0x080060c5   Thumb Code    44  tasks.o(i.vTaskPlaceOnEventList)
    vTaskPlaceOnEventListRestricted          0x080060f5   Thumb Code    52  tasks.o(i.vTaskPlaceOnEventListRestricted)
    vTaskStartScheduler                      0x0800612d   Thumb Code   118  tasks.o(i.vTaskStartScheduler)
    vTaskSuspendAll                          0x080061b5   Thumb Code    10  tasks.o(i.vTaskSuspendAll)
    vTaskSwitchContext                       0x080061c5   Thumb Code    90  tasks.o(i.vTaskSwitchContext)
    xPortStartScheduler                      0x08006229   Thumb Code   154  port.o(i.xPortStartScheduler)
    xPortSysTickHandler                      0x080062d1   Thumb Code    38  port.o(i.xPortSysTickHandler)
    xQueueGenericCreateStatic                0x080062fd   Thumb Code   102  queue.o(i.xQueueGenericCreateStatic)
    xQueueGenericReset                       0x08006365   Thumb Code   132  queue.o(i.xQueueGenericReset)
    xQueueGenericSend                        0x080063ed   Thumb Code   346  queue.o(i.xQueueGenericSend)
    xQueueGenericSendFromISR                 0x0800654d   Thumb Code   190  queue.o(i.xQueueGenericSendFromISR)
    xQueueReceive                            0x0800660d   Thumb Code   308  queue.o(i.xQueueReceive)
    xTaskCheckForTimeOut                     0x08006745   Thumb Code   112  tasks.o(i.xTaskCheckForTimeOut)
    xTaskCreate                              0x080067b9   Thumb Code    90  tasks.o(i.xTaskCreate)
    xTaskCreateStatic                        0x08006813   Thumb Code    86  tasks.o(i.xTaskCreateStatic)
    xTaskGetSchedulerState                   0x08006869   Thumb Code    22  tasks.o(i.xTaskGetSchedulerState)
    xTaskGetTickCount                        0x08006885   Thumb Code     6  tasks.o(i.xTaskGetTickCount)
    xTaskIncrementTick                       0x08006891   Thumb Code   192  tasks.o(i.xTaskIncrementTick)
    xTaskPriorityDisinherit                  0x08006959   Thumb Code   118  tasks.o(i.xTaskPriorityDisinherit)
    xTaskRemoveFromEventList                 0x080069d9   Thumb Code    98  tasks.o(i.xTaskRemoveFromEventList)
    xTaskResumeAll                           0x08006a49   Thumb Code   182  tasks.o(i.xTaskResumeAll)
    xTimerCreateTimerTask                    0x08006b0d   Thumb Code    78  timers.o(i.xTimerCreateTimerTask)
    xTimerGenericCommand                     0x08006b6d   Thumb Code    98  timers.o(i.xTimerGenericCommand)
    _get_lc_numeric                          0x08006bd5   Thumb Code    44  lc_numeric_c.o(locale$$code)
    _get_lc_ctype                            0x08006c01   Thumb Code    44  lc_ctype_c.o(locale$$code)
    __aeabi_d2f                              0x08006c2d   Thumb Code     0  d2f.o(x$fpl$d2f)
    _d2f                                     0x08006c2d   Thumb Code    98  d2f.o(x$fpl$d2f)
    __aeabi_dadd                             0x08006c91   Thumb Code     0  daddsub_clz.o(x$fpl$dadd)
    _dadd                                    0x08006c91   Thumb Code   332  daddsub_clz.o(x$fpl$dadd)
    __fpl_dcheck_NaN1                        0x08006de1   Thumb Code    10  dcheck1.o(x$fpl$dcheck1)
    __fpl_dcmp_Inf                           0x08006df1   Thumb Code    24  dcmpi.o(x$fpl$dcmpinf)
    __aeabi_cdcmpeq                          0x08006e09   Thumb Code     0  deqf.o(x$fpl$deqf)
    _dcmpeq                                  0x08006e09   Thumb Code   120  deqf.o(x$fpl$deqf)
    __aeabi_i2d                              0x08006e81   Thumb Code     0  dflt_clz.o(x$fpl$dflt)
    _dflt                                    0x08006e81   Thumb Code    46  dflt_clz.o(x$fpl$dflt)
    __aeabi_cdcmple                          0x08006eb1   Thumb Code     0  dleqf.o(x$fpl$dleqf)
    _dcmple                                  0x08006eb1   Thumb Code   120  dleqf.o(x$fpl$dleqf)
    __fpl_dcmple_InfNaN                      0x08006f13   Thumb Code     0  dleqf.o(x$fpl$dleqf)
    __aeabi_dmul                             0x08006f29   Thumb Code     0  dmul.o(x$fpl$dmul)
    _dmul                                    0x08006f29   Thumb Code   332  dmul.o(x$fpl$dmul)
    __fpl_dnaninf                            0x0800707d   Thumb Code   156  dnaninf.o(x$fpl$dnaninf)
    __fpl_dretinf                            0x08007119   Thumb Code    12  dretinf.o(x$fpl$dretinf)
    __aeabi_cdrcmple                         0x08007125   Thumb Code     0  drleqf.o(x$fpl$drleqf)
    _drcmple                                 0x08007125   Thumb Code   108  drleqf.o(x$fpl$drleqf)
    __aeabi_dsub                             0x08007191   Thumb Code     0  daddsub_clz.o(x$fpl$dsub)
    _dsub                                    0x08007191   Thumb Code   464  daddsub_clz.o(x$fpl$dsub)
    __aeabi_f2d                              0x08007365   Thumb Code     0  f2d.o(x$fpl$f2d)
    _f2d                                     0x08007365   Thumb Code    86  f2d.o(x$fpl$f2d)
    __aeabi_fadd                             0x080073bd   Thumb Code     0  faddsub_clz.o(x$fpl$fadd)
    _fadd                                    0x080073bd   Thumb Code   196  faddsub_clz.o(x$fpl$fadd)
    __aeabi_fdiv                             0x08007481   Thumb Code     0  fdiv.o(x$fpl$fdiv)
    _fdiv                                    0x08007481   Thumb Code   384  fdiv.o(x$fpl$fdiv)
    __aeabi_f2iz                             0x08007605   Thumb Code     0  ffix.o(x$fpl$ffix)
    _ffix                                    0x08007605   Thumb Code    54  ffix.o(x$fpl$ffix)
    __aeabi_fmul                             0x0800763d   Thumb Code     0  fmul.o(x$fpl$fmul)
    _fmul                                    0x0800763d   Thumb Code   258  fmul.o(x$fpl$fmul)
    __fpl_fnaninf                            0x0800773f   Thumb Code   140  fnaninf.o(x$fpl$fnaninf)
    __fpl_fretinf                            0x080077cb   Thumb Code    10  fretinf.o(x$fpl$fretinf)
    __aeabi_fsub                             0x080077d5   Thumb Code     0  faddsub_clz.o(x$fpl$fsub)
    _fsub                                    0x080077d5   Thumb Code   234  faddsub_clz.o(x$fpl$fsub)
    __ieee_status                            0x080078bf   Thumb Code     6  istatus.o(x$fpl$ieeestatus)
    _printf_fp_dec                           0x080078c5   Thumb Code     4  printf1.o(x$fpl$printf1)
    __fpl_return_NaN                         0x080078c9   Thumb Code   100  retnan.o(x$fpl$retnan)
    __ARM_scalbn                             0x0800792d   Thumb Code    92  scalbn.o(x$fpl$scalbn)
    _scanf_real                              0x08007989   Thumb Code     4  scanf1.o(x$fpl$scanf1)
    _scanf_hex_real                          0x0800798d   Thumb Code     4  scanf2.o(x$fpl$scanf2)
    _scanf_infnan                            0x08007991   Thumb Code     4  scanf2.o(x$fpl$scanf2)
    __fpl_cmpreturn                          0x08007995   Thumb Code    48  trapv.o(x$fpl$trapveneer)
    __I$use$fp                               0x080079c4   Number         0  usenofp.o(x$fpl$usenofp)
    defaultTask_attributes                   0x080079c4   Data          36  freertos.o(.constdata)
    AHBPrescTable                            0x08007a1e   Data          16  system_stm32f1xx.o(.constdata)
    APBPrescTable                            0x08007a2e   Data           8  system_stm32f1xx.o(.constdata)
    Font8x16                                 0x08007a36   Data        1520  fonts.o(.constdata)
    Region$$Table$$Base                      0x080080e0   Number         0  anon$$obj.o(Region$$Table)
    Region$$Table$$Limit                     0x08008100   Number         0  anon$$obj.o(Region$$Table)
    __aeabi_HUGE_VAL                         0x08008100   Data           0  fpconst.o(c$$dinf)
    __aeabi_HUGE_VALL                        0x08008100   Data           0  fpconst.o(c$$dinf)
    __aeabi_INFINITY                         0x08008100   Data           0  fpconst.o(c$$dinf)
    __dInf                                   0x08008100   Data           0  fpconst.o(c$$dinf)
    __huge_val                               0x08008100   Data           0  fpconst.o(c$$dinf)
    __dbl_max                                0x08008108   Data           0  fpconst.o(c$$dmax)
    __ctype                                  0x08008139   Data           0  lc_ctype_c.o(locale$$data)
    OLEDHandle                               0x20000000   Data           4  freertos.o(.data)
    defaultTaskHandle                        0x20000004   Data           4  freertos.o(.data)
    uwTickFreq                               0x20000008   Data           1  stm32f1xx_hal.o(.data)
    uwTickPrio                               0x2000000c   Data           4  stm32f1xx_hal.o(.data)
    uwTick                                   0x20000010   Data           4  stm32f1xx_hal.o(.data)
    SystemCoreClock                          0x20000014   Data           4  system_stm32f1xx.o(.data)
    pxCurrentTCB                             0x20000018   Data           4  tasks.o(.data)
    Spead                                    0x20000098   Data           4  data.o(.data)
    Location                                 0x2000009c   Data           4  data.o(.data)
    Spead_Tar                                0x200000a0   Data           4  data.o(.data)
    Location_Tar                             0x200000a4   Data           4  data.o(.data)
    flag                                     0x200000a8   Data           1  data.o(.data)
    nor_Spead_Tar                            0x200000ac   Data           4  data.o(.data)
    nor_Spead                                0x200000b0   Data           4  data.o(.data)
    nor_output                               0x200000b4   Data           4  data.o(.data)
    output                                   0x200000b8   Data           1  data.o(.data)
    hi2c1                                    0x200000cc   Data          84  i2c.o(.bss)
    htim1                                    0x20000120   Data          72  tim.o(.bss)
    htim2                                    0x20000168   Data          72  tim.o(.bss)
    htim3                                    0x200001b0   Data          72  tim.o(.bss)
    huart1                                   0x200001f8   Data          72  usart.o(.bss)
    hdma_usart1_rx                           0x20000240   Data          68  usart.o(.bss)
    hdma_usart1_tx                           0x20000284   Data          68  usart.o(.bss)
    htim4                                    0x200002c8   Data          72  stm32f1xx_hal_timebase_tim.o(.bss)
    xQueueRegistry                           0x20000310   Data          64  queue.o(.bss)
    buff                                     0x20001be4   Data          20  data.o(.bss)
    package                                  0x20001bf8   Data          12  data.o(.bss)
    __libspace_start                         0x20001c04   Data          96  libspace.o(.bss)
    __temporary_stack_top$libspace           0x20001c64   Data           0  libspace.o(.bss)



==============================================================================

Memory Map of the image

  Image Entry point : 0x080000ed

  Load Region LR_IROM1 (Base: 0x08000000, Size: 0x00008308, Max: 0x00010000, ABSOLUTE)

    Execution Region ER_IROM1 (Exec base: 0x08000000, Load base: 0x08000000, Size: 0x0000823c, Max: 0x00010000, ABSOLUTE)

    Exec Addr    Load Addr    Size         Type   Attr      Idx    E Section Name        Object

    0x08000000   0x08000000   0x000000ec   Data   RO            3    RESET               startup_stm32f103xb.o
    0x080000ec   0x080000ec   0x00000008   Code   RO         5475  * !!!main             c_w.l(__main.o)
    0x080000f4   0x080000f4   0x00000034   Code   RO         5830    !!!scatter          c_w.l(__scatter.o)
    0x08000128   0x08000128   0x0000001a   Code   RO         5832    !!handler_copy      c_w.l(__scatter_copy.o)
    0x08000142   0x08000142   0x00000002   PAD
    0x08000144   0x08000144   0x0000001c   Code   RO         5834    !!handler_zi        c_w.l(__scatter_zi.o)
    0x08000160   0x08000160   0x00000000   Code   RO         5456    .ARM.Collect$$_printf_percent$$00000000  c_w.l(_printf_percent.o)
    0x08000160   0x08000160   0x00000006   Code   RO         5455    .ARM.Collect$$_printf_percent$$00000003  c_w.l(_printf_f.o)
    0x08000166   0x08000166   0x00000006   Code   RO         5454    .ARM.Collect$$_printf_percent$$00000009  c_w.l(_printf_d.o)
    0x0800016c   0x0800016c   0x00000004   Code   RO         5524    .ARM.Collect$$_printf_percent$$00000017  c_w.l(_printf_percent_end.o)
    0x08000170   0x08000170   0x00000002   Code   RO         5645    .ARM.Collect$$libinit$$00000000  c_w.l(libinit.o)
    0x08000172   0x08000172   0x00000000   Code   RO         5647    .ARM.Collect$$libinit$$00000002  c_w.l(libinit2.o)
    0x08000172   0x08000172   0x00000000   Code   RO         5649    .ARM.Collect$$libinit$$00000004  c_w.l(libinit2.o)
    0x08000172   0x08000172   0x00000000   Code   RO         5652    .ARM.Collect$$libinit$$0000000A  c_w.l(libinit2.o)
    0x08000172   0x08000172   0x00000000   Code   RO         5654    .ARM.Collect$$libinit$$0000000C  c_w.l(libinit2.o)
    0x08000172   0x08000172   0x00000000   Code   RO         5656    .ARM.Collect$$libinit$$0000000E  c_w.l(libinit2.o)
    0x08000172   0x08000172   0x00000006   Code   RO         5657    .ARM.Collect$$libinit$$0000000F  c_w.l(libinit2.o)
    0x08000178   0x08000178   0x00000000   Code   RO         5659    .ARM.Collect$$libinit$$00000011  c_w.l(libinit2.o)
    0x08000178   0x08000178   0x0000000c   Code   RO         5660    .ARM.Collect$$libinit$$00000012  c_w.l(libinit2.o)
    0x08000184   0x08000184   0x00000000   Code   RO         5661    .ARM.Collect$$libinit$$00000013  c_w.l(libinit2.o)
    0x08000184   0x08000184   0x00000000   Code   RO         5663    .ARM.Collect$$libinit$$00000015  c_w.l(libinit2.o)
    0x08000184   0x08000184   0x0000000a   Code   RO         5664    .ARM.Collect$$libinit$$00000016  c_w.l(libinit2.o)
    0x0800018e   0x0800018e   0x00000000   Code   RO         5665    .ARM.Collect$$libinit$$00000017  c_w.l(libinit2.o)
    0x0800018e   0x0800018e   0x00000000   Code   RO         5667    .ARM.Collect$$libinit$$00000019  c_w.l(libinit2.o)
    0x0800018e   0x0800018e   0x00000000   Code   RO         5669    .ARM.Collect$$libinit$$0000001B  c_w.l(libinit2.o)
    0x0800018e   0x0800018e   0x00000000   Code   RO         5671    .ARM.Collect$$libinit$$0000001D  c_w.l(libinit2.o)
    0x0800018e   0x0800018e   0x00000000   Code   RO         5673    .ARM.Collect$$libinit$$0000001F  c_w.l(libinit2.o)
    0x0800018e   0x0800018e   0x00000000   Code   RO         5675    .ARM.Collect$$libinit$$00000021  c_w.l(libinit2.o)
    0x0800018e   0x0800018e   0x00000000   Code   RO         5677    .ARM.Collect$$libinit$$00000023  c_w.l(libinit2.o)
    0x0800018e   0x0800018e   0x00000000   Code   RO         5679    .ARM.Collect$$libinit$$00000025  c_w.l(libinit2.o)
    0x0800018e   0x0800018e   0x00000000   Code   RO         5683    .ARM.Collect$$libinit$$0000002C  c_w.l(libinit2.o)
    0x0800018e   0x0800018e   0x00000000   Code   RO         5685    .ARM.Collect$$libinit$$0000002E  c_w.l(libinit2.o)
    0x0800018e   0x0800018e   0x00000000   Code   RO         5687    .ARM.Collect$$libinit$$00000030  c_w.l(libinit2.o)
    0x0800018e   0x0800018e   0x00000000   Code   RO         5689    .ARM.Collect$$libinit$$00000032  c_w.l(libinit2.o)
    0x0800018e   0x0800018e   0x00000002   Code   RO         5690    .ARM.Collect$$libinit$$00000033  c_w.l(libinit2.o)
    0x08000190   0x08000190   0x00000002   Code   RO         5770    .ARM.Collect$$libshutdown$$00000000  c_w.l(libshutdown.o)
    0x08000192   0x08000192   0x00000000   Code   RO         5787    .ARM.Collect$$libshutdown$$00000002  c_w.l(libshutdown2.o)
    0x08000192   0x08000192   0x00000000   Code   RO         5789    .ARM.Collect$$libshutdown$$00000004  c_w.l(libshutdown2.o)
    0x08000192   0x08000192   0x00000000   Code   RO         5792    .ARM.Collect$$libshutdown$$00000007  c_w.l(libshutdown2.o)
    0x08000192   0x08000192   0x00000000   Code   RO         5795    .ARM.Collect$$libshutdown$$0000000A  c_w.l(libshutdown2.o)
    0x08000192   0x08000192   0x00000000   Code   RO         5797    .ARM.Collect$$libshutdown$$0000000C  c_w.l(libshutdown2.o)
    0x08000192   0x08000192   0x00000000   Code   RO         5800    .ARM.Collect$$libshutdown$$0000000F  c_w.l(libshutdown2.o)
    0x08000192   0x08000192   0x00000002   Code   RO         5801    .ARM.Collect$$libshutdown$$00000010  c_w.l(libshutdown2.o)
    0x08000194   0x08000194   0x00000000   Code   RO         5515    .ARM.Collect$$rtentry$$00000000  c_w.l(__rtentry.o)
    0x08000194   0x08000194   0x00000000   Code   RO         5543    .ARM.Collect$$rtentry$$00000002  c_w.l(__rtentry2.o)
    0x08000194   0x08000194   0x00000006   Code   RO         5555    .ARM.Collect$$rtentry$$00000004  c_w.l(__rtentry4.o)
    0x0800019a   0x0800019a   0x00000000   Code   RO         5545    .ARM.Collect$$rtentry$$00000009  c_w.l(__rtentry2.o)
    0x0800019a   0x0800019a   0x00000004   Code   RO         5546    .ARM.Collect$$rtentry$$0000000A  c_w.l(__rtentry2.o)
    0x0800019e   0x0800019e   0x00000000   Code   RO         5548    .ARM.Collect$$rtentry$$0000000C  c_w.l(__rtentry2.o)
    0x0800019e   0x0800019e   0x00000008   Code   RO         5549    .ARM.Collect$$rtentry$$0000000D  c_w.l(__rtentry2.o)
    0x080001a6   0x080001a6   0x00000002   Code   RO         5699    .ARM.Collect$$rtexit$$00000000  c_w.l(rtexit.o)
    0x080001a8   0x080001a8   0x00000000   Code   RO         5731    .ARM.Collect$$rtexit$$00000002  c_w.l(rtexit2.o)
    0x080001a8   0x080001a8   0x00000004   Code   RO         5732    .ARM.Collect$$rtexit$$00000003  c_w.l(rtexit2.o)
    0x080001ac   0x080001ac   0x00000006   Code   RO         5733    .ARM.Collect$$rtexit$$00000004  c_w.l(rtexit2.o)
    0x080001b2   0x080001b2   0x00000002   PAD
    0x080001b4   0x080001b4   0x00000096   Code   RO         5154    .emb_text           port.o
    0x0800024a   0x0800024a   0x00000002   PAD
    0x0800024c   0x0800024c   0x00000040   Code   RO            4    .text               startup_stm32f103xb.o
    0x0800028c   0x0800028c   0x00000028   Code   RO         5426    .text               c_w.l(noretval__2sprintf.o)
    0x080002b4   0x080002b4   0x0000004e   Code   RO         5430    .text               c_w.l(_printf_pad.o)
    0x08000302   0x08000302   0x00000002   PAD
    0x08000304   0x08000304   0x00000078   Code   RO         5432    .text               c_w.l(_printf_dec.o)
    0x0800037c   0x0800037c   0x00000138   Code   RO         5446    .text               c_w.l(__printf_flags_wp.o)
    0x080004b4   0x080004b4   0x0000003c   Code   RO         5457    .text               c_w.l(__0sscanf.o)
    0x080004f0   0x080004f0   0x000000e0   Code   RO         5459    .text               c_w.l(_scanf_str.o)
    0x080005d0   0x080005d0   0x0000008a   Code   RO         5461    .text               c_w.l(rt_memcpy_v6.o)
    0x0800065a   0x0800065a   0x00000064   Code   RO         5463    .text               c_w.l(rt_memcpy_w.o)
    0x080006be   0x080006be   0x00000010   Code   RO         5467    .text               c_w.l(aeabi_memset.o)
    0x080006ce   0x080006ce   0x0000004e   Code   RO         5469    .text               c_w.l(rt_memclr_w.o)
    0x0800071c   0x0800071c   0x00000080   Code   RO         5471    .text               c_w.l(strcmpv7m.o)
    0x0800079c   0x0800079c   0x00000006   Code   RO         5473    .text               c_w.l(heapauxi.o)
    0x080007a2   0x080007a2   0x000000b2   Code   RO         5516    .text               c_w.l(_printf_intcommon.o)
    0x08000854   0x08000854   0x0000041e   Code   RO         5518    .text               c_w.l(_printf_fp_dec.o)
    0x08000c72   0x08000c72   0x00000002   PAD
    0x08000c74   0x08000c74   0x00000030   Code   RO         5520    .text               c_w.l(_printf_char_common.o)
    0x08000ca4   0x08000ca4   0x0000000a   Code   RO         5522    .text               c_w.l(_sputc.o)
    0x08000cae   0x08000cae   0x00000002   PAD
    0x08000cb0   0x08000cb0   0x000004f8   Code   RO         5525    .text               c_w.l(scanf_fp.o)
    0x080011a8   0x080011a8   0x0000002c   Code   RO         5527    .text               c_w.l(scanf_char.o)
    0x080011d4   0x080011d4   0x00000040   Code   RO         5529    .text               c_w.l(_sgetc.o)
    0x08001214   0x08001214   0x00000044   Code   RO         5531    .text               c_w.l(rt_memclr.o)
    0x08001258   0x08001258   0x00000008   Code   RO         5560    .text               c_w.l(rt_locale_intlibspace.o)
    0x08001260   0x08001260   0x00000008   Code   RO         5565    .text               c_w.l(rt_errno_addr_intlibspace.o)
    0x08001268   0x08001268   0x0000008a   Code   RO         5567    .text               c_w.l(lludiv10.o)
    0x080012f2   0x080012f2   0x00000012   Code   RO         5569    .text               c_w.l(isspace.o)
    0x08001304   0x08001304   0x00000080   Code   RO         5571    .text               c_w.l(_printf_fp_infnan.o)
    0x08001384   0x08001384   0x00000374   Code   RO         5575    .text               c_w.l(_scanf.o)
    0x080016f8   0x080016f8   0x000000e4   Code   RO         5577    .text               c_w.l(bigflt0.o)
    0x080017dc   0x080017dc   0x00000008   Code   RO         5625    .text               c_w.l(libspace.o)
    0x080017e4   0x080017e4   0x0000004a   Code   RO         5628    .text               c_w.l(sys_stackheap_outer.o)
    0x0800182e   0x0800182e   0x00000002   PAD
    0x08001830   0x08001830   0x00000010   Code   RO         5630    .text               c_w.l(rt_ctype_table.o)
    0x08001840   0x08001840   0x00000016   Code   RO         5632    .text               c_w.l(_rserrno.o)
    0x08001856   0x08001856   0x00000002   PAD
    0x08001858   0x08001858   0x00000320   Code   RO         5634    .text               c_w.l(scanf_hexfp.o)
    0x08001b78   0x08001b78   0x00000134   Code   RO         5636    .text               c_w.l(scanf_infnan.o)
    0x08001cac   0x08001cac   0x00000012   Code   RO         5638    .text               c_w.l(exit.o)
    0x08001cbe   0x08001cbe   0x00000026   Code   RO         5701    .text               c_w.l(llshl.o)
    0x08001ce4   0x08001ce4   0x0000001c   Code   RO         5703    .text               c_w.l(_chval.o)
    0x08001d00   0x08001d00   0x0000000c   Code   RO         5760    .text               c_w.l(sys_exit.o)
    0x08001d0c   0x08001d0c   0x00000002   Code   RO         5777    .text               c_w.l(use_no_semi.o)
    0x08001d0e   0x08001d0e   0x00000000   Code   RO         5779    .text               c_w.l(indicate_semi.o)
    0x08001d0e   0x08001d0e   0x0000003e   Code   RO         5580    CL$$btod_d2e        c_w.l(btod.o)
    0x08001d4c   0x08001d4c   0x00000046   Code   RO         5582    CL$$btod_d2e_denorm_low  c_w.l(btod.o)
    0x08001d92   0x08001d92   0x00000060   Code   RO         5581    CL$$btod_d2e_norm_op1  c_w.l(btod.o)
    0x08001df2   0x08001df2   0x00000338   Code   RO         5590    CL$$btod_div_common  c_w.l(btod.o)
    0x0800212a   0x0800212a   0x00000002   PAD
    0x0800212c   0x0800212c   0x00000084   Code   RO         5588    CL$$btod_e2d        c_w.l(btod.o)
    0x080021b0   0x080021b0   0x000000dc   Code   RO         5587    CL$$btod_e2e        c_w.l(btod.o)
    0x0800228c   0x0800228c   0x0000002a   Code   RO         5584    CL$$btod_ediv       c_w.l(btod.o)
    0x080022b6   0x080022b6   0x0000002a   Code   RO         5586    CL$$btod_edivd      c_w.l(btod.o)
    0x080022e0   0x080022e0   0x0000002a   Code   RO         5583    CL$$btod_emul       c_w.l(btod.o)
    0x0800230a   0x0800230a   0x0000002a   Code   RO         5585    CL$$btod_emuld      c_w.l(btod.o)
    0x08002334   0x08002334   0x00000244   Code   RO         5589    CL$$btod_mult_common  c_w.l(btod.o)
    0x08002578   0x08002578   0x00000002   Code   RO          501    i.BusFault_Handler  stm32f1xx_it.o
    0x0800257a   0x0800257a   0x00000002   PAD
    0x0800257c   0x0800257c   0x0000000c   Code   RO          502    i.DMA1_Channel4_IRQHandler  stm32f1xx_it.o
    0x08002588   0x08002588   0x0000000c   Code   RO          503    i.DMA1_Channel5_IRQHandler  stm32f1xx_it.o
    0x08002594   0x08002594   0x0000002a   Code   RO         2041    i.DMA_SetConfig     stm32f1xx_hal_dma.o
    0x080025be   0x080025be   0x00000002   Code   RO          504    i.DebugMon_Handler  stm32f1xx_it.o
    0x080025c0   0x080025c0   0x00000004   Code   RO           13    i.Error_Handler     main.o
    0x080025c4   0x080025c4   0x00000014   Code   RO         5344    i.Get_Cur_Spead     encoder.o
    0x080025d8   0x080025d8   0x00000046   Code   RO         2042    i.HAL_DMA_Abort     stm32f1xx_hal_dma.o
    0x0800261e   0x0800261e   0x00000002   PAD
    0x08002620   0x08002620   0x00000098   Code   RO         2043    i.HAL_DMA_Abort_IT  stm32f1xx_hal_dma.o
    0x080026b8   0x080026b8   0x00000154   Code   RO         2047    i.HAL_DMA_IRQHandler  stm32f1xx_hal_dma.o
    0x0800280c   0x0800280c   0x0000005c   Code   RO         2048    i.HAL_DMA_Init      stm32f1xx_hal_dma.o
    0x08002868   0x08002868   0x00000070   Code   RO         2052    i.HAL_DMA_Start_IT  stm32f1xx_hal_dma.o
    0x080028d8   0x080028d8   0x00000024   Code   RO         1668    i.HAL_Delay         stm32f1xx_hal.o
    0x080028fc   0x080028fc   0x000001e0   Code   RO         1978    i.HAL_GPIO_Init     stm32f1xx_hal_gpio.o
    0x08002adc   0x08002adc   0x0000000a   Code   RO         1982    i.HAL_GPIO_WritePin  stm32f1xx_hal_gpio.o
    0x08002ae6   0x08002ae6   0x00000002   PAD
    0x08002ae8   0x08002ae8   0x0000000c   Code   RO         1672    i.HAL_GetTick       stm32f1xx_hal.o
    0x08002af4   0x08002af4   0x00000188   Code   RO         2649    i.HAL_I2C_Init      stm32f1xx_hal_i2c.o
    0x08002c7c   0x08002c7c   0x00000130   Code   RO         2670    i.HAL_I2C_Mem_Write  stm32f1xx_hal_i2c.o
    0x08002dac   0x08002dac   0x00000070   Code   RO          334    i.HAL_I2C_MspInit   i2c.o
    0x08002e1c   0x08002e1c   0x00000010   Code   RO         1678    i.HAL_IncTick       stm32f1xx_hal.o
    0x08002e2c   0x08002e2c   0x00000024   Code   RO         1679    i.HAL_Init          stm32f1xx_hal.o
    0x08002e50   0x08002e50   0x00000098   Code   RO          613    i.HAL_InitTick      stm32f1xx_hal_timebase_tim.o
    0x08002ee8   0x08002ee8   0x00000048   Code   RO          589    i.HAL_MspInit       stm32f1xx_hal_msp.o
    0x08002f30   0x08002f30   0x0000001a   Code   RO         2138    i.HAL_NVIC_EnableIRQ  stm32f1xx_hal_cortex.o
    0x08002f4a   0x08002f4a   0x00000002   PAD
    0x08002f4c   0x08002f4c   0x00000040   Code   RO         2144    i.HAL_NVIC_SetPriority  stm32f1xx_hal_cortex.o
    0x08002f8c   0x08002f8c   0x00000024   Code   RO         2145    i.HAL_NVIC_SetPriorityGrouping  stm32f1xx_hal_cortex.o
    0x08002fb0   0x08002fb0   0x0000012c   Code   RO         1836    i.HAL_RCC_ClockConfig  stm32f1xx_hal_rcc.o
    0x080030dc   0x080030dc   0x00000040   Code   RO         1840    i.HAL_RCC_GetClockConfig  stm32f1xx_hal_rcc.o
    0x0800311c   0x0800311c   0x00000020   Code   RO         1843    i.HAL_RCC_GetPCLK1Freq  stm32f1xx_hal_rcc.o
    0x0800313c   0x0800313c   0x00000020   Code   RO         1844    i.HAL_RCC_GetPCLK2Freq  stm32f1xx_hal_rcc.o
    0x0800315c   0x0800315c   0x0000004c   Code   RO         1845    i.HAL_RCC_GetSysClockFreq  stm32f1xx_hal_rcc.o
    0x080031a8   0x080031a8   0x00000320   Code   RO         1848    i.HAL_RCC_OscConfig  stm32f1xx_hal_rcc.o
    0x080034c8   0x080034c8   0x00000002   Code   RO         1394    i.HAL_TIMEx_BreakCallback  stm32f1xx_hal_tim_ex.o
    0x080034ca   0x080034ca   0x00000002   Code   RO         1395    i.HAL_TIMEx_CommutCallback  stm32f1xx_hal_tim_ex.o
    0x080034cc   0x080034cc   0x00000068   Code   RO         1413    i.HAL_TIMEx_MasterConfigSynchronization  stm32f1xx_hal_tim_ex.o
    0x08003534   0x08003534   0x0000005a   Code   RO          690    i.HAL_TIM_Base_Init  stm32f1xx_hal_tim.o
    0x0800358e   0x0800358e   0x00000002   PAD
    0x08003590   0x08003590   0x0000003c   Code   RO          376    i.HAL_TIM_Base_MspInit  tim.o
    0x080035cc   0x080035cc   0x00000058   Code   RO          695    i.HAL_TIM_Base_Start_IT  stm32f1xx_hal_tim.o
    0x08003624   0x08003624   0x000000dc   Code   RO          699    i.HAL_TIM_ConfigClockSource  stm32f1xx_hal_tim.o
    0x08003700   0x08003700   0x000000a4   Code   RO          711    i.HAL_TIM_Encoder_Init  stm32f1xx_hal_tim.o
    0x080037a4   0x080037a4   0x00000054   Code   RO          378    i.HAL_TIM_Encoder_MspInit  tim.o
    0x080037f8   0x080037f8   0x0000008e   Code   RO          714    i.HAL_TIM_Encoder_Start  stm32f1xx_hal_tim.o
    0x08003886   0x08003886   0x00000002   Code   RO          724    i.HAL_TIM_IC_CaptureCallback  stm32f1xx_hal_tim.o
    0x08003888   0x08003888   0x00000130   Code   RO          738    i.HAL_TIM_IRQHandler  stm32f1xx_hal_tim.o
    0x080039b8   0x080039b8   0x00000048   Code   RO          379    i.HAL_TIM_MspPostInit  tim.o
    0x08003a00   0x08003a00   0x00000002   Code   RO          741    i.HAL_TIM_OC_DelayElapsedCallback  stm32f1xx_hal_tim.o
    0x08003a02   0x08003a02   0x000000cc   Code   RO          762    i.HAL_TIM_PWM_ConfigChannel  stm32f1xx_hal_tim.o
    0x08003ace   0x08003ace   0x0000005a   Code   RO          765    i.HAL_TIM_PWM_Init  stm32f1xx_hal_tim.o
    0x08003b28   0x08003b28   0x00000024   Code   RO          381    i.HAL_TIM_PWM_MspInit  tim.o
    0x08003b4c   0x08003b4c   0x00000002   Code   RO          768    i.HAL_TIM_PWM_PulseFinishedCallback  stm32f1xx_hal_tim.o
    0x08003b4e   0x08003b4e   0x00000002   PAD
    0x08003b50   0x08003b50   0x0000009c   Code   RO          770    i.HAL_TIM_PWM_Start  stm32f1xx_hal_tim.o
    0x08003bec   0x08003bec   0x000000ac   Code   RO          215    i.HAL_TIM_PeriodElapsedCallback  freertos.o
    0x08003c98   0x08003c98   0x00000002   Code   RO          781    i.HAL_TIM_TriggerCallback  stm32f1xx_hal_tim.o
    0x08003c9a   0x08003c9a   0x0000004a   Code   RO         3085    i.HAL_UARTEx_ReceiveToIdle_DMA  stm32f1xx_hal_uart.o
    0x08003ce4   0x08003ce4   0x0000002c   Code   RO          216    i.HAL_UARTEx_RxEventCallback  freertos.o
    0x08003d10   0x08003d10   0x00000002   Code   RO         3101    i.HAL_UART_ErrorCallback  stm32f1xx_hal_uart.o
    0x08003d12   0x08003d12   0x00000002   PAD
    0x08003d14   0x08003d14   0x0000026c   Code   RO         3104    i.HAL_UART_IRQHandler  stm32f1xx_hal_uart.o
    0x08003f80   0x08003f80   0x00000064   Code   RO         3105    i.HAL_UART_Init     stm32f1xx_hal_uart.o
    0x08003fe4   0x08003fe4   0x000000dc   Code   RO          460    i.HAL_UART_MspInit  usart.o
    0x080040c0   0x080040c0   0x00000002   Code   RO         3111    i.HAL_UART_RxCpltCallback  stm32f1xx_hal_uart.o
    0x080040c2   0x080040c2   0x00000002   Code   RO         3112    i.HAL_UART_RxHalfCpltCallback  stm32f1xx_hal_uart.o
    0x080040c4   0x080040c4   0x00000078   Code   RO         3114    i.HAL_UART_Transmit_DMA  stm32f1xx_hal_uart.o
    0x0800413c   0x0800413c   0x00000002   Code   RO         3116    i.HAL_UART_TxCpltCallback  stm32f1xx_hal_uart.o
    0x0800413e   0x0800413e   0x00000002   Code   RO         3117    i.HAL_UART_TxHalfCpltCallback  stm32f1xx_hal_uart.o
    0x08004140   0x08004140   0x00000002   Code   RO          505    i.HardFault_Handler  stm32f1xx_it.o
    0x08004142   0x08004142   0x0000002e   Code   RO         2692    i.I2C_IsAcknowledgeFailed  stm32f1xx_hal_i2c.o
    0x08004170   0x08004170   0x000000a8   Code   RO         2703    i.I2C_RequestMemoryWrite  stm32f1xx_hal_i2c.o
    0x08004218   0x08004218   0x00000056   Code   RO         2707    i.I2C_WaitOnBTFFlagUntilTimeout  stm32f1xx_hal_i2c.o
    0x0800426e   0x0800426e   0x00000002   PAD
    0x08004270   0x08004270   0x00000090   Code   RO         2708    i.I2C_WaitOnFlagUntilTimeout  stm32f1xx_hal_i2c.o
    0x08004300   0x08004300   0x000000bc   Code   RO         2709    i.I2C_WaitOnMasterAddressFlagUntilTimeout  stm32f1xx_hal_i2c.o
    0x080043bc   0x080043bc   0x00000056   Code   RO         2711    i.I2C_WaitOnTXEFlagUntilTimeout  stm32f1xx_hal_i2c.o
    0x08004412   0x08004412   0x00000002   PAD
    0x08004414   0x08004414   0x0000003c   Code   RO          309    i.MX_DMA_Init       dma.o
    0x08004450   0x08004450   0x0000009c   Code   RO          217    i.MX_FREERTOS_Init  freertos.o
    0x080044ec   0x080044ec   0x00000080   Code   RO          191    i.MX_GPIO_Init      gpio.o
    0x0800456c   0x0800456c   0x00000040   Code   RO          335    i.MX_I2C1_Init      i2c.o
    0x080045ac   0x080045ac   0x0000006c   Code   RO          382    i.MX_TIM1_Init      tim.o
    0x08004618   0x08004618   0x0000006c   Code   RO          383    i.MX_TIM2_Init      tim.o
    0x08004684   0x08004684   0x00000070   Code   RO          384    i.MX_TIM3_Init      tim.o
    0x080046f4   0x080046f4   0x00000038   Code   RO          461    i.MX_USART1_UART_Init  usart.o
    0x0800472c   0x0800472c   0x00000002   Code   RO          506    i.MemManage_Handler  stm32f1xx_it.o
    0x0800472e   0x0800472e   0x00000002   Code   RO          507    i.NMI_Handler       stm32f1xx_it.o
    0x08004730   0x08004730   0x000000c4   Code   RO          218    i.OLED              freertos.o
    0x080047f4   0x080047f4   0x00000006   Code   RO         5234    i.OLED_CLS          screen.o
    0x080047fa   0x080047fa   0x00000002   PAD
    0x080047fc   0x080047fc   0x00000038   Code   RO         5235    i.OLED_Fill         screen.o
    0x08004834   0x08004834   0x000000b4   Code   RO         5236    i.OLED_Init         screen.o
    0x080048e8   0x080048e8   0x00000018   Code   RO         5238    i.OLED_ON           screen.o
    0x08004900   0x08004900   0x00000026   Code   RO         5239    i.OLED_SetPos       screen.o
    0x08004926   0x08004926   0x00000002   PAD
    0x08004928   0x08004928   0x0000004c   Code   RO         5240    i.OLED_ShowChar     screen.o
    0x08004974   0x08004974   0x0000002c   Code   RO         5241    i.OLED_ShowString   screen.o
    0x080049a0   0x080049a0   0x00000078   Code   RO         5395    i.PID               pid.o
    0x08004a18   0x08004a18   0x00000040   Code   RO         5368    i.PWM_SET           motor.o
    0x08004a58   0x08004a58   0x00000008   Code   RO          219    i.StartDefaultTask  freertos.o
    0x08004a60   0x08004a60   0x0000001a   Code   RO         4586    i.SysTick_Handler   cmsis_os2.o
    0x08004a7a   0x08004a7a   0x0000005e   Code   RO           14    i.SystemClock_Config  main.o
    0x08004ad8   0x08004ad8   0x00000002   Code   RO         3439    i.SystemInit        system_stm32f1xx.o
    0x08004ada   0x08004ada   0x00000002   PAD
    0x08004adc   0x08004adc   0x0000000c   Code   RO          508    i.TIM1_UP_IRQHandler  stm32f1xx_it.o
    0x08004ae8   0x08004ae8   0x0000000c   Code   RO          509    i.TIM4_IRQHandler   stm32f1xx_it.o
    0x08004af4   0x08004af4   0x00000078   Code   RO          783    i.TIM_Base_SetConfig  stm32f1xx_hal_tim.o
    0x08004b6c   0x08004b6c   0x0000001a   Code   RO          784    i.TIM_CCxChannelCmd  stm32f1xx_hal_tim.o
    0x08004b86   0x08004b86   0x00000014   Code   RO          794    i.TIM_ETR_SetConfig  stm32f1xx_hal_tim.o
    0x08004b9a   0x08004b9a   0x00000010   Code   RO          795    i.TIM_ITRx_SetConfig  stm32f1xx_hal_tim.o
    0x08004baa   0x08004baa   0x00000002   PAD
    0x08004bac   0x08004bac   0x00000050   Code   RO          796    i.TIM_OC1_SetConfig  stm32f1xx_hal_tim.o
    0x08004bfc   0x08004bfc   0x00000058   Code   RO          797    i.TIM_OC2_SetConfig  stm32f1xx_hal_tim.o
    0x08004c54   0x08004c54   0x00000058   Code   RO          798    i.TIM_OC3_SetConfig  stm32f1xx_hal_tim.o
    0x08004cac   0x08004cac   0x00000044   Code   RO          799    i.TIM_OC4_SetConfig  stm32f1xx_hal_tim.o
    0x08004cf0   0x08004cf0   0x00000022   Code   RO          801    i.TIM_TI1_ConfigInputStage  stm32f1xx_hal_tim.o
    0x08004d12   0x08004d12   0x00000024   Code   RO          803    i.TIM_TI2_ConfigInputStage  stm32f1xx_hal_tim.o
    0x08004d36   0x08004d36   0x00000010   Code   RO         3118    i.UART_DMAAbortOnError  stm32f1xx_hal_uart.o
    0x08004d46   0x08004d46   0x0000004a   Code   RO         3119    i.UART_DMAError     stm32f1xx_hal_uart.o
    0x08004d90   0x08004d90   0x00000086   Code   RO         3120    i.UART_DMAReceiveCplt  stm32f1xx_hal_uart.o
    0x08004e16   0x08004e16   0x0000001e   Code   RO         3122    i.UART_DMARxHalfCplt  stm32f1xx_hal_uart.o
    0x08004e34   0x08004e34   0x00000042   Code   RO         3124    i.UART_DMATransmitCplt  stm32f1xx_hal_uart.o
    0x08004e76   0x08004e76   0x0000000a   Code   RO         3126    i.UART_DMATxHalfCplt  stm32f1xx_hal_uart.o
    0x08004e80   0x08004e80   0x0000004e   Code   RO         3128    i.UART_EndRxTransfer  stm32f1xx_hal_uart.o
    0x08004ece   0x08004ece   0x0000001c   Code   RO         3129    i.UART_EndTxTransfer  stm32f1xx_hal_uart.o
    0x08004eea   0x08004eea   0x000000c2   Code   RO         3130    i.UART_Receive_IT   stm32f1xx_hal_uart.o
    0x08004fac   0x08004fac   0x000000b8   Code   RO         3131    i.UART_SetConfig    stm32f1xx_hal_uart.o
    0x08005064   0x08005064   0x00000090   Code   RO         3132    i.UART_Start_Receive_DMA  stm32f1xx_hal_uart.o
    0x080050f4   0x080050f4   0x0000000c   Code   RO          510    i.USART1_IRQHandler  stm32f1xx_it.o
    0x08005100   0x08005100   0x00000002   Code   RO          511    i.UsageFault_Handler  stm32f1xx_it.o
    0x08005102   0x08005102   0x00000002   PAD
    0x08005104   0x08005104   0x00000024   Code   RO         5242    i.WriteCmd          screen.o
    0x08005128   0x08005128   0x00000024   Code   RO         5243    i.WriteDat          screen.o
    0x0800514c   0x0800514c   0x00000028   Code   RO         5617    i.__ARM_fpclassify  m_ws.l(fpclassify.o)
    0x08005174   0x08005174   0x00000020   Code   RO         2151    i.__NVIC_SetPriority  stm32f1xx_hal_cortex.o
    0x08005194   0x08005194   0x0000000e   Code   RO         5747    i.__mathlib_dbl_overflow  m_ws.l(dunder.o)
    0x080051a2   0x080051a2   0x00000002   PAD
    0x080051a4   0x080051a4   0x00000010   Code   RO         5749    i.__mathlib_dbl_underflow  m_ws.l(dunder.o)
    0x080051b4   0x080051b4   0x00000010   Code   RO         5619    i.__mathlib_narrow  m_ws.l(narrow.o)
    0x080051c4   0x080051c4   0x000000bc   Code   RO         5620    i.__mathlib_tofloat  m_ws.l(narrow.o)
    0x08005280   0x08005280   0x00000016   Code   RO         5719    i.__support_ldexp   m_ws.l(ldexp.o)
    0x08005296   0x08005296   0x0000000e   Code   RO         5444    i._is_digit         c_w.l(__printf_wp.o)
    0x080052a4   0x080052a4   0x00000060   Code   RO          220    i.command_process   freertos.o
    0x08005304   0x08005304   0x0000000c   Code   RO         5396    i.denormalize_PWM   pid.o
    0x08005310   0x08005310   0x00000040   Code   RO         5369    i.direct            motor.o
    0x08005350   0x08005350   0x00000058   Code   RO         5696    i.frexp             m_ws.l(frexp.o)
    0x080053a8   0x080053a8   0x00000074   Code   RO         5720    i.ldexp             m_ws.l(ldexp.o)
    0x0800541c   0x0800541c   0x00000032   Code   RO           15    i.main              main.o
    0x0800544e   0x0800544e   0x00000002   PAD
    0x08005450   0x08005450   0x0000000c   Code   RO         5397    i.normalize_motor   pid.o
    0x0800545c   0x0800545c   0x0000001a   Code   RO         4588    i.osDelay           cmsis_os2.o
    0x08005476   0x08005476   0x00000002   PAD
    0x08005478   0x08005478   0x00000024   Code   RO         4602    i.osKernelInitialize  cmsis_os2.o
    0x0800549c   0x0800549c   0x00000038   Code   RO         4605    i.osKernelStart     cmsis_os2.o
    0x080054d4   0x080054d4   0x0000008a   Code   RO         4647    i.osThreadNew       cmsis_os2.o
    0x0800555e   0x0800555e   0x00000002   PAD
    0x08005560   0x08005560   0x0000005c   Code   RO         4047    i.prvAddCurrentTaskToDelayedList  tasks.o
    0x080055bc   0x080055bc   0x000000d0   Code   RO         4048    i.prvAddNewTaskToReadyList  tasks.o
    0x0800568c   0x0800568c   0x00000058   Code   RO         4412    i.prvCheckForValidListAndQueue  timers.o
    0x080056e4   0x080056e4   0x00000026   Code   RO         3644    i.prvCopyDataFromQueue  queue.o
    0x0800570a   0x0800570a   0x0000006c   Code   RO         3645    i.prvCopyDataToQueue  queue.o
    0x08005776   0x08005776   0x00000034   Code   RO         4049    i.prvDeleteTCB      tasks.o
    0x080057aa   0x080057aa   0x00000002   PAD
    0x080057ac   0x080057ac   0x0000004c   Code   RO         5099    i.prvHeapInit       heap_4.o
    0x080057f8   0x080057f8   0x00000060   Code   RO         4050    i.prvIdleTask       tasks.o
    0x08005858   0x08005858   0x00000022   Code   RO         3647    i.prvInitialiseNewQueue  queue.o
    0x0800587a   0x0800587a   0x00000002   PAD
    0x0800587c   0x0800587c   0x000000b0   Code   RO         4051    i.prvInitialiseNewTask  tasks.o
    0x0800592c   0x0800592c   0x0000004c   Code   RO         5100    i.prvInsertBlockIntoFreeList  heap_4.o
    0x08005978   0x08005978   0x00000038   Code   RO         4414    i.prvInsertTimerInActiveList  timers.o
    0x080059b0   0x080059b0   0x0000001c   Code   RO         3648    i.prvIsQueueEmpty   queue.o
    0x080059cc   0x080059cc   0x000000fc   Code   RO         4415    i.prvProcessReceivedCommands  timers.o
    0x08005ac8   0x08005ac8   0x000000c0   Code   RO         4416    i.prvProcessTimerOrBlockTask  timers.o
    0x08005b88   0x08005b88   0x00000020   Code   RO         4053    i.prvResetNextTaskUnblockTime  tasks.o
    0x08005ba8   0x08005ba8   0x00000028   Code   RO         4417    i.prvSampleTimeNow  timers.o
    0x08005bd0   0x08005bd0   0x0000006c   Code   RO         4418    i.prvSwitchTimerLists  timers.o
    0x08005c3c   0x08005c3c   0x00000028   Code   RO         5155    i.prvTaskExitError  port.o
    0x08005c64   0x08005c64   0x00000024   Code   RO         4419    i.prvTimerTask      timers.o
    0x08005c88   0x08005c88   0x0000006a   Code   RO         3649    i.prvUnlockQueue    queue.o
    0x08005cf2   0x08005cf2   0x00000002   PAD
    0x08005cf4   0x08005cf4   0x000000dc   Code   RO         5101    i.pvPortMalloc      heap_4.o
    0x08005dd0   0x08005dd0   0x00000024   Code   RO         5156    i.pxPortInitialiseStack  port.o
    0x08005df4   0x08005df4   0x00000026   Code   RO         3604    i.uxListRemove      list.o
    0x08005e1a   0x08005e1a   0x00000002   PAD
    0x08005e1c   0x08005e1c   0x00000014   Code   RO         4659    i.vApplicationGetIdleTaskMemory  cmsis_os2.o
    0x08005e30   0x08005e30   0x00000018   Code   RO         4660    i.vApplicationGetTimerTaskMemory  cmsis_os2.o
    0x08005e48   0x08005e48   0x00000016   Code   RO         3605    i.vListInitialise   list.o
    0x08005e5e   0x08005e5e   0x00000006   Code   RO         3606    i.vListInitialiseItem  list.o
    0x08005e64   0x08005e64   0x00000030   Code   RO         3607    i.vListInsert       list.o
    0x08005e94   0x08005e94   0x00000018   Code   RO         3608    i.vListInsertEnd    list.o
    0x08005eac   0x08005eac   0x00000040   Code   RO         5158    i.vPortEnterCritical  port.o
    0x08005eec   0x08005eec   0x00000028   Code   RO         5159    i.vPortExitCritical  port.o
    0x08005f14   0x08005f14   0x00000064   Code   RO         5102    i.vPortFree         heap_4.o
    0x08005f78   0x08005f78   0x00000024   Code   RO         5160    i.vPortSetupTimerInterrupt  port.o
    0x08005f9c   0x08005f9c   0x00000054   Code   RO         5161    i.vPortValidateInterruptPriority  port.o
    0x08005ff0   0x08005ff0   0x00000028   Code   RO         3655    i.vQueueAddToRegistry  queue.o
    0x08006018   0x08006018   0x00000044   Code   RO         3659    i.vQueueWaitForMessageRestricted  queue.o
    0x0800605c   0x0800605c   0x0000004c   Code   RO         4066    i.vTaskDelay        tasks.o
    0x080060a8   0x080060a8   0x00000010   Code   RO         4071    i.vTaskInternalSetTimeOutState  tasks.o
    0x080060b8   0x080060b8   0x0000000c   Code   RO         4072    i.vTaskMissedYield  tasks.o
    0x080060c4   0x080060c4   0x00000030   Code   RO         4074    i.vTaskPlaceOnEventList  tasks.o
    0x080060f4   0x080060f4   0x00000038   Code   RO         4075    i.vTaskPlaceOnEventListRestricted  tasks.o
    0x0800612c   0x0800612c   0x00000088   Code   RO         4083    i.vTaskStartScheduler  tasks.o
    0x080061b4   0x080061b4   0x00000010   Code   RO         4085    i.vTaskSuspendAll   tasks.o
    0x080061c4   0x080061c4   0x00000064   Code   RO         4086    i.vTaskSwitchContext  tasks.o
    0x08006228   0x08006228   0x000000a8   Code   RO         5162    i.xPortStartScheduler  port.o
    0x080062d0   0x080062d0   0x0000002c   Code   RO         5163    i.xPortSysTickHandler  port.o
    0x080062fc   0x080062fc   0x00000066   Code   RO         3665    i.xQueueGenericCreateStatic  queue.o
    0x08006362   0x08006362   0x00000002   PAD
    0x08006364   0x08006364   0x00000088   Code   RO         3666    i.xQueueGenericReset  queue.o
    0x080063ec   0x080063ec   0x00000160   Code   RO         3667    i.xQueueGenericSend  queue.o
    0x0800654c   0x0800654c   0x000000be   Code   RO         3668    i.xQueueGenericSendFromISR  queue.o
    0x0800660a   0x0800660a   0x00000002   PAD
    0x0800660c   0x0800660c   0x00000138   Code   RO         3677    i.xQueueReceive     queue.o
    0x08006744   0x08006744   0x00000074   Code   RO         4088    i.xTaskCheckForTimeOut  tasks.o
    0x080067b8   0x080067b8   0x0000005a   Code   RO         4089    i.xTaskCreate       tasks.o
    0x08006812   0x08006812   0x00000056   Code   RO         4090    i.xTaskCreateStatic  tasks.o
    0x08006868   0x08006868   0x0000001c   Code   RO         4094    i.xTaskGetSchedulerState  tasks.o
    0x08006884   0x08006884   0x0000000c   Code   RO         4095    i.xTaskGetTickCount  tasks.o
    0x08006890   0x08006890   0x000000c8   Code   RO         4097    i.xTaskIncrementTick  tasks.o
    0x08006958   0x08006958   0x00000080   Code   RO         4100    i.xTaskPriorityDisinherit  tasks.o
    0x080069d8   0x080069d8   0x00000070   Code   RO         4102    i.xTaskRemoveFromEventList  tasks.o
    0x08006a48   0x08006a48   0x000000c4   Code   RO         4103    i.xTaskResumeAll    tasks.o
    0x08006b0c   0x08006b0c   0x00000060   Code   RO         4428    i.xTimerCreateTimerTask  timers.o
    0x08006b6c   0x08006b6c   0x00000068   Code   RO         4429    i.xTimerGenericCommand  timers.o
    0x08006bd4   0x08006bd4   0x0000002c   Code   RO         5603    locale$$code        c_w.l(lc_numeric_c.o)
    0x08006c00   0x08006c00   0x0000002c   Code   RO         5706    locale$$code        c_w.l(lc_ctype_c.o)
    0x08006c2c   0x08006c2c   0x00000062   Code   RO         5477    x$fpl$d2f           fz_ws.l(d2f.o)
    0x08006c8e   0x08006c8e   0x00000002   PAD
    0x08006c90   0x08006c90   0x00000150   Code   RO         5479    x$fpl$dadd          fz_ws.l(daddsub_clz.o)
    0x08006de0   0x08006de0   0x00000010   Code   RO         5741    x$fpl$dcheck1       fz_ws.l(dcheck1.o)
    0x08006df0   0x08006df0   0x00000018   Code   RO         5710    x$fpl$dcmpinf       fz_ws.l(dcmpi.o)
    0x08006e08   0x08006e08   0x00000078   Code   RO         5691    x$fpl$deqf          fz_ws.l(deqf.o)
    0x08006e80   0x08006e80   0x0000002e   Code   RO         5486    x$fpl$dflt          fz_ws.l(dflt_clz.o)
    0x08006eae   0x08006eae   0x00000002   PAD
    0x08006eb0   0x08006eb0   0x00000078   Code   RO         5712    x$fpl$dleqf         fz_ws.l(dleqf.o)
    0x08006f28   0x08006f28   0x00000154   Code   RO         5491    x$fpl$dmul          fz_ws.l(dmul.o)
    0x0800707c   0x0800707c   0x0000009c   Code   RO         5533    x$fpl$dnaninf       fz_ws.l(dnaninf.o)
    0x08007118   0x08007118   0x0000000c   Code   RO         5535    x$fpl$dretinf       fz_ws.l(dretinf.o)
    0x08007124   0x08007124   0x0000006c   Code   RO         5693    x$fpl$drleqf        fz_ws.l(drleqf.o)
    0x08007190   0x08007190   0x000001d4   Code   RO         5481    x$fpl$dsub          fz_ws.l(daddsub_clz.o)
    0x08007364   0x08007364   0x00000056   Code   RO         5493    x$fpl$f2d           fz_ws.l(f2d.o)
    0x080073ba   0x080073ba   0x00000002   PAD
    0x080073bc   0x080073bc   0x000000c4   Code   RO         5495    x$fpl$fadd          fz_ws.l(faddsub_clz.o)
    0x08007480   0x08007480   0x00000184   Code   RO         5502    x$fpl$fdiv          fz_ws.l(fdiv.o)
    0x08007604   0x08007604   0x00000036   Code   RO         5505    x$fpl$ffix          fz_ws.l(ffix.o)
    0x0800763a   0x0800763a   0x00000002   PAD
    0x0800763c   0x0800763c   0x00000102   Code   RO         5509    x$fpl$fmul          fz_ws.l(fmul.o)
    0x0800773e   0x0800773e   0x0000008c   Code   RO         5537    x$fpl$fnaninf       fz_ws.l(fnaninf.o)
    0x080077ca   0x080077ca   0x0000000a   Code   RO         5539    x$fpl$fretinf       fz_ws.l(fretinf.o)
    0x080077d4   0x080077d4   0x000000ea   Code   RO         5497    x$fpl$fsub          fz_ws.l(faddsub_clz.o)
    0x080078be   0x080078be   0x00000006   Code   RO         5609    x$fpl$ieeestatus    fz_ws.l(istatus.o)
    0x080078c4   0x080078c4   0x00000004   Code   RO         5511    x$fpl$printf1       fz_ws.l(printf1.o)
    0x080078c8   0x080078c8   0x00000064   Code   RO         5775    x$fpl$retnan        fz_ws.l(retnan.o)
    0x0800792c   0x0800792c   0x0000005c   Code   RO         5716    x$fpl$scalbn        fz_ws.l(scalbn.o)
    0x08007988   0x08007988   0x00000004   Code   RO         5513    x$fpl$scanf1        fz_ws.l(scanf1.o)
    0x0800798c   0x0800798c   0x00000008   Code   RO         5611    x$fpl$scanf2        fz_ws.l(scanf2.o)
    0x08007994   0x08007994   0x00000030   Code   RO         5802    x$fpl$trapveneer    fz_ws.l(trapv.o)
    0x080079c4   0x080079c4   0x00000000   Code   RO         5541    x$fpl$usenofp       fz_ws.l(usenofp.o)
    0x080079c4   0x080079c4   0x00000048   Data   RO          221    .constdata          freertos.o
    0x08007a0c   0x08007a0c   0x00000012   Data   RO         1849    .constdata          stm32f1xx_hal_rcc.o
    0x08007a1e   0x08007a1e   0x00000010   Data   RO         3440    .constdata          system_stm32f1xx.o
    0x08007a2e   0x08007a2e   0x00000008   Data   RO         3441    .constdata          system_stm32f1xx.o
    0x08007a36   0x08007a36   0x000005f0   Data   RO         5307    .constdata          fonts.o
    0x08008026   0x08008026   0x00000011   Data   RO         5447    .constdata          c_w.l(__printf_flags_wp.o)
    0x08008037   0x08008037   0x00000001   PAD
    0x08008038   0x08008038   0x00000094   Data   RO         5578    .constdata          c_w.l(bigflt0.o)
    0x080080cc   0x080080cc   0x00000014   Data   RO          222    .conststring        freertos.o
    0x080080e0   0x080080e0   0x00000020   Data   RO         5828    Region$$Table       anon$$obj.o
    0x08008100   0x08008100   0x00000008   Data   RO         5605    c$$dinf             fz_ws.l(fpconst.o)
    0x08008108   0x08008108   0x00000008   Data   RO         5608    c$$dmax             fz_ws.l(fpconst.o)
    0x08008110   0x08008110   0x0000001c   Data   RO         5602    locale$$data        c_w.l(lc_numeric_c.o)
    0x0800812c   0x0800812c   0x00000110   Data   RO         5705    locale$$data        c_w.l(lc_ctype_c.o)


    Execution Region RW_IRAM1 (Exec base: 0x20000000, Load base: 0x0800823c, Size: 0x00002268, Max: 0x00005000, ABSOLUTE)

    Exec Addr    Load Addr    Size         Type   Attr      Idx    E Section Name        Object

    0x20000000   0x0800823c   0x00000008   Data   RW          223    .data               freertos.o
    0x20000008   0x08008244   0x0000000c   Data   RW         1686    .data               stm32f1xx_hal.o
    0x20000014   0x08008250   0x00000004   Data   RW         3442    .data               system_stm32f1xx.o
    0x20000018   0x08008254   0x0000003c   Data   RW         4106    .data               tasks.o
    0x20000054   0x08008290   0x00000014   Data   RW         4437    .data               timers.o
    0x20000068   0x080082a4   0x00000004   Data   RW         4662    .data               cmsis_os2.o
    0x2000006c   0x080082a8   0x00000020   Data   RW         5108    .data               heap_4.o
    0x2000008c   0x080082c8   0x0000000c   Data   RW         5164    .data               port.o
    0x20000098   0x080082d4   0x00000004   Data   RW         5321    .data               data.o
    0x2000009c   0x080082d8   0x00000004   Data   RW         5322    .data               data.o
    0x200000a0   0x080082dc   0x00000004   Data   RW         5323    .data               data.o
    0x200000a4   0x080082e0   0x00000004   Data   RW         5324    .data               data.o
    0x200000a8   0x080082e4   0x00000001   Data   RW         5325    .data               data.o
    0x200000a9   0x080082e5   0x00000003   PAD
    0x200000ac   0x080082e8   0x00000004   Data   RW         5326    .data               data.o
    0x200000b0   0x080082ec   0x00000004   Data   RW         5327    .data               data.o
    0x200000b4   0x080082f0   0x00000004   Data   RW         5328    .data               data.o
    0x200000b8   0x080082f4   0x00000001   Data   RW         5329    .data               data.o
    0x200000b9   0x080082f5   0x00000003   PAD
    0x200000bc   0x080082f8   0x00000010   Data   RW         5398    .data               pid.o
    0x200000cc        -       0x00000054   Zero   RW          336    .bss                i2c.o
    0x20000120        -       0x000000d8   Zero   RW          385    .bss                tim.o
    0x200001f8        -       0x000000d0   Zero   RW          462    .bss                usart.o
    0x200002c8        -       0x00000048   Zero   RW          616    .bss                stm32f1xx_hal_timebase_tim.o
    0x20000310        -       0x00000040   Zero   RW         3681    .bss                queue.o
    0x20000350        -       0x000004c4   Zero   RW         4105    .bss                tasks.o
    0x20000814        -       0x00000118   Zero   RW         4436    .bss                timers.o
    0x2000092c        -       0x000006b8   Zero   RW         4661    .bss                cmsis_os2.o
    0x20000fe4        -       0x00000c00   Zero   RW         5107    .bss                heap_4.o
    0x20001be4        -       0x00000014   Zero   RW         5319    .bss                data.o
    0x20001bf8        -       0x0000000c   Zero   RW         5320    .bss                data.o
    0x20001c04        -       0x00000060   Zero   RW         5626    .bss                c_w.l(libspace.o)
    0x20001c64   0x08008308   0x00000004   PAD
    0x20001c68        -       0x00000200   Zero   RW            2    HEAP                startup_stm32f103xb.o
    0x20001e68        -       0x00000400   Zero   RW            1    STACK               startup_stm32f103xb.o


==============================================================================

Image component sizes


      Code (inc. data)   RO Data    RW Data    ZI Data      Debug   Object Name

       326         22          0          4       1720      58307   cmsis_os2.o
         0          0          0         30         32        804   data.o
        60          4          0          0          0        722   dma.o
        20          6          0          0          0        440   encoder.o
         0          0          0          0          0      19504   event_groups.o
         0          0       1520          0          0        463   fonts.o
       672        218         92          8          0       4258   freertos.o
       128          8          0          0          0        907   gpio.o
       472         24          0         32       3072       4631   heap_4.o
       176         30          0          0         84       1577   i2c.o
       138          0          0          0          0       3266   list.o
       148          0          0          0          0     445900   main.o
       128         18          0          0          0        999   motor.o
       144         34          0         16          0       1478   pid.o
       662         70          0         12          0      10477   port.o
      1514         20          0          0         64      16732   queue.o
       496         14          0          0          0       4911   screen.o
        64         26        236          0       1536        788   startup_stm32f103xb.o
       100         18          0         12          0       5094   stm32f1xx_hal.o
       158         14          0          0          0      28078   stm32f1xx_hal_cortex.o
       808         36          0          0          0       4838   stm32f1xx_hal_dma.o
       490         34          0          0          0       2824   stm32f1xx_hal_gpio.o
      1414         32          0          0          0       9187   stm32f1xx_hal_i2c.o
        72         10          0          0          0        826   stm32f1xx_hal_msp.o
      1304         94         18          0          0       5597   stm32f1xx_hal_rcc.o
      2042         56          0          0          0      17031   stm32f1xx_hal_tim.o
       108         12          0          0          0       2321   stm32f1xx_hal_tim_ex.o
       152         20          0          0         72       1415   stm32f1xx_hal_timebase_tim.o
      1882         38          0          0          0      14219   stm32f1xx_hal_uart.o
        72         30          0          0          0       4558   stm32f1xx_it.o
         0          0          0          0          0        384   stream_buffer.o
         2          0         24          4          0       1055   system_stm32f1xx.o
      2084        168          0         60       1220      25632   tasks.o
       580         62          0          0        216       4510   tim.o
       972         80          0         20        280      31679   timers.o
       276         30          0          0        208       1800   usart.o

    ----------------------------------------------------------------------
     17712       1228       1922        204       8504     737212   Object Totals
         0          0         32          0          0          0   (incl. Generated)
        48          0          0          6          0          0   (incl. Padding)

    ----------------------------------------------------------------------

      Code (inc. data)   RO Data    RW Data    ZI Data      Debug   Library Member Name

        60          8          0          0          0         84   __0sscanf.o
         8          0          0          0          0         68   __main.o
       312          4         17          0          0         92   __printf_flags_wp.o
        14          0          0          0          0         68   __printf_wp.o
         0          0          0          0          0          0   __rtentry.o
        12          0          0          0          0          0   __rtentry2.o
         6          0          0          0          0          0   __rtentry4.o
        52          8          0          0          0          0   __scatter.o
        26          0          0          0          0          0   __scatter_copy.o
        28          0          0          0          0          0   __scatter_zi.o
        28          0          0          0          0         68   _chval.o
        48          6          0          0          0         96   _printf_char_common.o
         6          0          0          0          0          0   _printf_d.o
       120         16          0          0          0         92   _printf_dec.o
         6          0          0          0          0          0   _printf_f.o
      1054          0          0          0          0        216   _printf_fp_dec.o
       128         16          0          0          0         84   _printf_fp_infnan.o
       178          0          0          0          0         88   _printf_intcommon.o
        78          0          0          0          0        108   _printf_pad.o
         0          0          0          0          0          0   _printf_percent.o
         4          0          0          0          0          0   _printf_percent_end.o
        22          0          0          0          0        100   _rserrno.o
       884          6          0          0          0        100   _scanf.o
       224          0          0          0          0         96   _scanf_str.o
        64          0          0          0          0         84   _sgetc.o
        10          0          0          0          0         68   _sputc.o
        16          0          0          0          0         68   aeabi_memset.o
       228          4        148          0          0         96   bigflt0.o
      2152        136          0          0          0        960   btod.o
        18          0          0          0          0         80   exit.o
         6          0          0          0          0        152   heapauxi.o
         0          0          0          0          0          0   indicate_semi.o
        18          0          0          0          0         76   isspace.o
        44         10        272          0          0         76   lc_ctype_c.o
        44         10         28          0          0         76   lc_numeric_c.o
         2          0          0          0          0          0   libinit.o
        30          0          0          0          0          0   libinit2.o
         2          0          0          0          0          0   libshutdown.o
         2          0          0          0          0          0   libshutdown2.o
         8          4          0          0         96         68   libspace.o
        38          0          0          0          0         68   llshl.o
       138          0          0          0          0         80   lludiv10.o
        40          6          0          0          0         84   noretval__2sprintf.o
        16          4          0          0          0         76   rt_ctype_table.o
         8          4          0          0          0         68   rt_errno_addr_intlibspace.o
         8          4          0          0          0         68   rt_locale_intlibspace.o
        68          0          0          0          0         68   rt_memclr.o
        78          0          0          0          0         80   rt_memclr_w.o
       138          0          0          0          0         68   rt_memcpy_v6.o
       100          0          0          0          0         80   rt_memcpy_w.o
         2          0          0          0          0          0   rtexit.o
        10          0          0          0          0          0   rtexit2.o
        44          8          0          0          0         84   scanf_char.o
      1272         16          0          0          0        168   scanf_fp.o
       800         14          0          0          0        100   scanf_hexfp.o
       308         16          0          0          0        100   scanf_infnan.o
       128          0          0          0          0         68   strcmpv7m.o
        12          4          0          0          0         68   sys_exit.o
        74          0          0          0          0         80   sys_stackheap_outer.o
         2          0          0          0          0         68   use_no_semi.o
        98          4          0          0          0         92   d2f.o
       804         16          0          0          0        272   daddsub_clz.o
        16          4          0          0          0         68   dcheck1.o
        24          0          0          0          0         68   dcmpi.o
       120          4          0          0          0         92   deqf.o
        46          0          0          0          0         68   dflt_clz.o
       120          4          0          0          0         92   dleqf.o
       340         12          0          0          0        104   dmul.o
       156          4          0          0          0         92   dnaninf.o
        12          0          0          0          0         68   dretinf.o
       108          0          0          0          0         80   drleqf.o
        86          4          0          0          0         84   f2d.o
       430          8          0          0          0        168   faddsub_clz.o
       388         76          0          0          0         96   fdiv.o
        54          4          0          0          0         84   ffix.o
       258          4          0          0          0         84   fmul.o
       140          4          0          0          0         84   fnaninf.o
         0          0         16          0          0          0   fpconst.o
        10          0          0          0          0         68   fretinf.o
         6          0          0          0          0         68   istatus.o
         4          0          0          0          0         68   printf1.o
       100          0          0          0          0         68   retnan.o
        92          0          0          0          0         68   scalbn.o
         4          0          0          0          0         68   scanf1.o
         8          0          0          0          0         84   scanf2.o
        48          0          0          0          0         68   trapv.o
         0          0          0          0          0          0   usenofp.o
        30          6          0          0          0        136   dunder.o
        40          0          0          0          0         68   fpclassify.o
        88          8          0          0          0         76   frexp.o
       138          0          0          0          0        160   ldexp.o
       204          4          0          0          0        168   narrow.o

    ----------------------------------------------------------------------
     13224        472        482          0        100       7504   Library Totals
        26          2          1          0          4          0   (incl. Padding)

    ----------------------------------------------------------------------

      Code (inc. data)   RO Data    RW Data    ZI Data      Debug   Library Name

      9226        304        465          0         96       4640   c_w.l
      3472        148         16          0          0       2256   fz_ws.l
       500         18          0          0          0        608   m_ws.l

    ----------------------------------------------------------------------
     13224        472        482          0        100       7504   Library Totals

    ----------------------------------------------------------------------

==============================================================================


      Code (inc. data)   RO Data    RW Data    ZI Data      Debug   

     30936       1700       2404        204       8604     730412   Grand Totals
     30936       1700       2404        204       8604     730412   ELF Image Totals
     30936       1700       2404        204          0          0   ROM Totals

==============================================================================

    Total RO  Size (Code + RO Data)                33340 (  32.56kB)
    Total RW  Size (RW Data + ZI Data)              8808 (   8.60kB)
    Total ROM Size (Code + RO Data + RW Data)      33544 (  32.76kB)

==============================================================================

